Archive member included to satisfy reference by file (symbol)

c:/users/polzovatel/appdata/roaming/gnu_mcu_eclipse/xpack-arm-none-eabi-gcc-10.2.1-1.1/bin/../lib/gcc/arm-none-eabi/10.2.1/../../../../arm-none-eabi/lib/thumb/v7-m/nofp\libc.a(lib_a-exit.o)
                              c:/users/polzovatel/appdata/roaming/gnu_mcu_eclipse/xpack-arm-none-eabi-gcc-10.2.1-1.1/bin/../lib/gcc/arm-none-eabi/10.2.1/../../../../arm-none-eabi/lib/thumb/v7-m/nofp/crt0.o (exit)
c:/users/polzovatel/appdata/roaming/gnu_mcu_eclipse/xpack-arm-none-eabi-gcc-10.2.1-1.1/bin/../lib/gcc/arm-none-eabi/10.2.1/../../../../arm-none-eabi/lib/thumb/v7-m/nofp\libc.a(lib_a-impure.o)
                              c:/users/polzovatel/appdata/roaming/gnu_mcu_eclipse/xpack-arm-none-eabi-gcc-10.2.1-1.1/bin/../lib/gcc/arm-none-eabi/10.2.1/../../../../arm-none-eabi/lib/thumb/v7-m/nofp\libc.a(lib_a-exit.o) (_global_impure_ptr)
c:/users/polzovatel/appdata/roaming/gnu_mcu_eclipse/xpack-arm-none-eabi-gcc-10.2.1-1.1/bin/../lib/gcc/arm-none-eabi/10.2.1/../../../../arm-none-eabi/lib/thumb/v7-m/nofp\libc.a(lib_a-init.o)
                              c:/users/polzovatel/appdata/roaming/gnu_mcu_eclipse/xpack-arm-none-eabi-gcc-10.2.1-1.1/bin/../lib/gcc/arm-none-eabi/10.2.1/../../../../arm-none-eabi/lib/thumb/v7-m/nofp/crt0.o (__libc_init_array)
c:/users/polzovatel/appdata/roaming/gnu_mcu_eclipse/xpack-arm-none-eabi-gcc-10.2.1-1.1/bin/../lib/gcc/arm-none-eabi/10.2.1/../../../../arm-none-eabi/lib/thumb/v7-m/nofp\libc.a(lib_a-memset.o)
                              c:/users/polzovatel/appdata/roaming/gnu_mcu_eclipse/xpack-arm-none-eabi-gcc-10.2.1-1.1/bin/../lib/gcc/arm-none-eabi/10.2.1/../../../../arm-none-eabi/lib/thumb/v7-m/nofp/crt0.o (memset)
c:/users/polzovatel/appdata/roaming/gnu_mcu_eclipse/xpack-arm-none-eabi-gcc-10.2.1-1.1/bin/../lib/gcc/arm-none-eabi/10.2.1/../../../../arm-none-eabi/lib/thumb/v7-m/nofp\libc.a(lib_a-sprintf.o)
                              build/ESP_DATA_HANDLER.o (sprintf)
c:/users/polzovatel/appdata/roaming/gnu_mcu_eclipse/xpack-arm-none-eabi-gcc-10.2.1-1.1/bin/../lib/gcc/arm-none-eabi/10.2.1/../../../../arm-none-eabi/lib/thumb/v7-m/nofp\libc.a(lib_a-strcat.o)
                              build/ESP_DATA_HANDLER.o (strcat)
c:/users/polzovatel/appdata/roaming/gnu_mcu_eclipse/xpack-arm-none-eabi-gcc-10.2.1-1.1/bin/../lib/gcc/arm-none-eabi/10.2.1/../../../../arm-none-eabi/lib/thumb/v7-m/nofp\libc.a(lib_a-strcmp.o)
                              build/ESP_DATA_HANDLER.o (strcmp)
c:/users/polzovatel/appdata/roaming/gnu_mcu_eclipse/xpack-arm-none-eabi-gcc-10.2.1-1.1/bin/../lib/gcc/arm-none-eabi/10.2.1/../../../../arm-none-eabi/lib/thumb/v7-m/nofp\libc.a(lib_a-strcpy.o)
                              c:/users/polzovatel/appdata/roaming/gnu_mcu_eclipse/xpack-arm-none-eabi-gcc-10.2.1-1.1/bin/../lib/gcc/arm-none-eabi/10.2.1/../../../../arm-none-eabi/lib/thumb/v7-m/nofp\libc.a(lib_a-strcat.o) (strcpy)
c:/users/polzovatel/appdata/roaming/gnu_mcu_eclipse/xpack-arm-none-eabi-gcc-10.2.1-1.1/bin/../lib/gcc/arm-none-eabi/10.2.1/../../../../arm-none-eabi/lib/thumb/v7-m/nofp\libc.a(lib_a-strlen-stub.o)
                              build/UartRingbuffer.o (strlen)
c:/users/polzovatel/appdata/roaming/gnu_mcu_eclipse/xpack-arm-none-eabi-gcc-10.2.1-1.1/bin/../lib/gcc/arm-none-eabi/10.2.1/../../../../arm-none-eabi/lib/thumb/v7-m/nofp\libc.a(lib_a-svfprintf.o)
                              c:/users/polzovatel/appdata/roaming/gnu_mcu_eclipse/xpack-arm-none-eabi-gcc-10.2.1-1.1/bin/../lib/gcc/arm-none-eabi/10.2.1/../../../../arm-none-eabi/lib/thumb/v7-m/nofp\libc.a(lib_a-sprintf.o) (_svfprintf_r)
c:/users/polzovatel/appdata/roaming/gnu_mcu_eclipse/xpack-arm-none-eabi-gcc-10.2.1-1.1/bin/../lib/gcc/arm-none-eabi/10.2.1/../../../../arm-none-eabi/lib/thumb/v7-m/nofp\libc.a(lib_a-__call_atexit.o)
                              c:/users/polzovatel/appdata/roaming/gnu_mcu_eclipse/xpack-arm-none-eabi-gcc-10.2.1-1.1/bin/../lib/gcc/arm-none-eabi/10.2.1/../../../../arm-none-eabi/lib/thumb/v7-m/nofp\libc.a(lib_a-exit.o) (__call_exitprocs)
c:/users/polzovatel/appdata/roaming/gnu_mcu_eclipse/xpack-arm-none-eabi-gcc-10.2.1-1.1/bin/../lib/gcc/arm-none-eabi/10.2.1/../../../../arm-none-eabi/lib/thumb/v7-m/nofp\libc.a(lib_a-dtoa.o)
                              c:/users/polzovatel/appdata/roaming/gnu_mcu_eclipse/xpack-arm-none-eabi-gcc-10.2.1-1.1/bin/../lib/gcc/arm-none-eabi/10.2.1/../../../../arm-none-eabi/lib/thumb/v7-m/nofp\libc.a(lib_a-svfprintf.o) (_dtoa_r)
c:/users/polzovatel/appdata/roaming/gnu_mcu_eclipse/xpack-arm-none-eabi-gcc-10.2.1-1.1/bin/../lib/gcc/arm-none-eabi/10.2.1/../../../../arm-none-eabi/lib/thumb/v7-m/nofp\libc.a(lib_a-fini.o)
                              c:/users/polzovatel/appdata/roaming/gnu_mcu_eclipse/xpack-arm-none-eabi-gcc-10.2.1-1.1/bin/../lib/gcc/arm-none-eabi/10.2.1/../../../../arm-none-eabi/lib/thumb/v7-m/nofp\libc.a(lib_a-__call_atexit.o) (__libc_fini_array)
[...]
Memory Configuration

Name             Origin             Length             Attributes
RAM              0x0000000020000000 0x0000000000005000 xrw
FLASH            0x0000000008000000 0x0000000000010000 xr
*default*        0x0000000000000000 0xffffffffffffffff

Linker script and memory map

LOAD c:/users/polzovatel/appdata/roaming/gnu_mcu_eclipse/xpack-arm-none-eabi-gcc-10.2.1-1.1/bin/../lib/gcc/arm-none-eabi/10.2.1/thumb/v7-m/nofp/crti.o
LOAD c:/users/polzovatel/appdata/roaming/gnu_mcu_eclipse/xpack-arm-none-eabi-gcc-10.2.1-1.1/bin/../lib/gcc/arm-none-eabi/10.2.1/thumb/v7-m/nofp/crtbegin.o
LOAD c:/users/polzovatel/appdata/roaming/gnu_mcu_eclipse/xpack-arm-none-eabi-gcc-10.2.1-1.1/bin/../lib/gcc/arm-none-eabi/10.2.1/../../../../arm-none-eabi/lib/thumb/v7-m/nofp/crt0.o
LOAD build/UartRingbuffer.o
LOAD build/ESP_DATA_HANDLER.o
LOAD build/stm32f1xx_hal_msp.o
LOAD build/stm32f1xx_hal_gpio_ex.o
LOAD build/stm32f1xx_hal_tim.o
LOAD build/stm32f1xx_hal_tim_ex.o
LOAD build/stm32f1xx_hal_uart.o
LOAD build/stm32f1xx_hal.o
LOAD build/stm32f1xx_hal_rcc.o
LOAD build/stm32f1xx_hal_rcc_ex.o
LOAD build/stm32f1xx_hal_gpio.o
LOAD build/stm32f1xx_hal_dma.o
LOAD build/stm32f1xx_hal_cortex.o
LOAD build/stm32f1xx_hal_pwr.o
LOAD build/stm32f1xx_hal_flash.o
LOAD build/stm32f1xx_hal_flash_ex.o
LOAD build/stm32f1xx_hal_exti.o
LOAD build/system_stm32f1xx.o
LOAD build/main.o
LOAD build/stm32f1xx_it.o
LOAD build/startup_stm32f103xb.o
LOAD c:/users/polzovatel/appdata/roaming/gnu_mcu_eclipse/xpack-arm-none-eabi-gcc-10.2.1-1.1/bin/../lib/gcc/arm-none-eabi/10.2.1/../../../../arm-none-eabi/lib/thumb/v7-m/nofp\libnosys.a
LOAD c:/users/polzovatel/appdata/roaming/gnu_mcu_eclipse/xpack-arm-none-eabi-gcc-10.2.1-1.1/bin/../lib/gcc/arm-none-eabi/10.2.1/../../../../arm-none-eabi/lib/thumb/v7-m/nofp\libstdc++.a
LOAD c:/users/polzovatel/appdata/roaming/gnu_mcu_eclipse/xpack-arm-none-eabi-gcc-10.2.1-1.1/bin/../lib/gcc/arm-none-eabi/10.2.1/../../../../arm-none-eabi/lib/thumb/v7-m/nofp\libm.a
LOAD c:/users/polzovatel/appdata/roaming/gnu_mcu_eclipse/xpack-arm-none-eabi-gcc-10.2.1-1.1/bin/../lib/gcc/arm-none-eabi/10.2.1/../../../../arm-none-eabi/lib/thumb/v7-m/nofp\libc.a
START GROUP
LOAD c:/users/polzovatel/appdata/roaming/gnu_mcu_eclipse/xpack-arm-none-eabi-gcc-10.2.1-1.1/bin/../lib/gcc/arm-none-eabi/10.2.1/thumb/v7-m/nofp\libgcc.a
LOAD c:/users/polzovatel/appdata/roaming/gnu_mcu_eclipse/xpack-arm-none-eabi-gcc-10.2.1-1.1/bin/../lib/gcc/arm-none-eabi/10.2.1/../../../../arm-none-eabi/lib/thumb/v7-m/nofp\libc.a
END GROUP
START GROUP
LOAD c:/users/polzovatel/appdata/roaming/gnu_mcu_eclipse/xpack-arm-none-eabi-gcc-10.2.1-1.1/bin/../lib/gcc/arm-none-eabi/10.2.1/thumb/v7-m/nofp\libgcc.a
LOAD c:/users/polzovatel/appdata/roaming/gnu_mcu_eclipse/xpack-arm-none-eabi-gcc-10.2.1-1.1/bin/../lib/gcc/arm-none-eabi/10.2.1/../../../../arm-none-eabi/lib/thumb/v7-m/nofp\libc.a
LOAD c:/users/polzovatel/appdata/roaming/gnu_mcu_eclipse/xpack-arm-none-eabi-gcc-10.2.1-1.1/bin/../lib/gcc/arm-none-eabi/10.2.1/../../../../arm-none-eabi/lib/thumb/v7-m/nofp\libnosys.a
END GROUP
LOAD c:/users/polzovatel/appdata/roaming/gnu_mcu_eclipse/xpack-arm-none-eabi-gcc-10.2.1-1.1/bin/../lib/gcc/arm-none-eabi/10.2.1/thumb/v7-m/nofp/crtend.o
LOAD c:/users/polzovatel/appdata/roaming/gnu_mcu_eclipse/xpack-arm-none-eabi-gcc-10.2.1-1.1/bin/../lib/gcc/arm-none-eabi/10.2.1/thumb/v7-m/nofp/crtn.o
                0x0000000020005000                _estack = 0x20005000
                0x0000000000000200                _Min_Heap_Size = 0x200
                0x0000000000000400                _Min_Stack_Size = 0x400

.isr_vector     0x0000000008000000      0x10c
                0x0000000008000000                . = ALIGN (0x4)
 *(.isr_vector)
 .isr_vector    0x0000000008000000      0x10c build/startup_stm32f103xb.o
                0x0000000008000000                g_pfnVectors
                0x000000000800010c                . = ALIGN (0x4)

.text           0x0000000008000110     0x93cc
                0x0000000008000110                . = ALIGN (0x4)
 *(.text)
 .text          0x0000000008000110      0x1bc c:/users/polzovatel/appdata/roaming/gnu_mcu_eclipse/xpack-arm-none-eabi-gcc-10.2.1-1.1/bin/../lib/gcc/arm-none-eabi/10.2.1/../../../../arm-none-eabi/lib/thumb/v7-m/nofp\libc.a(lib_a-strcmp.o)
                0x0000000008000110                strcmp
 .text          0x00000000080002cc       0xec c:/users/polzovatel/appdata/roaming/gnu_mcu_eclipse/xpack-arm-none-eabi-gcc-10.2.1-1.1/bin/../lib/gcc/arm-none-eabi/10.2.1/../../../../arm-none-eabi/lib/thumb/v7-m/nofp\libc.a(lib_a-memcpy.o)
                0x00000000080002cc                memcpy
 .text          0x00000000080003b8      0x378 c:/users/polzovatel/appdata/roaming/gnu_mcu_eclipse/xpack-arm-none-eabi-gcc-10.2.1-1.1/bin/../lib/gcc/arm-none-eabi/10.2.1/thumb/v7-m/nofp\libgcc.a(_arm_addsubdf3.o)
                0x00000000080003b8                __aeabi_drsub
                0x00000000080003c0                __aeabi_dsub
                0x00000000080003c0                __subdf3
                0x00000000080003c4                __aeabi_dadd
                0x00000000080003c4                __adddf3
                0x000000000800063c                __floatunsidf
                0x000000000800063c                __aeabi_ui2d
                0x000000000800065c                __floatsidf
                0x000000000800065c                __aeabi_i2d
                0x0000000008000680                __aeabi_f2d
                0x0000000008000680                __extendsfdf2
                0x00000000080006c4                __floatundidf
                0x00000000080006c4                __aeabi_ul2d
                0x00000000080006d4                __floatdidf
                0x00000000080006d4                __aeabi_l2d
 .text          0x0000000008000730      0x424 c:/users/polzovatel/appdata/roaming/gnu_mcu_eclipse/xpack-arm-none-eabi-gcc-10.2.1-1.1/bin/../lib/gcc/arm-none-eabi/10.2.1/thumb/v7-m/nofp\libgcc.a(_arm_muldivdf3.o)
                0x0000000008000730                __aeabi_dmul
                0x0000000008000730                __muldf3
                0x0000000008000984                __divdf3
                0x0000000008000984                __aeabi_ddiv
 .text          0x0000000008000b54      0x110 c:/users/polzovatel/appdata/roaming/gnu_mcu_eclipse/xpack-arm-none-eabi-gcc-10.2.1-1.1/bin/../lib/gcc/arm-none-eabi/10.2.1/thumb/v7-m/nofp\libgcc.a(_arm_cmpdf2.o)
                0x0000000008000b54                __gtdf2
                0x0000000008000b54                __gedf2
                0x0000000008000b5c                __ltdf2
                0x0000000008000b5c                __ledf2
                0x0000000008000b64                __nedf2
                0x0000000008000b64                __eqdf2
                0x0000000008000b64                __cmpdf2
                0x0000000008000be0                __aeabi_cdrcmple
                0x0000000008000bf0                __aeabi_cdcmpeq
                0x0000000008000bf0                __aeabi_cdcmple
                0x0000000008000c00                __aeabi_dcmpeq
                0x0000000008000c14                __aeabi_dcmplt
                0x0000000008000c28                __aeabi_dcmple
                0x0000000008000c3c                __aeabi_dcmpge
                0x0000000008000c50                __aeabi_dcmpgt
 .text          0x0000000008000c64       0x2c c:/users/polzovatel/appdata/roaming/gnu_mcu_eclipse/xpack-arm-none-eabi-gcc-10.2.1-1.1/bin/../lib/gcc/arm-none-eabi/10.2.1/thumb/v7-m/nofp\libgcc.a(_arm_unorddf2.o)
                0x0000000008000c64                __unorddf2
                0x0000000008000c64                __aeabi_dcmpun
 .text          0x0000000008000c90       0x50 c:/users/polzovatel/appdata/roaming/gnu_mcu_eclipse/xpack-arm-none-eabi-gcc-10.2.1-1.1/bin/../lib/gcc/arm-none-eabi/10.2.1/thumb/v7-m/nofp\libgcc.a(_arm_fixdfsi.o)
                0x0000000008000c90                __aeabi_d2iz
                0x0000000008000c90                __fixdfsi
 .text          0x0000000008000ce0       0x30 c:/users/polzovatel/appdata/roaming/gnu_mcu_eclipse/xpack-arm-none-eabi-gcc-10.2.1-1.1/bin/../lib/gcc/arm-none-eabi/10.2.1/thumb/v7-m/nofp\libgcc.a(_aeabi_uldivmod.o)
                0x0000000008000ce0                __aeabi_uldivmod
 .text          0x0000000008000d10      0x1ac c:/users/polzovatel/appdata/roaming/gnu_mcu_eclipse/xpack-arm-none-eabi-gcc-10.2.1-1.1/bin/../lib/gcc/arm-none-eabi/10.2.1/thumb/v7-m/nofp\libgcc.a(libunwind.o)
                0x0000000008000d10                __restore_core_regs
                0x0000000008000d10                restore_core_regs
                0x0000000008000d28                __gnu_Unwind_Restore_VFP
                0x0000000008000d30                __gnu_Unwind_Save_VFP
                0x0000000008000d38                __gnu_Unwind_Restore_VFP_D
                0x0000000008000d40                __gnu_Unwind_Save_VFP_D
                0x0000000008000d48                __gnu_Unwind_Restore_VFP_D_16_to_31
                0x0000000008000d50                __gnu_Unwind_Save_VFP_D_16_to_31
                0x0000000008000d58                __gnu_Unwind_Restore_WMMXD
                0x0000000008000d9c                __gnu_Unwind_Save_WMMXD
                0x0000000008000de0                __gnu_Unwind_Restore_WMMXC
                0x0000000008000df4                __gnu_Unwind_Save_WMMXC
                0x0000000008000e08                ___Unwind_RaiseException
                0x0000000008000e08                _Unwind_RaiseException
                0x0000000008000e2c                _Unwind_Resume
                0x0000000008000e2c                ___Unwind_Resume
                0x0000000008000e50                _Unwind_Resume_or_Rethrow
                0x0000000008000e50                ___Unwind_Resume_or_Rethrow
                0x0000000008000e74                _Unwind_ForcedUnwind
                0x0000000008000e74                ___Unwind_ForcedUnwind
                0x0000000008000e98                ___Unwind_Backtrace
                0x0000000008000e98                _Unwind_Backtrace
 .text          0x0000000008000ebc        0x4 c:/users/polzovatel/appdata/roaming/gnu_mcu_eclipse/xpack-arm-none-eabi-gcc-10.2.1-1.1/bin/../lib/gcc/arm-none-eabi/10.2.1/thumb/v7-m/nofp\libgcc.a(_dvmd_tls.o)
                0x0000000008000ebc                __aeabi_idiv0
                0x0000000008000ebc                __aeabi_ldiv0
 *(.text*)
 .text.__do_global_dtors_aux
                0x0000000008000ec0       0x24 c:/users/polzovatel/appdata/roaming/gnu_mcu_eclipse/xpack-arm-none-eabi-gcc-10.2.1-1.1/bin/../lib/gcc/arm-none-eabi/10.2.1/thumb/v7-m/nofp/crtbegin.o
 .text.frame_dummy
                0x0000000008000ee4       0x1c c:/users/polzovatel/appdata/roaming/gnu_mcu_eclipse/xpack-arm-none-eabi-gcc-10.2.1-1.1/bin/../lib/gcc/arm-none-eabi/10.2.1/thumb/v7-m/nofp/crtbegin.o
 .text._Z12Ringbuf_initv
                0x0000000008000f00       0x38 build/UartRingbuffer.o
                0x0000000008000f00                Ringbuf_init()
 .text._Z10store_charhP11ring_buffer
                0x0000000008000f38       0x16 build/UartRingbuffer.o
                0x0000000008000f38                store_char(unsigned char, ring_buffer*)
 .text._Z8Look_forPcS_
                0x0000000008000f4e       0x38 build/UartRingbuffer.o
                0x0000000008000f4e                Look_for(char*, char*)
 *fill*         0x0000000008000f86        0x2 
 .text._Z9Uart_readv
                0x0000000008000f88       0x28 build/UartRingbuffer.o
                0x0000000008000f88                Uart_read()
 .text._Z10Uart_writei
                0x0000000008000fb0       0x38 build/UartRingbuffer.o
                0x0000000008000fb0                Uart_write(int)
 .text._Z15IsDataAvailablev
                0x0000000008000fe8       0x14 build/UartRingbuffer.o
                0x0000000008000fe8                IsDataAvailable()
 .text._Z15Uart_sendstringPKc
                0x0000000008000ffc       0x14 build/UartRingbuffer.o
                0x0000000008000ffc                Uart_sendstring(char const*)
 .text._Z17GetDataFromBufferPcS_S_S_
                0x0000000008001010       0x94 build/UartRingbuffer.o
                0x0000000008001010                GetDataFromBuffer(char*, char*, char*, char*)
 .text._Z10Uart_flushv
                0x00000000080010a4       0x1c build/UartRingbuffer.o
                0x00000000080010a4                Uart_flush()
 .text._Z9Uart_peekv
                0x00000000080010c0       0x1c build/UartRingbuffer.o
                0x00000000080010c0                Uart_peek()
 .text._Z9Copy_uptoPcS_
                0x00000000080010dc       0x80 build/UartRingbuffer.o
                0x00000000080010dc                Copy_upto(char*, char*)
 .text._Z8Wait_forPc
                0x000000000800115c       0x58 build/UartRingbuffer.o
                0x000000000800115c                Wait_for(char*)
 .text._Z9Get_afterPchS_
                0x00000000080011b4       0x2e build/UartRingbuffer.o
                0x00000000080011b4                Get_after(char*, unsigned char, char*)
 *fill*         0x00000000080011e2        0x2 
 .text._Z8Uart_isrP20__UART_HandleTypeDef
                0x00000000080011e4       0x68 build/UartRingbuffer.o
                0x00000000080011e4                Uart_isr(__UART_HandleTypeDef*)
 .text._Z10sizeofuserP11userDetails
                0x000000000800124c       0x14 build/ESP_DATA_HANDLER.o
                0x000000000800124c                sizeofuser(userDetails*)
 .text._Z8ESP_InitPcS_S_
                0x0000000008001260       0xd0 build/ESP_DATA_HANDLER.o
                0x0000000008001260                ESP_Init(char*, char*, char*)
 .text._Z11Server_SendPci
                0x0000000008001330       0x78 build/ESP_DATA_HANDLER.o
                0x0000000008001330                Server_Send(char*, int)
 .text._Z13Server_HandlePci
                0x00000000080013a8      0x11c build/ESP_DATA_HANDLER.o
                0x00000000080013a8                Server_Handle(char*, int)
 .text._Z12Server_Startv
                0x00000000080014c4      0x124 build/ESP_DATA_HANDLER.o
                0x00000000080014c4                Server_Start()
 .text.HAL_MspInit
                0x00000000080015e8       0x44 build/stm32f1xx_hal_msp.o
                0x00000000080015e8                HAL_MspInit
 .text.HAL_UART_MspInit
                0x000000000800162c       0x88 build/stm32f1xx_hal_msp.o
                0x000000000800162c                HAL_UART_MspInit
 .text._ZL14UART_SetConfigP20__UART_HandleTypeDef
                0x00000000080016b4       0x94 build/stm32f1xx_hal_uart.o
 .text.HAL_UART_Init
                0x0000000008001748       0x5e build/stm32f1xx_hal_uart.o
                0x0000000008001748                HAL_UART_Init
 *fill*         0x00000000080017a6        0x2 
 .text.HAL_InitTick
                0x00000000080017a8       0x4c build/stm32f1xx_hal.o
                0x00000000080017a8                HAL_InitTick
 .text.HAL_Init
                0x00000000080017f4       0x24 build/stm32f1xx_hal.o
                0x00000000080017f4                HAL_Init
 .text.HAL_IncTick
                0x0000000008001818       0x18 build/stm32f1xx_hal.o
                0x0000000008001818                HAL_IncTick
 .text.HAL_GetTick
                0x0000000008001830        0xc build/stm32f1xx_hal.o
                0x0000000008001830                HAL_GetTick
 .text.HAL_Delay
                0x000000000800183c       0x28 build/stm32f1xx_hal.o
                0x000000000800183c                HAL_Delay
 .text._ZL9RCC_Delaym
                0x0000000008001864       0x2c build/stm32f1xx_hal_rcc.o
 .text.HAL_RCC_OscConfig
                0x0000000008001890      0x410 build/stm32f1xx_hal_rcc.o
                0x0000000008001890                HAL_RCC_OscConfig
 .text.HAL_RCC_GetSysClockFreq
                0x0000000008001ca0       0x6c build/stm32f1xx_hal_rcc.o
                0x0000000008001ca0                HAL_RCC_GetSysClockFreq
 .text.HAL_RCC_ClockConfig
                0x0000000008001d0c      0x16c build/stm32f1xx_hal_rcc.o
                0x0000000008001d0c                HAL_RCC_ClockConfig
 .text.HAL_RCC_GetHCLKFreq
                0x0000000008001e78        0xc build/stm32f1xx_hal_rcc.o
                0x0000000008001e78                HAL_RCC_GetHCLKFreq
 .text.HAL_RCC_GetPCLK1Freq
                0x0000000008001e84       0x20 build/stm32f1xx_hal_rcc.o
                0x0000000008001e84                HAL_RCC_GetPCLK1Freq
 .text.HAL_RCC_GetPCLK2Freq
                0x0000000008001ea4       0x20 build/stm32f1xx_hal_rcc.o
                0x0000000008001ea4                HAL_RCC_GetPCLK2Freq
 .text.HAL_GPIO_Init
                0x0000000008001ec4      0x228 build/stm32f1xx_hal_gpio.o
                0x0000000008001ec4                HAL_GPIO_Init
 .text.HAL_GPIO_WritePin
                0x00000000080020ec        0xc build/stm32f1xx_hal_gpio.o
                0x00000000080020ec                HAL_GPIO_WritePin
 .text.HAL_NVIC_SetPriorityGrouping
                0x00000000080020f8       0x24 build/stm32f1xx_hal_cortex.o
                0x00000000080020f8                HAL_NVIC_SetPriorityGrouping
 .text.HAL_NVIC_SetPriority
                0x000000000800211c       0x70 build/stm32f1xx_hal_cortex.o
                0x000000000800211c                HAL_NVIC_SetPriority
 .text.HAL_NVIC_EnableIRQ
                0x000000000800218c       0x1c build/stm32f1xx_hal_cortex.o
                0x000000000800218c                HAL_NVIC_EnableIRQ
 .text.HAL_SYSTICK_Config
                0x00000000080021a8       0x28 build/stm32f1xx_hal_cortex.o
                0x00000000080021a8                HAL_SYSTICK_Config
 .text.SystemInit
                0x00000000080021d0        0x2 build/system_stm32f1xx.o
                0x00000000080021d0                SystemInit
 *fill*         0x00000000080021d2        0x2 
 .text._ZL12MX_GPIO_Initv
                0x00000000080021d4       0x68 build/main.o
 .text.Error_Handler
                0x000000000800223c        0x4 build/main.o
                0x000000000800223c                Error_Handler
 .text._ZL19MX_USART1_UART_Initv
                0x0000000008002240       0x34 build/main.o
 .text._Z18SystemClock_Configv
                0x0000000008002274       0x52 build/main.o
                0x0000000008002274                SystemClock_Config()
 *fill*         0x00000000080022c6        0x2 
 .text.main     0x00000000080022c8       0x30 build/main.o
                0x00000000080022c8                main
 .text.NMI_Handler
                0x00000000080022f8        0x2 build/stm32f1xx_it.o
                0x00000000080022f8                NMI_Handler
 .text.HardFault_Handler
                0x00000000080022fa        0x2 build/stm32f1xx_it.o
                0x00000000080022fa                HardFault_Handler
 .text.MemManage_Handler
                0x00000000080022fc        0x2 build/stm32f1xx_it.o
                0x00000000080022fc                MemManage_Handler
 .text.BusFault_Handler
                0x00000000080022fe        0x2 build/stm32f1xx_it.o
                0x00000000080022fe                BusFault_Handler
 .text.UsageFault_Handler
                0x0000000008002300        0x2 build/stm32f1xx_it.o
                0x0000000008002300                UsageFault_Handler
 .text.SVC_Handler
                0x0000000008002302        0x2 build/stm32f1xx_it.o
                0x0000000008002302                SVC_Handler
 .text.DebugMon_Handler
                0x0000000008002304        0x2 build/stm32f1xx_it.o
                0x0000000008002304                DebugMon_Handler
 .text.PendSV_Handler
                0x0000000008002306        0x2 build/stm32f1xx_it.o
                0x0000000008002306                PendSV_Handler
 .text.SysTick_Handler
                0x0000000008002308        0x8 build/stm32f1xx_it.o
                0x0000000008002308                SysTick_Handler
 .text.USART1_IRQHandler
                0x0000000008002310       0x10 build/stm32f1xx_it.o
                0x0000000008002310                USART1_IRQHandler
 .text.Reset_Handler
                0x0000000008002320       0x48 build/startup_stm32f103xb.o
                0x0000000008002320                Reset_Handler
 .text.Default_Handler
                0x0000000008002368        0x2 build/startup_stm32f103xb.o
                0x0000000008002368                RTC_Alarm_IRQHandler
                0x0000000008002368                EXTI2_IRQHandler
                0x0000000008002368                TIM1_CC_IRQHandler
                0x0000000008002368                PVD_IRQHandler
                0x0000000008002368                EXTI3_IRQHandler
                0x0000000008002368                EXTI0_IRQHandler
                0x0000000008002368                I2C2_EV_IRQHandler
                0x0000000008002368                ADC1_2_IRQHandler
                0x0000000008002368                SPI1_IRQHandler
                0x0000000008002368                TAMPER_IRQHandler
                0x0000000008002368                DMA1_Channel4_IRQHandler
                0x0000000008002368                USART3_IRQHandler
                0x0000000008002368                RTC_IRQHandler
                0x0000000008002368                DMA1_Channel7_IRQHandler
                0x0000000008002368                CAN1_RX1_IRQHandler
                0x0000000008002368                TIM4_IRQHandler
                0x0000000008002368                I2C1_EV_IRQHandler
                0x0000000008002368                DMA1_Channel6_IRQHandler
                0x0000000008002368                TIM3_IRQHandler
                0x0000000008002368                RCC_IRQHandler
                0x0000000008002368                TIM1_TRG_COM_IRQHandler
                0x0000000008002368                DMA1_Channel1_IRQHandler
                0x0000000008002368                Default_Handler
                0x0000000008002368                EXTI15_10_IRQHandler
                0x0000000008002368                EXTI9_5_IRQHandler
                0x0000000008002368                SPI2_IRQHandler
                0x0000000008002368                DMA1_Channel5_IRQHandler
                0x0000000008002368                EXTI4_IRQHandler
                0x0000000008002368                USB_LP_CAN1_RX0_IRQHandler
                0x0000000008002368                USB_HP_CAN1_TX_IRQHandler
                0x0000000008002368                DMA1_Channel3_IRQHandler
                0x0000000008002368                TIM1_UP_IRQHandler
                0x0000000008002368                WWDG_IRQHandler
                0x0000000008002368                TIM2_IRQHandler
                0x0000000008002368                TIM1_BRK_IRQHandler
                0x0000000008002368                EXTI1_IRQHandler
                0x0000000008002368                USART2_IRQHandler
                0x0000000008002368                I2C2_ER_IRQHandler
                0x0000000008002368                DMA1_Channel2_IRQHandler
                0x0000000008002368                CAN1_SCE_IRQHandler
                0x0000000008002368                FLASH_IRQHandler
                0x0000000008002368                I2C1_ER_IRQHandler
                0x0000000008002368                USBWakeUp_IRQHandler
 *fill*         0x000000000800236a        0x2 
 .text.__libc_init_array
                0x000000000800236c       0x48 c:/users/polzovatel/appdata/roaming/gnu_mcu_eclipse/xpack-arm-none-eabi-gcc-10.2.1-1.1/bin/../lib/gcc/arm-none-eabi/10.2.1/../../../../arm-none-eabi/lib/thumb/v7-m/nofp\libc.a(lib_a-init.o)
                0x000000000800236c                __libc_init_array
 .text.memset   0x00000000080023b4       0xa4 c:/users/polzovatel/appdata/roaming/gnu_mcu_eclipse/xpack-arm-none-eabi-gcc-10.2.1-1.1/bin/../lib/gcc/arm-none-eabi/10.2.1/../../../../arm-none-eabi/lib/thumb/v7-m/nofp\libc.a(lib_a-memset.o)
                0x00000000080023b4                memset
 .text.sprintf  0x0000000008002458       0x44 c:/users/polzovatel/appdata/roaming/gnu_mcu_eclipse/xpack-arm-none-eabi-gcc-10.2.1-1.1/bin/../lib/gcc/arm-none-eabi/10.2.1/../../../../arm-none-eabi/lib/thumb/v7-m/nofp\libc.a(lib_a-sprintf.o)
                0x0000000008002458                sprintf
 .text.strcat   0x000000000800249c       0x40 c:/users/polzovatel/appdata/roaming/gnu_mcu_eclipse/xpack-arm-none-eabi-gcc-10.2.1-1.1/bin/../lib/gcc/arm-none-eabi/10.2.1/../../../../arm-none-eabi/lib/thumb/v7-m/nofp\libc.a(lib_a-strcat.o)
                0x000000000800249c                strcat
 .text.strcpy   0x00000000080024dc       0xbc c:/users/polzovatel/appdata/roaming/gnu_mcu_eclipse/xpack-arm-none-eabi-gcc-10.2.1-1.1/bin/../lib/gcc/arm-none-eabi/10.2.1/../../../../arm-none-eabi/lib/thumb/v7-m/nofp\libc.a(lib_a-strcpy.o)
                0x00000000080024dc                strcpy
 .text.strlen   0x0000000008002598       0x5c c:/users/polzovatel/appdata/roaming/gnu_mcu_eclipse/xpack-arm-none-eabi-gcc-10.2.1-1.1/bin/../lib/gcc/arm-none-eabi/10.2.1/../../../../arm-none-eabi/lib/thumb/v7-m/nofp\libc.a(lib_a-strlen-stub.o)
                0x0000000008002598                strlen
 .text._svfprintf_r
                0x00000000080025f4     0x1aa4 c:/users/polzovatel/appdata/roaming/gnu_mcu_eclipse/xpack-arm-none-eabi-gcc-10.2.1-1.1/bin/../lib/gcc/arm-none-eabi/10.2.1/../../../../arm-none-eabi/lib/thumb/v7-m/nofp\libc.a(lib_a-svfprintf.o)
                0x00000000080025f4                _svfprintf_r
 .text.startup.register_fini
                0x0000000008004098       0x14 c:/users/polzovatel/appdata/roaming/gnu_mcu_eclipse/xpack-arm-none-eabi-gcc-10.2.1-1.1/bin/../lib/gcc/arm-none-eabi/10.2.1/../../../../arm-none-eabi/lib/thumb/v7-m/nofp\libc.a(lib_a-__call_atexit.o)
 .text.quorem   0x00000000080040ac      0x12c c:/users/polzovatel/appdata/roaming/gnu_mcu_eclipse/xpack-arm-none-eabi-gcc-10.2.1-1.1/bin/../lib/gcc/arm-none-eabi/10.2.1/../../../../arm-none-eabi/lib/thumb/v7-m/nofp\libc.a(lib_a-dtoa.o)
 .text._dtoa_r  0x00000000080041d8      0xecc c:/users/polzovatel/appdata/roaming/gnu_mcu_eclipse/xpack-arm-none-eabi-gcc-10.2.1-1.1/bin/../lib/gcc/arm-none-eabi/10.2.1/../../../../arm-none-eabi/lib/thumb/v7-m/nofp\libc.a(lib_a-dtoa.o)
                0x00000000080041d8                _dtoa_r
 .text.__libc_fini_array
                0x00000000080050a4       0x2c c:/users/polzovatel/appdata/roaming/gnu_mcu_eclipse/xpack-arm-none-eabi-gcc-10.2.1-1.1/bin/../lib/gcc/arm-none-eabi/10.2.1/../../../../arm-none-eabi/lib/thumb/v7-m/nofp\libc.a(lib_a-fini.o)
                0x00000000080050a4                __libc_fini_array
 .text._malloc_trim_r
                0x00000000080050d0       0xa0 c:/users/polzovatel/appdata/roaming/gnu_mcu_eclipse/xpack-arm-none-eabi-gcc-10.2.1-1.1/bin/../lib/gcc/arm-none-eabi/10.2.1/../../../../arm-none-eabi/lib/thumb/v7-m/nofp\libc.a(lib_a-freer.o)
                0x00000000080050d0                _malloc_trim_r
 .text._free_r  0x0000000008005170      0x200 c:/users/polzovatel/appdata/roaming/gnu_mcu_eclipse/xpack-arm-none-eabi-gcc-10.2.1-1.1/bin/../lib/gcc/arm-none-eabi/10.2.1/../../../../arm-none-eabi/lib/thumb/v7-m/nofp\libc.a(lib_a-freer.o)
                0x0000000008005170                _free_r
 .text._localeconv_r
                0x0000000008005370        0x8 c:/users/polzovatel/appdata/roaming/gnu_mcu_eclipse/xpack-arm-none-eabi-gcc-10.2.1-1.1/bin/../lib/gcc/arm-none-eabi/10.2.1/../../../../arm-none-eabi/lib/thumb/v7-m/nofp\libc.a(lib_a-localeconv.o)
                0x0000000008005370                _localeconv_r
 .text.__locale_mb_cur_max
                0x0000000008005378        0xc c:/users/polzovatel/appdata/roaming/gnu_mcu_eclipse/xpack-arm-none-eabi-gcc-10.2.1-1.1/bin/../lib/gcc/arm-none-eabi/10.2.1/../../../../arm-none-eabi/lib/thumb/v7-m/nofp\libc.a(lib_a-locale.o)
                0x0000000008005378                __locale_mb_cur_max
 .text.__retarget_lock_init_recursive
                0x0000000008005384        0x4 c:/users/polzovatel/appdata/roaming/gnu_mcu_eclipse/xpack-arm-none-eabi-gcc-10.2.1-1.1/bin/../lib/gcc/arm-none-eabi/10.2.1/../../../../arm-none-eabi/lib/thumb/v7-m/nofp\libc.a(lib_a-lock.o)
                0x0000000008005384                __retarget_lock_init_recursive
 .text.__retarget_lock_close_recursive
                0x0000000008005388        0x4 c:/users/polzovatel/appdata/roaming/gnu_mcu_eclipse/xpack-arm-none-eabi-gcc-10.2.1-1.1/bin/../lib/gcc/arm-none-eabi/10.2.1/../../../../arm-none-eabi/lib/thumb/v7-m/nofp\libc.a(lib_a-lock.o)
                0x0000000008005388                __retarget_lock_close_recursive
 .text.__retarget_lock_acquire_recursive
                0x000000000800538c        0x4 c:/users/polzovatel/appdata/roaming/gnu_mcu_eclipse/xpack-arm-none-eabi-gcc-10.2.1-1.1/bin/../lib/gcc/arm-none-eabi/10.2.1/../../../../arm-none-eabi/lib/thumb/v7-m/nofp\libc.a(lib_a-lock.o)
                0x000000000800538c                __retarget_lock_acquire_recursive
 .text.__retarget_lock_release_recursive
                0x0000000008005390        0x4 c:/users/polzovatel/appdata/roaming/gnu_mcu_eclipse/xpack-arm-none-eabi-gcc-10.2.1-1.1/bin/../lib/gcc/arm-none-eabi/10.2.1/../../../../arm-none-eabi/lib/thumb/v7-m/nofp\libc.a(lib_a-lock.o)
                0x0000000008005390                __retarget_lock_release_recursive
 .text._malloc_r
                0x0000000008005394      0x558 c:/users/polzovatel/appdata/roaming/gnu_mcu_eclipse/xpack-arm-none-eabi-gcc-10.2.1-1.1/bin/../lib/gcc/arm-none-eabi/10.2.1/../../../../arm-none-eabi/lib/thumb/v7-m/nofp\libc.a(lib_a-mallocr.o)
                0x0000000008005394                _malloc_r
 .text.__ascii_mbtowc
                0x00000000080058ec       0x2c c:/users/polzovatel/appdata/roaming/gnu_mcu_eclipse/xpack-arm-none-eabi-gcc-10.2.1-1.1/bin/../lib/gcc/arm-none-eabi/10.2.1/../../../../arm-none-eabi/lib/thumb/v7-m/nofp\libc.a(lib_a-mbtowc_r.o)
                0x00000000080058ec                __ascii_mbtowc
 .text.memchr   0x0000000008005918       0x90 c:/users/polzovatel/appdata/roaming/gnu_mcu_eclipse/xpack-arm-none-eabi-gcc-10.2.1-1.1/bin/../lib/gcc/arm-none-eabi/10.2.1/../../../../arm-none-eabi/lib/thumb/v7-m/nofp\libc.a(lib_a-memchr-stub.o)
                0x0000000008005918                memchr
 .text.__malloc_lock
                0x00000000080059a8        0xc c:/users/polzovatel/appdata/roaming/gnu_mcu_eclipse/xpack-arm-none-eabi-gcc-10.2.1-1.1/bin/../lib/gcc/arm-none-eabi/10.2.1/../../../../arm-none-eabi/lib/thumb/v7-m/nofp\libc.a(lib_a-mlock.o)
                0x00000000080059a8                __malloc_lock
 .text.__malloc_unlock
                0x00000000080059b4        0xc c:/users/polzovatel/appdata/roaming/gnu_mcu_eclipse/xpack-arm-none-eabi-gcc-10.2.1-1.1/bin/../lib/gcc/arm-none-eabi/10.2.1/../../../../arm-none-eabi/lib/thumb/v7-m/nofp\libc.a(lib_a-mlock.o)
                0x00000000080059b4                __malloc_unlock
 .text._Balloc  0x00000000080059c0       0x4c c:/users/polzovatel/appdata/roaming/gnu_mcu_eclipse/xpack-arm-none-eabi-gcc-10.2.1-1.1/bin/../lib/gcc/arm-none-eabi/10.2.1/../../../../arm-none-eabi/lib/thumb/v7-m/nofp\libc.a(lib_a-mprec.o)
                0x00000000080059c0                _Balloc
 .text._Bfree   0x0000000008005a0c       0x14 c:/users/polzovatel/appdata/roaming/gnu_mcu_eclipse/xpack-arm-none-eabi-gcc-10.2.1-1.1/bin/../lib/gcc/arm-none-eabi/10.2.1/../../../../arm-none-eabi/lib/thumb/v7-m/nofp\libc.a(lib_a-mprec.o)
                0x0000000008005a0c                _Bfree
 .text.__multadd
                0x0000000008005a20       0xa4 c:/users/polzovatel/appdata/roaming/gnu_mcu_eclipse/xpack-arm-none-eabi-gcc-10.2.1-1.1/bin/../lib/gcc/arm-none-eabi/10.2.1/../../../../arm-none-eabi/lib/thumb/v7-m/nofp\libc.a(lib_a-mprec.o)
                0x0000000008005a20                __multadd
 .text.__hi0bits
                0x0000000008005ac4       0x40 c:/users/polzovatel/appdata/roaming/gnu_mcu_eclipse/xpack-arm-none-eabi-gcc-10.2.1-1.1/bin/../lib/gcc/arm-none-eabi/10.2.1/../../../../arm-none-eabi/lib/thumb/v7-m/nofp\libc.a(lib_a-mprec.o)
                0x0000000008005ac4                __hi0bits
 .text.__lo0bits
                0x0000000008005b04       0x58 c:/users/polzovatel/appdata/roaming/gnu_mcu_eclipse/xpack-arm-none-eabi-gcc-10.2.1-1.1/bin/../lib/gcc/arm-none-eabi/10.2.1/../../../../arm-none-eabi/lib/thumb/v7-m/nofp\libc.a(lib_a-mprec.o)
                0x0000000008005b04                __lo0bits
 .text.__i2b    0x0000000008005b5c       0x5c c:/users/polzovatel/appdata/roaming/gnu_mcu_eclipse/xpack-arm-none-eabi-gcc-10.2.1-1.1/bin/../lib/gcc/arm-none-eabi/10.2.1/../../../../arm-none-eabi/lib/thumb/v7-m/nofp\libc.a(lib_a-mprec.o)
                0x0000000008005b5c                __i2b
 .text.__multiply
                0x0000000008005bb8      0x15c c:/users/polzovatel/appdata/roaming/gnu_mcu_eclipse/xpack-arm-none-eabi-gcc-10.2.1-1.1/bin/../lib/gcc/arm-none-eabi/10.2.1/../../../../arm-none-eabi/lib/thumb/v7-m/nofp\libc.a(lib_a-mprec.o)
                0x0000000008005bb8                __multiply
 .text.__pow5mult
                0x0000000008005d14       0xb8 c:/users/polzovatel/appdata/roaming/gnu_mcu_eclipse/xpack-arm-none-eabi-gcc-10.2.1-1.1/bin/../lib/gcc/arm-none-eabi/10.2.1/../../../../arm-none-eabi/lib/thumb/v7-m/nofp\libc.a(lib_a-mprec.o)
                0x0000000008005d14                __pow5mult
 .text.__lshift
                0x0000000008005dcc       0xec c:/users/polzovatel/appdata/roaming/gnu_mcu_eclipse/xpack-arm-none-eabi-gcc-10.2.1-1.1/bin/../lib/gcc/arm-none-eabi/10.2.1/../../../../arm-none-eabi/lib/thumb/v7-m/nofp\libc.a(lib_a-mprec.o)
                0x0000000008005dcc                __lshift
 .text.__mcmp   0x0000000008005eb8       0x40 c:/users/polzovatel/appdata/roaming/gnu_mcu_eclipse/xpack-arm-none-eabi-gcc-10.2.1-1.1/bin/../lib/gcc/arm-none-eabi/10.2.1/../../../../arm-none-eabi/lib/thumb/v7-m/nofp\libc.a(lib_a-mprec.o)
                0x0000000008005eb8                __mcmp
 .text.__mdiff  0x0000000008005ef8      0x14c c:/users/polzovatel/appdata/roaming/gnu_mcu_eclipse/xpack-arm-none-eabi-gcc-10.2.1-1.1/bin/../lib/gcc/arm-none-eabi/10.2.1/../../../../arm-none-eabi/lib/thumb/v7-m/nofp\libc.a(lib_a-mprec.o)
                0x0000000008005ef8                __mdiff
 .text.__d2b    0x0000000008006044       0xc4 c:/users/polzovatel/appdata/roaming/gnu_mcu_eclipse/xpack-arm-none-eabi-gcc-10.2.1-1.1/bin/../lib/gcc/arm-none-eabi/10.2.1/../../../../arm-none-eabi/lib/thumb/v7-m/nofp\libc.a(lib_a-mprec.o)
                0x0000000008006044                __d2b
 .text._sbrk_r  0x0000000008006108       0x24 c:/users/polzovatel/appdata/roaming/gnu_mcu_eclipse/xpack-arm-none-eabi-gcc-10.2.1-1.1/bin/../lib/gcc/arm-none-eabi/10.2.1/../../../../arm-none-eabi/lib/thumb/v7-m/nofp\libc.a(lib_a-sbrkr.o)
                0x0000000008006108                _sbrk_r
 .text.frexp    0x000000000800612c       0x70 c:/users/polzovatel/appdata/roaming/gnu_mcu_eclipse/xpack-arm-none-eabi-gcc-10.2.1-1.1/bin/../lib/gcc/arm-none-eabi/10.2.1/../../../../arm-none-eabi/lib/thumb/v7-m/nofp\libc.a(lib_a-s_frexp.o)
                0x000000000800612c                frexp
 .text.strncpy  0x000000000800619c       0x68 c:/users/polzovatel/appdata/roaming/gnu_mcu_eclipse/xpack-arm-none-eabi-gcc-10.2.1-1.1/bin/../lib/gcc/arm-none-eabi/10.2.1/../../../../arm-none-eabi/lib/thumb/v7-m/nofp\libc.a(lib_a-strncpy.o)
                0x000000000800619c                strncpy
 .text.__ssprint_r
                0x0000000008006204       0xfc c:/users/polzovatel/appdata/roaming/gnu_mcu_eclipse/xpack-arm-none-eabi-gcc-10.2.1-1.1/bin/../lib/gcc/arm-none-eabi/10.2.1/../../../../arm-none-eabi/lib/thumb/v7-m/nofp\libc.a(lib_a-svfiprintf.o)
                0x0000000008006204                __ssprint_r
 .text.__ascii_wctomb
                0x0000000008006300       0x1c c:/users/polzovatel/appdata/roaming/gnu_mcu_eclipse/xpack-arm-none-eabi-gcc-10.2.1-1.1/bin/../lib/gcc/arm-none-eabi/10.2.1/../../../../arm-none-eabi/lib/thumb/v7-m/nofp\libc.a(lib_a-wctomb_r.o)
                0x0000000008006300                __ascii_wctomb
 .text.__assert_func
                0x000000000800631c       0x40 c:/users/polzovatel/appdata/roaming/gnu_mcu_eclipse/xpack-arm-none-eabi-gcc-10.2.1-1.1/bin/../lib/gcc/arm-none-eabi/10.2.1/../../../../arm-none-eabi/lib/thumb/v7-m/nofp\libc.a(lib_a-assert.o)
                0x000000000800631c                __assert_func
 .text.atexit   0x000000000800635c        0xc c:/users/polzovatel/appdata/roaming/gnu_mcu_eclipse/xpack-arm-none-eabi-gcc-10.2.1-1.1/bin/../lib/gcc/arm-none-eabi/10.2.1/../../../../arm-none-eabi/lib/thumb/v7-m/nofp\libc.a(lib_a-atexit.o)
                0x000000000800635c                atexit
 .text._calloc_r
                0x0000000008006368       0x60 c:/users/polzovatel/appdata/roaming/gnu_mcu_eclipse/xpack-arm-none-eabi-gcc-10.2.1-1.1/bin/../lib/gcc/arm-none-eabi/10.2.1/../../../../arm-none-eabi/lib/thumb/v7-m/nofp\libc.a(lib_a-callocr.o)
                0x0000000008006368                _calloc_r
 .text.fiprintf
                0x00000000080063c8       0x28 c:/users/polzovatel/appdata/roaming/gnu_mcu_eclipse/xpack-arm-none-eabi-gcc-10.2.1-1.1/bin/../lib/gcc/arm-none-eabi/10.2.1/../../../../arm-none-eabi/lib/thumb/v7-m/nofp\libc.a(lib_a-fiprintf.o)
                0x00000000080063c8                fiprintf
 .text.memmove  0x00000000080063f0       0xf8 c:/users/polzovatel/appdata/roaming/gnu_mcu_eclipse/xpack-arm-none-eabi-gcc-10.2.1-1.1/bin/../lib/gcc/arm-none-eabi/10.2.1/../../../../arm-none-eabi/lib/thumb/v7-m/nofp\libc.a(lib_a-memmove.o)
                0x00000000080063f0                memmove
 .text._realloc_r
                0x00000000080064e8      0x3dc c:/users/polzovatel/appdata/roaming/gnu_mcu_eclipse/xpack-arm-none-eabi-gcc-10.2.1-1.1/bin/../lib/gcc/arm-none-eabi/10.2.1/../../../../arm-none-eabi/lib/thumb/v7-m/nofp\libc.a(lib_a-reallocr.o)
                0x00000000080064e8                _realloc_r
 .text.__sprint_r.part.0
                0x00000000080068c4       0x78 c:/users/polzovatel/appdata/roaming/gnu_mcu_eclipse/xpack-arm-none-eabi-gcc-10.2.1-1.1/bin/../lib/gcc/arm-none-eabi/10.2.1/../../../../arm-none-eabi/lib/thumb/v7-m/nofp\libc.a(lib_a-vfiprintf.o)
 .text._vfiprintf_r
                0x000000000800693c      0xd94 c:/users/polzovatel/appdata/roaming/gnu_mcu_eclipse/xpack-arm-none-eabi-gcc-10.2.1-1.1/bin/../lib/gcc/arm-none-eabi/10.2.1/../../../../arm-none-eabi/lib/thumb/v7-m/nofp\libc.a(lib_a-vfiprintf.o)
                0x000000000800693c                _vfiprintf_r
 .text.__sbprintf
                0x00000000080076d0       0x84 c:/users/polzovatel/appdata/roaming/gnu_mcu_eclipse/xpack-arm-none-eabi-gcc-10.2.1-1.1/bin/../lib/gcc/arm-none-eabi/10.2.1/../../../../arm-none-eabi/lib/thumb/v7-m/nofp\libc.a(lib_a-vfiprintf.o)
 .text.__swsetup_r
                0x0000000008007754       0xd4 c:/users/polzovatel/appdata/roaming/gnu_mcu_eclipse/xpack-arm-none-eabi-gcc-10.2.1-1.1/bin/../lib/gcc/arm-none-eabi/10.2.1/../../../../arm-none-eabi/lib/thumb/v7-m/nofp\libc.a(lib_a-wsetup.o)
                0x0000000008007754                __swsetup_r
 .text.abort    0x0000000008007828       0x10 c:/users/polzovatel/appdata/roaming/gnu_mcu_eclipse/xpack-arm-none-eabi-gcc-10.2.1-1.1/bin/../lib/gcc/arm-none-eabi/10.2.1/../../../../arm-none-eabi/lib/thumb/v7-m/nofp\libc.a(lib_a-abort.o)
                0x0000000008007828                abort
 .text.__register_exitproc
                0x0000000008007838       0x8c c:/users/polzovatel/appdata/roaming/gnu_mcu_eclipse/xpack-arm-none-eabi-gcc-10.2.1-1.1/bin/../lib/gcc/arm-none-eabi/10.2.1/../../../../arm-none-eabi/lib/thumb/v7-m/nofp\libc.a(lib_a-__atexit.o)
                0x0000000008007838                __register_exitproc
 .text.__sflush_r
                0x00000000080078c4      0x124 c:/users/polzovatel/appdata/roaming/gnu_mcu_eclipse/xpack-arm-none-eabi-gcc-10.2.1-1.1/bin/../lib/gcc/arm-none-eabi/10.2.1/../../../../arm-none-eabi/lib/thumb/v7-m/nofp\libc.a(lib_a-fflush.o)
                0x00000000080078c4                __sflush_r
 .text._fflush_r
                0x00000000080079e8       0x5c c:/users/polzovatel/appdata/roaming/gnu_mcu_eclipse/xpack-arm-none-eabi-gcc-10.2.1-1.1/bin/../lib/gcc/arm-none-eabi/10.2.1/../../../../arm-none-eabi/lib/thumb/v7-m/nofp\libc.a(lib_a-fflush.o)
                0x00000000080079e8                _fflush_r
 .text._cleanup_r
                0x0000000008007a44        0xc c:/users/polzovatel/appdata/roaming/gnu_mcu_eclipse/xpack-arm-none-eabi-gcc-10.2.1-1.1/bin/../lib/gcc/arm-none-eabi/10.2.1/../../../../arm-none-eabi/lib/thumb/v7-m/nofp\libc.a(lib_a-findfp.o)
                0x0000000008007a44                _cleanup_r
 .text.__sinit  0x0000000008007a50      0x10c c:/users/polzovatel/appdata/roaming/gnu_mcu_eclipse/xpack-arm-none-eabi-gcc-10.2.1-1.1/bin/../lib/gcc/arm-none-eabi/10.2.1/../../../../arm-none-eabi/lib/thumb/v7-m/nofp\libc.a(lib_a-findfp.o)
                0x0000000008007a50                __sinit
 .text.__sfp_lock_acquire
                0x0000000008007b5c        0xc c:/users/polzovatel/appdata/roaming/gnu_mcu_eclipse/xpack-arm-none-eabi-gcc-10.2.1-1.1/bin/../lib/gcc/arm-none-eabi/10.2.1/../../../../arm-none-eabi/lib/thumb/v7-m/nofp\libc.a(lib_a-findfp.o)
                0x0000000008007b5c                __sfp_lock_acquire
 .text.__sfp_lock_release
                0x0000000008007b68        0xc c:/users/polzovatel/appdata/roaming/gnu_mcu_eclipse/xpack-arm-none-eabi-gcc-10.2.1-1.1/bin/../lib/gcc/arm-none-eabi/10.2.1/../../../../arm-none-eabi/lib/thumb/v7-m/nofp\libc.a(lib_a-findfp.o)
                0x0000000008007b68                __sfp_lock_release
 .text.__fputwc
                0x0000000008007b74       0xa0 c:/users/polzovatel/appdata/roaming/gnu_mcu_eclipse/xpack-arm-none-eabi-gcc-10.2.1-1.1/bin/../lib/gcc/arm-none-eabi/10.2.1/../../../../arm-none-eabi/lib/thumb/v7-m/nofp\libc.a(lib_a-fputwc.o)
                0x0000000008007b74                __fputwc
 .text._fputwc_r
                0x0000000008007c14       0x68 c:/users/polzovatel/appdata/roaming/gnu_mcu_eclipse/xpack-arm-none-eabi-gcc-10.2.1-1.1/bin/../lib/gcc/arm-none-eabi/10.2.1/../../../../arm-none-eabi/lib/thumb/v7-m/nofp\libc.a(lib_a-fputwc.o)
                0x0000000008007c14                _fputwc_r
 .text.__sfvwrite_r
                0x0000000008007c7c      0x2f0 c:/users/polzovatel/appdata/roaming/gnu_mcu_eclipse/xpack-arm-none-eabi-gcc-10.2.1-1.1/bin/../lib/gcc/arm-none-eabi/10.2.1/../../../../arm-none-eabi/lib/thumb/v7-m/nofp\libc.a(lib_a-fvwrite.o)
                0x0000000008007c7c                __sfvwrite_r
 .text._fwalk_reent
                0x0000000008007f6c       0x48 c:/users/polzovatel/appdata/roaming/gnu_mcu_eclipse/xpack-arm-none-eabi-gcc-10.2.1-1.1/bin/../lib/gcc/arm-none-eabi/10.2.1/../../../../arm-none-eabi/lib/thumb/v7-m/nofp\libc.a(lib_a-fwalk.o)
                0x0000000008007f6c                _fwalk_reent
 .text.__smakebuf_r
                0x0000000008007fb4       0xe0 c:/users/polzovatel/appdata/roaming/gnu_mcu_eclipse/xpack-arm-none-eabi-gcc-10.2.1-1.1/bin/../lib/gcc/arm-none-eabi/10.2.1/../../../../arm-none-eabi/lib/thumb/v7-m/nofp\libc.a(lib_a-makebuf.o)
                0x0000000008007fb4                __smakebuf_r
 .text.raise    0x0000000008008094       0x5c c:/users/polzovatel/appdata/roaming/gnu_mcu_eclipse/xpack-arm-none-eabi-gcc-10.2.1-1.1/bin/../lib/gcc/arm-none-eabi/10.2.1/../../../../arm-none-eabi/lib/thumb/v7-m/nofp\libc.a(lib_a-signal.o)
                0x0000000008008094                raise
 .text._kill_r  0x00000000080080f0       0x28 c:/users/polzovatel/appdata/roaming/gnu_mcu_eclipse/xpack-arm-none-eabi-gcc-10.2.1-1.1/bin/../lib/gcc/arm-none-eabi/10.2.1/../../../../arm-none-eabi/lib/thumb/v7-m/nofp\libc.a(lib_a-signalr.o)
                0x00000000080080f0                _kill_r
 .text._getpid_r
                0x0000000008008118        0x4 c:/users/polzovatel/appdata/roaming/gnu_mcu_eclipse/xpack-arm-none-eabi-gcc-10.2.1-1.1/bin/../lib/gcc/arm-none-eabi/10.2.1/../../../../arm-none-eabi/lib/thumb/v7-m/nofp\libc.a(lib_a-signalr.o)
                0x0000000008008118                _getpid_r
 .text.__sread  0x000000000800811c       0x24 c:/users/polzovatel/appdata/roaming/gnu_mcu_eclipse/xpack-arm-none-eabi-gcc-10.2.1-1.1/bin/../lib/gcc/arm-none-eabi/10.2.1/../../../../arm-none-eabi/lib/thumb/v7-m/nofp\libc.a(lib_a-stdio.o)
                0x000000000800811c                __sread
 .text.__swrite
                0x0000000008008140       0x40 c:/users/polzovatel/appdata/roaming/gnu_mcu_eclipse/xpack-arm-none-eabi-gcc-10.2.1-1.1/bin/../lib/gcc/arm-none-eabi/10.2.1/../../../../arm-none-eabi/lib/thumb/v7-m/nofp\libc.a(lib_a-stdio.o)
                0x0000000008008140                __swrite
 .text.__sseek  0x0000000008008180       0x20 c:/users/polzovatel/appdata/roaming/gnu_mcu_eclipse/xpack-arm-none-eabi-gcc-10.2.1-1.1/bin/../lib/gcc/arm-none-eabi/10.2.1/../../../../arm-none-eabi/lib/thumb/v7-m/nofp\libc.a(lib_a-stdio.o)
                0x0000000008008180                __sseek
 .text.__sclose
                0x00000000080081a0        0x8 c:/users/polzovatel/appdata/roaming/gnu_mcu_eclipse/xpack-arm-none-eabi-gcc-10.2.1-1.1/bin/../lib/gcc/arm-none-eabi/10.2.1/../../../../arm-none-eabi/lib/thumb/v7-m/nofp\libc.a(lib_a-stdio.o)
                0x00000000080081a0                __sclose
 .text.__swbuf_r
                0x00000000080081a8       0xb0 c:/users/polzovatel/appdata/roaming/gnu_mcu_eclipse/xpack-arm-none-eabi-gcc-10.2.1-1.1/bin/../lib/gcc/arm-none-eabi/10.2.1/../../../../arm-none-eabi/lib/thumb/v7-m/nofp\libc.a(lib_a-wbuf.o)
                0x00000000080081a8                __swbuf_r
 .text._wcrtomb_r
                0x0000000008008258       0x3c c:/users/polzovatel/appdata/roaming/gnu_mcu_eclipse/xpack-arm-none-eabi-gcc-10.2.1-1.1/bin/../lib/gcc/arm-none-eabi/10.2.1/../../../../arm-none-eabi/lib/thumb/v7-m/nofp\libc.a(lib_a-wcrtomb.o)
                0x0000000008008258                _wcrtomb_r
 .text._write_r
                0x0000000008008294       0x2c c:/users/polzovatel/appdata/roaming/gnu_mcu_eclipse/xpack-arm-none-eabi-gcc-10.2.1-1.1/bin/../lib/gcc/arm-none-eabi/10.2.1/../../../../arm-none-eabi/lib/thumb/v7-m/nofp\libc.a(lib_a-writer.o)
                0x0000000008008294                _write_r
 .text._close_r
                0x00000000080082c0       0x24 c:/users/polzovatel/appdata/roaming/gnu_mcu_eclipse/xpack-arm-none-eabi-gcc-10.2.1-1.1/bin/../lib/gcc/arm-none-eabi/10.2.1/../../../../arm-none-eabi/lib/thumb/v7-m/nofp\libc.a(lib_a-closer.o)
                0x00000000080082c0                _close_r
 .text._fclose_r
                0x00000000080082e4       0xcc c:/users/polzovatel/appdata/roaming/gnu_mcu_eclipse/xpack-arm-none-eabi-gcc-10.2.1-1.1/bin/../lib/gcc/arm-none-eabi/10.2.1/../../../../arm-none-eabi/lib/thumb/v7-m/nofp\libc.a(lib_a-fclose.o)
                0x00000000080082e4                _fclose_r
 .text._fstat_r
                0x00000000080083b0       0x28 c:/users/polzovatel/appdata/roaming/gnu_mcu_eclipse/xpack-arm-none-eabi-gcc-10.2.1-1.1/bin/../lib/gcc/arm-none-eabi/10.2.1/../../../../arm-none-eabi/lib/thumb/v7-m/nofp\libc.a(lib_a-fstatr.o)
                0x00000000080083b0                _fstat_r
 .text._isatty_r
                0x00000000080083d8       0x24 c:/users/polzovatel/appdata/roaming/gnu_mcu_eclipse/xpack-arm-none-eabi-gcc-10.2.1-1.1/bin/../lib/gcc/arm-none-eabi/10.2.1/../../../../arm-none-eabi/lib/thumb/v7-m/nofp\libc.a(lib_a-isattyr.o)
                0x00000000080083d8                _isatty_r
 .text._lseek_r
                0x00000000080083fc       0x2c c:/users/polzovatel/appdata/roaming/gnu_mcu_eclipse/xpack-arm-none-eabi-gcc-10.2.1-1.1/bin/../lib/gcc/arm-none-eabi/10.2.1/../../../../arm-none-eabi/lib/thumb/v7-m/nofp\libc.a(lib_a-lseekr.o)
                0x00000000080083fc                _lseek_r
 .text._read_r  0x0000000008008428       0x2c c:/users/polzovatel/appdata/roaming/gnu_mcu_eclipse/xpack-arm-none-eabi-gcc-10.2.1-1.1/bin/../lib/gcc/arm-none-eabi/10.2.1/../../../../arm-none-eabi/lib/thumb/v7-m/nofp\libc.a(lib_a-readr.o)
                0x0000000008008428                _read_r
 .text.__udivmoddi4
                0x0000000008008454      0x2d4 c:/users/polzovatel/appdata/roaming/gnu_mcu_eclipse/xpack-arm-none-eabi-gcc-10.2.1-1.1/bin/../lib/gcc/arm-none-eabi/10.2.1/thumb/v7-m/nofp\libgcc.a(_udivmoddi4.o)
                0x0000000008008454                __udivmoddi4
 .text.selfrel_offset31
                0x0000000008008728       0x14 c:/users/polzovatel/appdata/roaming/gnu_mcu_eclipse/xpack-arm-none-eabi-gcc-10.2.1-1.1/bin/../lib/gcc/arm-none-eabi/10.2.1/thumb/v7-m/nofp\libgcc.a(unwind-arm.o)
 .text.search_EIT_table
                0x000000000800873c       0x60 c:/users/polzovatel/appdata/roaming/gnu_mcu_eclipse/xpack-arm-none-eabi-gcc-10.2.1-1.1/bin/../lib/gcc/arm-none-eabi/10.2.1/thumb/v7-m/nofp\libgcc.a(unwind-arm.o)
 .text.__gnu_unwind_get_pr_addr
                0x000000000800879c       0x28 c:/users/polzovatel/appdata/roaming/gnu_mcu_eclipse/xpack-arm-none-eabi-gcc-10.2.1-1.1/bin/../lib/gcc/arm-none-eabi/10.2.1/thumb/v7-m/nofp\libgcc.a(unwind-arm.o)
 .text.get_eit_entry
                0x00000000080087c4       0xa0 c:/users/polzovatel/appdata/roaming/gnu_mcu_eclipse/xpack-arm-none-eabi-gcc-10.2.1-1.1/bin/../lib/gcc/arm-none-eabi/10.2.1/thumb/v7-m/nofp\libgcc.a(unwind-arm.o)
 .text.restore_non_core_regs
                0x0000000008008864       0x58 c:/users/polzovatel/appdata/roaming/gnu_mcu_eclipse/xpack-arm-none-eabi-gcc-10.2.1-1.1/bin/../lib/gcc/arm-none-eabi/10.2.1/thumb/v7-m/nofp\libgcc.a(unwind-arm.o)
 .text._Unwind_decode_typeinfo_ptr.constprop.0
                0x00000000080088bc        0xc c:/users/polzovatel/appdata/roaming/gnu_mcu_eclipse/xpack-arm-none-eabi-gcc-10.2.1-1.1/bin/../lib/gcc/arm-none-eabi/10.2.1/thumb/v7-m/nofp\libgcc.a(unwind-arm.o)
 .text._Unwind_DebugHook
                0x00000000080088c8        0x4 c:/users/polzovatel/appdata/roaming/gnu_mcu_eclipse/xpack-arm-none-eabi-gcc-10.2.1-1.1/bin/../lib/gcc/arm-none-eabi/10.2.1/thumb/v7-m/nofp\libgcc.a(unwind-arm.o)
 .text.unwind_phase2
                0x00000000080088cc       0x40 c:/users/polzovatel/appdata/roaming/gnu_mcu_eclipse/xpack-arm-none-eabi-gcc-10.2.1-1.1/bin/../lib/gcc/arm-none-eabi/10.2.1/thumb/v7-m/nofp\libgcc.a(unwind-arm.o)
 .text.unwind_phase2_forced
                0x000000000800890c       0xd8 c:/users/polzovatel/appdata/roaming/gnu_mcu_eclipse/xpack-arm-none-eabi-gcc-10.2.1-1.1/bin/../lib/gcc/arm-none-eabi/10.2.1/thumb/v7-m/nofp\libgcc.a(unwind-arm.o)
 .text.__gnu_Unwind_RaiseException
                0x00000000080089e4       0x68 c:/users/polzovatel/appdata/roaming/gnu_mcu_eclipse/xpack-arm-none-eabi-gcc-10.2.1-1.1/bin/../lib/gcc/arm-none-eabi/10.2.1/thumb/v7-m/nofp\libgcc.a(unwind-arm.o)
                0x00000000080089e4                __gnu_Unwind_RaiseException
 .text.__gnu_Unwind_ForcedUnwind
                0x0000000008008a4c       0x18 c:/users/polzovatel/appdata/roaming/gnu_mcu_eclipse/xpack-arm-none-eabi-gcc-10.2.1-1.1/bin/../lib/gcc/arm-none-eabi/10.2.1/thumb/v7-m/nofp\libgcc.a(unwind-arm.o)
                0x0000000008008a4c                __gnu_Unwind_ForcedUnwind
 .text.__gnu_Unwind_Resume
                0x0000000008008a64       0x44 c:/users/polzovatel/appdata/roaming/gnu_mcu_eclipse/xpack-arm-none-eabi-gcc-10.2.1-1.1/bin/../lib/gcc/arm-none-eabi/10.2.1/thumb/v7-m/nofp\libgcc.a(unwind-arm.o)
                0x0000000008008a64                __gnu_Unwind_Resume
 .text.__gnu_Unwind_Resume_or_Rethrow
                0x0000000008008aa8       0x18 c:/users/polzovatel/appdata/roaming/gnu_mcu_eclipse/xpack-arm-none-eabi-gcc-10.2.1-1.1/bin/../lib/gcc/arm-none-eabi/10.2.1/thumb/v7-m/nofp\libgcc.a(unwind-arm.o)
                0x0000000008008aa8                __gnu_Unwind_Resume_or_Rethrow
 .text._Unwind_VRS_Get
                0x0000000008008ac0       0x30 c:/users/polzovatel/appdata/roaming/gnu_mcu_eclipse/xpack-arm-none-eabi-gcc-10.2.1-1.1/bin/../lib/gcc/arm-none-eabi/10.2.1/thumb/v7-m/nofp\libgcc.a(unwind-arm.o)
                0x0000000008008ac0                _Unwind_VRS_Get
 .text._Unwind_GetGR
                0x0000000008008af0       0x1c c:/users/polzovatel/appdata/roaming/gnu_mcu_eclipse/xpack-arm-none-eabi-gcc-10.2.1-1.1/bin/../lib/gcc/arm-none-eabi/10.2.1/thumb/v7-m/nofp\libgcc.a(unwind-arm.o)
 .text._Unwind_VRS_Set
                0x0000000008008b0c       0x30 c:/users/polzovatel/appdata/roaming/gnu_mcu_eclipse/xpack-arm-none-eabi-gcc-10.2.1-1.1/bin/../lib/gcc/arm-none-eabi/10.2.1/thumb/v7-m/nofp\libgcc.a(unwind-arm.o)
                0x0000000008008b0c                _Unwind_VRS_Set
 .text._Unwind_SetGR
                0x0000000008008b3c       0x18 c:/users/polzovatel/appdata/roaming/gnu_mcu_eclipse/xpack-arm-none-eabi-gcc-10.2.1-1.1/bin/../lib/gcc/arm-none-eabi/10.2.1/thumb/v7-m/nofp\libgcc.a(unwind-arm.o)
 .text.__gnu_Unwind_Backtrace
                0x0000000008008b54       0x80 c:/users/polzovatel/appdata/roaming/gnu_mcu_eclipse/xpack-arm-none-eabi-gcc-10.2.1-1.1/bin/../lib/gcc/arm-none-eabi/10.2.1/thumb/v7-m/nofp\libgcc.a(unwind-arm.o)
                0x0000000008008b54                __gnu_Unwind_Backtrace
 .text.__gnu_unwind_pr_common
                0x0000000008008bd4      0x2a8 c:/users/polzovatel/appdata/roaming/gnu_mcu_eclipse/xpack-arm-none-eabi-gcc-10.2.1-1.1/bin/../lib/gcc/arm-none-eabi/10.2.1/thumb/v7-m/nofp\libgcc.a(unwind-arm.o)
 .text.__aeabi_unwind_cpp_pr0
                0x0000000008008e7c        0x8 c:/users/polzovatel/appdata/roaming/gnu_mcu_eclipse/xpack-arm-none-eabi-gcc-10.2.1-1.1/bin/../lib/gcc/arm-none-eabi/10.2.1/thumb/v7-m/nofp\libgcc.a(unwind-arm.o)
                0x0000000008008e7c                __aeabi_unwind_cpp_pr0
 .text.__aeabi_unwind_cpp_pr1
                0x0000000008008e84        0x8 c:/users/polzovatel/appdata/roaming/gnu_mcu_eclipse/xpack-arm-none-eabi-gcc-10.2.1-1.1/bin/../lib/gcc/arm-none-eabi/10.2.1/thumb/v7-m/nofp\libgcc.a(unwind-arm.o)
                0x0000000008008e84                __aeabi_unwind_cpp_pr1
 .text.__aeabi_unwind_cpp_pr2
                0x0000000008008e8c        0x8 c:/users/polzovatel/appdata/roaming/gnu_mcu_eclipse/xpack-arm-none-eabi-gcc-10.2.1-1.1/bin/../lib/gcc/arm-none-eabi/10.2.1/thumb/v7-m/nofp\libgcc.a(unwind-arm.o)
                0x0000000008008e8c                __aeabi_unwind_cpp_pr2
 .text._Unwind_VRS_Pop
                0x0000000008008e94      0x274 c:/users/polzovatel/appdata/roaming/gnu_mcu_eclipse/xpack-arm-none-eabi-gcc-10.2.1-1.1/bin/../lib/gcc/arm-none-eabi/10.2.1/thumb/v7-m/nofp\libgcc.a(unwind-arm.o)
                0x0000000008008e94                _Unwind_VRS_Pop
 .text.next_unwind_byte
                0x0000000008009108       0x38 c:/users/polzovatel/appdata/roaming/gnu_mcu_eclipse/xpack-arm-none-eabi-gcc-10.2.1-1.1/bin/../lib/gcc/arm-none-eabi/10.2.1/thumb/v7-m/nofp\libgcc.a(pr-support.o)
 .text.__gnu_unwind_execute
                0x0000000008009140      0x2e4 c:/users/polzovatel/appdata/roaming/gnu_mcu_eclipse/xpack-arm-none-eabi-gcc-10.2.1-1.1/bin/../lib/gcc/arm-none-eabi/10.2.1/thumb/v7-m/nofp\libgcc.a(pr-support.o)
                0x0000000008009140                __gnu_unwind_execute
 .text._close   0x0000000008009424       0x10 c:/users/polzovatel/appdata/roaming/gnu_mcu_eclipse/xpack-arm-none-eabi-gcc-10.2.1-1.1/bin/../lib/gcc/arm-none-eabi/10.2.1/../../../../arm-none-eabi/lib/thumb/v7-m/nofp\libnosys.a(close.o)
                0x0000000008009424                _close
 .text._fstat   0x0000000008009434       0x10 c:/users/polzovatel/appdata/roaming/gnu_mcu_eclipse/xpack-arm-none-eabi-gcc-10.2.1-1.1/bin/../lib/gcc/arm-none-eabi/10.2.1/../../../../arm-none-eabi/lib/thumb/v7-m/nofp\libnosys.a(fstat.o)
                0x0000000008009434                _fstat
 .text._getpid  0x0000000008009444       0x10 c:/users/polzovatel/appdata/roaming/gnu_mcu_eclipse/xpack-arm-none-eabi-gcc-10.2.1-1.1/bin/../lib/gcc/arm-none-eabi/10.2.1/../../../../arm-none-eabi/lib/thumb/v7-m/nofp\libnosys.a(getpid.o)
                0x0000000008009444                _getpid
 .text._isatty  0x0000000008009454       0x10 c:/users/polzovatel/appdata/roaming/gnu_mcu_eclipse/xpack-arm-none-eabi-gcc-10.2.1-1.1/bin/../lib/gcc/arm-none-eabi/10.2.1/../../../../arm-none-eabi/lib/thumb/v7-m/nofp\libnosys.a(isatty.o)
                0x0000000008009454                _isatty
 .text._kill    0x0000000008009464       0x10 c:/users/polzovatel/appdata/roaming/gnu_mcu_eclipse/xpack-arm-none-eabi-gcc-10.2.1-1.1/bin/../lib/gcc/arm-none-eabi/10.2.1/../../../../arm-none-eabi/lib/thumb/v7-m/nofp\libnosys.a(kill.o)
                0x0000000008009464                _kill
 .text._lseek   0x0000000008009474       0x10 c:/users/polzovatel/appdata/roaming/gnu_mcu_eclipse/xpack-arm-none-eabi-gcc-10.2.1-1.1/bin/../lib/gcc/arm-none-eabi/10.2.1/../../../../arm-none-eabi/lib/thumb/v7-m/nofp\libnosys.a(lseek.o)
                0x0000000008009474                _lseek
 .text._read    0x0000000008009484       0x10 c:/users/polzovatel/appdata/roaming/gnu_mcu_eclipse/xpack-arm-none-eabi-gcc-10.2.1-1.1/bin/../lib/gcc/arm-none-eabi/10.2.1/../../../../arm-none-eabi/lib/thumb/v7-m/nofp\libnosys.a(read.o)
                0x0000000008009484                _read
 .text._sbrk    0x0000000008009494       0x1c c:/users/polzovatel/appdata/roaming/gnu_mcu_eclipse/xpack-arm-none-eabi-gcc-10.2.1-1.1/bin/../lib/gcc/arm-none-eabi/10.2.1/../../../../arm-none-eabi/lib/thumb/v7-m/nofp\libnosys.a(sbrk.o)
                0x0000000008009494                _sbrk
 .text._write   0x00000000080094b0       0x10 c:/users/polzovatel/appdata/roaming/gnu_mcu_eclipse/xpack-arm-none-eabi-gcc-10.2.1-1.1/bin/../lib/gcc/arm-none-eabi/10.2.1/../../../../arm-none-eabi/lib/thumb/v7-m/nofp\libnosys.a(write.o)
                0x00000000080094b0                _write
 .text._exit    0x00000000080094c0        0x4 c:/users/polzovatel/appdata/roaming/gnu_mcu_eclipse/xpack-arm-none-eabi-gcc-10.2.1-1.1/bin/../lib/gcc/arm-none-eabi/10.2.1/../../../../arm-none-eabi/lib/thumb/v7-m/nofp\libnosys.a(_exit.o)
                0x00000000080094c0                _exit
 *(.glue_7)
 .glue_7        0x00000000080094c4        0x0 linker stubs
 *(.glue_7t)
 .glue_7t       0x00000000080094c4        0x0 linker stubs
 *(.eh_frame)
 .eh_frame      0x00000000080094c4        0x0 c:/users/polzovatel/appdata/roaming/gnu_mcu_eclipse/xpack-arm-none-eabi-gcc-10.2.1-1.1/bin/../lib/gcc/arm-none-eabi/10.2.1/thumb/v7-m/nofp/crtbegin.o
 *(.init)
 .init          0x00000000080094c4        0x4 c:/users/polzovatel/appdata/roaming/gnu_mcu_eclipse/xpack-arm-none-eabi-gcc-10.2.1-1.1/bin/../lib/gcc/arm-none-eabi/10.2.1/thumb/v7-m/nofp/crti.o
                0x00000000080094c4                _init
 .init          0x00000000080094c8        0x8 c:/users/polzovatel/appdata/roaming/gnu_mcu_eclipse/xpack-arm-none-eabi-gcc-10.2.1-1.1/bin/../lib/gcc/arm-none-eabi/10.2.1/thumb/v7-m/nofp/crtn.o
 *(.fini)
 .fini          0x00000000080094d0        0x4 c:/users/polzovatel/appdata/roaming/gnu_mcu_eclipse/xpack-arm-none-eabi-gcc-10.2.1-1.1/bin/../lib/gcc/arm-none-eabi/10.2.1/thumb/v7-m/nofp/crti.o
                0x00000000080094d0                _fini
 .fini          0x00000000080094d4        0x8 c:/users/polzovatel/appdata/roaming/gnu_mcu_eclipse/xpack-arm-none-eabi-gcc-10.2.1-1.1/bin/../lib/gcc/arm-none-eabi/10.2.1/thumb/v7-m/nofp/crtn.o
                0x00000000080094dc                . = ALIGN (0x4)
                0x00000000080094dc                _etext = .

.vfp11_veneer   0x00000000080094dc        0x0
 .vfp11_veneer  0x00000000080094dc        0x0 linker stubs

.v4_bx          0x00000000080094dc        0x0
 .v4_bx         0x00000000080094dc        0x0 linker stubs

.iplt           0x00000000080094dc        0x0
 .iplt          0x00000000080094dc        0x0 c:/users/polzovatel/appdata/roaming/gnu_mcu_eclipse/xpack-arm-none-eabi-gcc-10.2.1-1.1/bin/../lib/gcc/arm-none-eabi/10.2.1/thumb/v7-m/nofp/crtbegin.o

.rodata         0x00000000080094e0      0xaf8
                0x00000000080094e0                . = ALIGN (0x4)
 *(.rodata)
 *(.rodata*)
 .rodata._Z8ESP_InitPcS_S_.str1.4
                0x00000000080094e0       0x7c build/ESP_DATA_HANDLER.o
 .rodata._Z11Server_SendPci.str1.4
                0x000000000800955c       0x2d build/ESP_DATA_HANDLER.o
                                         0x31 (size before relaxing)
 *fill*         0x0000000008009589        0x3 
 .rodata._Z13Server_HandlePci.str1.4
                0x000000000800958c       0x3d build/ESP_DATA_HANDLER.o
 *fill*         0x00000000080095c9        0x3 
 .rodata._Z12Server_Startv.str1.4
                0x00000000080095cc       0x53 build/ESP_DATA_HANDLER.o
 *fill*         0x000000000800961f        0x1 
 .rodata.str1.4
                0x0000000008009620      0x5a9 build/ESP_DATA_HANDLER.o
 *fill*         0x0000000008009bc9        0x3 
 .rodata.HAL_RCC_GetSysClockFreq.str1.4
                0x0000000008009bcc       0x11 build/stm32f1xx_hal_rcc.o
 *fill*         0x0000000008009bdd        0x3 
 .rodata.AHBPrescTable
                0x0000000008009be0       0x10 build/system_stm32f1xx.o
                0x0000000008009be0                AHBPrescTable
 .rodata.APBPrescTable
                0x0000000008009bf0        0x8 build/system_stm32f1xx.o
                0x0000000008009bf0                APBPrescTable
 .rodata.main.str1.4
                0x0000000008009bf8       0x2a build/main.o
 *fill*         0x0000000008009c22        0x2 
 .rodata._global_impure_ptr
                0x0000000008009c24        0x4 c:/users/polzovatel/appdata/roaming/gnu_mcu_eclipse/xpack-arm-none-eabi-gcc-10.2.1-1.1/bin/../lib/gcc/arm-none-eabi/10.2.1/../../../../arm-none-eabi/lib/thumb/v7-m/nofp\libc.a(lib_a-impure.o)
                0x0000000008009c24                _global_impure_ptr
 .rodata._svfprintf_r.str1.4
                0x0000000008009c28       0x42 c:/users/polzovatel/appdata/roaming/gnu_mcu_eclipse/xpack-arm-none-eabi-gcc-10.2.1-1.1/bin/../lib/gcc/arm-none-eabi/10.2.1/../../../../arm-none-eabi/lib/thumb/v7-m/nofp\libc.a(lib_a-svfprintf.o)
 *fill*         0x0000000008009c6a        0x2 
 .rodata.blanks.1
                0x0000000008009c6c       0x10 c:/users/polzovatel/appdata/roaming/gnu_mcu_eclipse/xpack-arm-none-eabi-gcc-10.2.1-1.1/bin/../lib/gcc/arm-none-eabi/10.2.1/../../../../arm-none-eabi/lib/thumb/v7-m/nofp\libc.a(lib_a-svfprintf.o)
 .rodata.zeroes.0
                0x0000000008009c7c       0x10 c:/users/polzovatel/appdata/roaming/gnu_mcu_eclipse/xpack-arm-none-eabi-gcc-10.2.1-1.1/bin/../lib/gcc/arm-none-eabi/10.2.1/../../../../arm-none-eabi/lib/thumb/v7-m/nofp\libc.a(lib_a-svfprintf.o)
 .rodata._dtoa_r.str1.4
                0x0000000008009c8c       0x7e c:/users/polzovatel/appdata/roaming/gnu_mcu_eclipse/xpack-arm-none-eabi-gcc-10.2.1-1.1/bin/../lib/gcc/arm-none-eabi/10.2.1/../../../../arm-none-eabi/lib/thumb/v7-m/nofp\libc.a(lib_a-dtoa.o)
                                         0x82 (size before relaxing)
 *fill*         0x0000000008009d0a        0x2 
 .rodata._setlocale_r.str1.4
                0x0000000008009d0c        0xa c:/users/polzovatel/appdata/roaming/gnu_mcu_eclipse/xpack-arm-none-eabi-gcc-10.2.1-1.1/bin/../lib/gcc/arm-none-eabi/10.2.1/../../../../arm-none-eabi/lib/thumb/v7-m/nofp\libc.a(lib_a-locale.o)
                                          0xd (size before relaxing)
 *fill*         0x0000000008009d16        0x2 
 .rodata.str1.4
                0x0000000008009d18        0x2 c:/users/polzovatel/appdata/roaming/gnu_mcu_eclipse/xpack-arm-none-eabi-gcc-10.2.1-1.1/bin/../lib/gcc/arm-none-eabi/10.2.1/../../../../arm-none-eabi/lib/thumb/v7-m/nofp\libc.a(lib_a-locale.o)
 *fill*         0x0000000008009d1a        0x2 
 .rodata.__multadd.str1.4
                0x0000000008009d1c       0x5b c:/users/polzovatel/appdata/roaming/gnu_mcu_eclipse/xpack-arm-none-eabi-gcc-10.2.1-1.1/bin/../lib/gcc/arm-none-eabi/10.2.1/../../../../arm-none-eabi/lib/thumb/v7-m/nofp\libc.a(lib_a-mprec.o)
                                         0x6f (size before relaxing)
 *fill*         0x0000000008009d77        0x1 
 .rodata.__mprec_bigtens
                0x0000000008009d78       0x28 c:/users/polzovatel/appdata/roaming/gnu_mcu_eclipse/xpack-arm-none-eabi-gcc-10.2.1-1.1/bin/../lib/gcc/arm-none-eabi/10.2.1/../../../../arm-none-eabi/lib/thumb/v7-m/nofp\libc.a(lib_a-mprec.o)
                0x0000000008009d78                __mprec_bigtens
 .rodata.__mprec_tens
                0x0000000008009da0       0xc8 c:/users/polzovatel/appdata/roaming/gnu_mcu_eclipse/xpack-arm-none-eabi-gcc-10.2.1-1.1/bin/../lib/gcc/arm-none-eabi/10.2.1/../../../../arm-none-eabi/lib/thumb/v7-m/nofp\libc.a(lib_a-mprec.o)
                0x0000000008009da0                __mprec_tens
 .rodata.p05.0  0x0000000008009e68        0xc c:/users/polzovatel/appdata/roaming/gnu_mcu_eclipse/xpack-arm-none-eabi-gcc-10.2.1-1.1/bin/../lib/gcc/arm-none-eabi/10.2.1/../../../../arm-none-eabi/lib/thumb/v7-m/nofp\libc.a(lib_a-mprec.o)
 .rodata.__assert_func.str1.4
                0x0000000008009e74       0x3f c:/users/polzovatel/appdata/roaming/gnu_mcu_eclipse/xpack-arm-none-eabi-gcc-10.2.1-1.1/bin/../lib/gcc/arm-none-eabi/10.2.1/../../../../arm-none-eabi/lib/thumb/v7-m/nofp\libc.a(lib_a-assert.o)
                                         0x43 (size before relaxing)
 *fill*         0x0000000008009eb3        0x1 
 .rodata._ctype_
                0x0000000008009eb4      0x101 c:/users/polzovatel/appdata/roaming/gnu_mcu_eclipse/xpack-arm-none-eabi-gcc-10.2.1-1.1/bin/../lib/gcc/arm-none-eabi/10.2.1/../../../../arm-none-eabi/lib/thumb/v7-m/nofp\libc.a(lib_a-ctype_.o)
                0x0000000008009eb4                _ctype_
 .rodata._vfiprintf_r.str1.4
                0x0000000008009fb5       0x2f c:/users/polzovatel/appdata/roaming/gnu_mcu_eclipse/xpack-arm-none-eabi-gcc-10.2.1-1.1/bin/../lib/gcc/arm-none-eabi/10.2.1/../../../../arm-none-eabi/lib/thumb/v7-m/nofp\libc.a(lib_a-vfiprintf.o)
 *fill*         0x0000000008009fb5        0x3 
 .rodata.blanks.1
                0x0000000008009fb8       0x10 c:/users/polzovatel/appdata/roaming/gnu_mcu_eclipse/xpack-arm-none-eabi-gcc-10.2.1-1.1/bin/../lib/gcc/arm-none-eabi/10.2.1/../../../../arm-none-eabi/lib/thumb/v7-m/nofp\libc.a(lib_a-vfiprintf.o)
 .rodata.zeroes.0
                0x0000000008009fc8       0x10 c:/users/polzovatel/appdata/roaming/gnu_mcu_eclipse/xpack-arm-none-eabi-gcc-10.2.1-1.1/bin/../lib/gcc/arm-none-eabi/10.2.1/../../../../arm-none-eabi/lib/thumb/v7-m/nofp\libc.a(lib_a-vfiprintf.o)
                0x0000000008009fd8                . = ALIGN (0x4)

.ARM.extab      0x0000000008009fd8       0x78
 *(.ARM.extab* .gnu.linkonce.armextab.*)
 .ARM.extab.text._Z13Server_HandlePci
                0x0000000008009fd8        0xc build/ESP_DATA_HANDLER.o
 .ARM.extab.text.HAL_Init
                0x0000000008009fe4        0xc build/stm32f1xx_hal.o
 .ARM.extab.text._ZL19MX_USART1_UART_Initv
                0x0000000008009ff0        0xc build/main.o
 .ARM.extab.text.main
                0x0000000008009ffc        0xc build/main.o
 .ARM.extab.text.SysTick_Handler
                0x000000000800a008        0xc build/stm32f1xx_it.o
 .ARM.extab.text.USART1_IRQHandler
                0x000000000800a014        0xc build/stm32f1xx_it.o
 .ARM.extab.text.sprintf
                0x000000000800a020        0xc c:/users/polzovatel/appdata/roaming/gnu_mcu_eclipse/xpack-arm-none-eabi-gcc-10.2.1-1.1/bin/../lib/gcc/arm-none-eabi/10.2.1/../../../../arm-none-eabi/lib/thumb/v7-m/nofp\libc.a(lib_a-sprintf.o)
 .ARM.extab.text.fiprintf
                0x000000000800a02c        0xc c:/users/polzovatel/appdata/roaming/gnu_mcu_eclipse/xpack-arm-none-eabi-gcc-10.2.1-1.1/bin/../lib/gcc/arm-none-eabi/10.2.1/../../../../arm-none-eabi/lib/thumb/v7-m/nofp\libc.a(lib_a-fiprintf.o)
 .ARM.extab.text.__sbprintf
                0x000000000800a038        0xc c:/users/polzovatel/appdata/roaming/gnu_mcu_eclipse/xpack-arm-none-eabi-gcc-10.2.1-1.1/bin/../lib/gcc/arm-none-eabi/10.2.1/../../../../arm-none-eabi/lib/thumb/v7-m/nofp\libc.a(lib_a-vfiprintf.o)
 .ARM.extab.text.abort
                0x000000000800a044        0xc c:/users/polzovatel/appdata/roaming/gnu_mcu_eclipse/xpack-arm-none-eabi-gcc-10.2.1-1.1/bin/../lib/gcc/arm-none-eabi/10.2.1/../../../../arm-none-eabi/lib/thumb/v7-m/nofp\libc.a(lib_a-abort.o)

.ARM            0x000000000800a050      0x338
                0x000000000800a050                __exidx_start = .
 *(.ARM.exidx*)
 .ARM.exidx.text._Z12Ringbuf_initv
                0x000000000800a050        0x8 build/UartRingbuffer.o
 .ARM.exidx.text._Z10store_charhP11ring_buffer
                0x000000000800a058        0x0 build/UartRingbuffer.o
                                          0x8 (size before relaxing)
 .ARM.exidx.text._Z8Look_forPcS_
                0x000000000800a058        0x0 build/UartRingbuffer.o
                                          0x8 (size before relaxing)
 .ARM.exidx.text._Z9Uart_readv
                0x000000000800a058        0x0 build/UartRingbuffer.o
                                          0x8 (size before relaxing)
 .ARM.exidx.text._Z10Uart_writei
                0x000000000800a058        0x0 build/UartRingbuffer.o
                                          0x8 (size before relaxing)
 .ARM.exidx.text._Z15IsDataAvailablev
                0x000000000800a058        0x0 build/UartRingbuffer.o
                                          0x8 (size before relaxing)
 .ARM.exidx.text._Z15Uart_sendstringPKc
                0x000000000800a058        0x0 build/UartRingbuffer.o
                                          0x8 (size before relaxing)
 .ARM.exidx.text._Z17GetDataFromBufferPcS_S_S_
                0x000000000800a058        0x0 build/UartRingbuffer.o
                                          0x8 (size before relaxing)
 .ARM.exidx.text._Z10Uart_flushv
                0x000000000800a058        0x0 build/UartRingbuffer.o
                                          0x8 (size before relaxing)
 .ARM.exidx.text._Z9Uart_peekv
                0x000000000800a058        0x0 build/UartRingbuffer.o
                                          0x8 (size before relaxing)
 .ARM.exidx.text._Z9Copy_uptoPcS_
                0x000000000800a058        0x0 build/UartRingbuffer.o
                                          0x8 (size before relaxing)
 .ARM.exidx.text._Z8Wait_forPc
                0x000000000800a058        0x0 build/UartRingbuffer.o
                                          0x8 (size before relaxing)
 .ARM.exidx.text._Z9Get_afterPchS_
                0x000000000800a058        0x0 build/UartRingbuffer.o
                                          0x8 (size before relaxing)
 .ARM.exidx.text._Z8Uart_isrP20__UART_HandleTypeDef
                0x000000000800a058        0x0 build/UartRingbuffer.o
                                          0x8 (size before relaxing)
 .ARM.exidx.text._Z10sizeofuserP11userDetails
                0x000000000800a058        0x0 build/ESP_DATA_HANDLER.o
                                          0x8 (size before relaxing)
 .ARM.exidx.text._Z8ESP_InitPcS_S_
                0x000000000800a058        0x8 build/ESP_DATA_HANDLER.o
 .ARM.exidx.text._Z11Server_SendPci
                0x000000000800a060        0x0 build/ESP_DATA_HANDLER.o
                                          0x8 (size before relaxing)
 .ARM.exidx.text._Z13Server_HandlePci
                0x000000000800a060        0x8 build/ESP_DATA_HANDLER.o
 .ARM.exidx.text._Z12Server_Startv
                0x000000000800a068        0x8 build/ESP_DATA_HANDLER.o
 .ARM.exidx.text.HAL_MspInit
                0x000000000800a070        0x8 build/stm32f1xx_hal_msp.o
 .ARM.exidx.text.HAL_UART_MspInit
                0x000000000800a078        0x8 build/stm32f1xx_hal_msp.o
 .ARM.exidx.text._ZL14UART_SetConfigP20__UART_HandleTypeDef
                0x000000000800a080        0x8 build/stm32f1xx_hal_uart.o
 .ARM.exidx.text.HAL_UART_Init
                0x000000000800a088        0x0 build/stm32f1xx_hal_uart.o
                                          0x8 (size before relaxing)
 .ARM.exidx.text.HAL_InitTick
                0x000000000800a088        0x0 build/stm32f1xx_hal.o
                                          0x8 (size before relaxing)
 .ARM.exidx.text.HAL_Init
                0x000000000800a088        0x8 build/stm32f1xx_hal.o
 .ARM.exidx.text.HAL_IncTick
                0x000000000800a090        0x8 build/stm32f1xx_hal.o
 .ARM.exidx.text.HAL_GetTick
                0x000000000800a098        0x0 build/stm32f1xx_hal.o
                                          0x8 (size before relaxing)
 .ARM.exidx.text.HAL_Delay
                0x000000000800a098        0x8 build/stm32f1xx_hal.o
 .ARM.exidx.text._ZL9RCC_Delaym
                0x000000000800a0a0        0x8 build/stm32f1xx_hal_rcc.o
 .ARM.exidx.text.HAL_RCC_OscConfig
                0x000000000800a0a8        0x8 build/stm32f1xx_hal_rcc.o
 .ARM.exidx.text.HAL_RCC_GetSysClockFreq
                0x000000000800a0b0        0x8 build/stm32f1xx_hal_rcc.o
 .ARM.exidx.text.HAL_RCC_ClockConfig
                0x000000000800a0b8        0x8 build/stm32f1xx_hal_rcc.o
 .ARM.exidx.text.HAL_RCC_GetHCLKFreq
                0x000000000800a0c0        0x8 build/stm32f1xx_hal_rcc.o
 .ARM.exidx.text.HAL_RCC_GetPCLK1Freq
                0x000000000800a0c8        0x0 build/stm32f1xx_hal_rcc.o
                                          0x8 (size before relaxing)
 .ARM.exidx.text.HAL_RCC_GetPCLK2Freq
                0x000000000800a0c8        0x0 build/stm32f1xx_hal_rcc.o
                                          0x8 (size before relaxing)
 .ARM.exidx.text.HAL_GPIO_Init
                0x000000000800a0c8        0x0 build/stm32f1xx_hal_gpio.o
                                          0x8 (size before relaxing)
 .ARM.exidx.text.HAL_GPIO_WritePin
                0x000000000800a0c8        0x0 build/stm32f1xx_hal_gpio.o
                                          0x8 (size before relaxing)
 .ARM.exidx.text.HAL_NVIC_SetPriorityGrouping
                0x000000000800a0c8        0x0 build/stm32f1xx_hal_cortex.o
                                          0x8 (size before relaxing)
 .ARM.exidx.text.HAL_NVIC_SetPriority
                0x000000000800a0c8        0x0 build/stm32f1xx_hal_cortex.o
                                          0x8 (size before relaxing)
 .ARM.exidx.text.HAL_NVIC_EnableIRQ
                0x000000000800a0c8        0x0 build/stm32f1xx_hal_cortex.o
                                          0x8 (size before relaxing)
 .ARM.exidx.text.HAL_SYSTICK_Config
                0x000000000800a0c8        0x0 build/stm32f1xx_hal_cortex.o
                                          0x8 (size before relaxing)
 .ARM.exidx.text.SystemInit
                0x000000000800a0c8        0x0 build/system_stm32f1xx.o
                                          0x8 (size before relaxing)
 .ARM.exidx.text._ZL12MX_GPIO_Initv
                0x000000000800a0c8        0x8 build/main.o
 .ARM.exidx.text.Error_Handler
                0x000000000800a0d0        0x8 build/main.o
 .ARM.exidx.text._ZL19MX_USART1_UART_Initv
                0x000000000800a0d8        0x8 build/main.o
 .ARM.exidx.text._Z18SystemClock_Configv
                0x000000000800a0e0        0x8 build/main.o
 .ARM.exidx.text.main
                0x000000000800a0e8        0x8 build/main.o
 .ARM.exidx.text.NMI_Handler
                0x000000000800a0f0        0x8 build/stm32f1xx_it.o
 .ARM.exidx.text.HardFault_Handler
                0x000000000800a0f8        0x0 build/stm32f1xx_it.o
                                          0x8 (size before relaxing)
 .ARM.exidx.text.MemManage_Handler
                0x000000000800a0f8        0x0 build/stm32f1xx_it.o
                                          0x8 (size before relaxing)
 .ARM.exidx.text.BusFault_Handler
                0x000000000800a0f8        0x0 build/stm32f1xx_it.o
                                          0x8 (size before relaxing)
 .ARM.exidx.text.UsageFault_Handler
                0x000000000800a0f8        0x0 build/stm32f1xx_it.o
                                          0x8 (size before relaxing)
 .ARM.exidx.text.SVC_Handler
                0x000000000800a0f8        0x0 build/stm32f1xx_it.o
                                          0x8 (size before relaxing)
 .ARM.exidx.text.DebugMon_Handler
                0x000000000800a0f8        0x0 build/stm32f1xx_it.o
                                          0x8 (size before relaxing)
 .ARM.exidx.text.PendSV_Handler
                0x000000000800a0f8        0x0 build/stm32f1xx_it.o
                                          0x8 (size before relaxing)
 .ARM.exidx.text.SysTick_Handler
                0x000000000800a0f8        0x8 build/stm32f1xx_it.o
 .ARM.exidx.text.USART1_IRQHandler
                0x000000000800a100       0x10 build/stm32f1xx_it.o
                                          0x8 (size before relaxing)
 .ARM.exidx.text.__libc_init_array
                0x000000000800a110        0x8 c:/users/polzovatel/appdata/roaming/gnu_mcu_eclipse/xpack-arm-none-eabi-gcc-10.2.1-1.1/bin/../lib/gcc/arm-none-eabi/10.2.1/../../../../arm-none-eabi/lib/thumb/v7-m/nofp\libc.a(lib_a-init.o)
 .ARM.exidx.text.memset
                0x000000000800a118        0x8 c:/users/polzovatel/appdata/roaming/gnu_mcu_eclipse/xpack-arm-none-eabi-gcc-10.2.1-1.1/bin/../lib/gcc/arm-none-eabi/10.2.1/../../../../arm-none-eabi/lib/thumb/v7-m/nofp\libc.a(lib_a-memset.o)
 .ARM.exidx.text.sprintf
                0x000000000800a120        0x8 c:/users/polzovatel/appdata/roaming/gnu_mcu_eclipse/xpack-arm-none-eabi-gcc-10.2.1-1.1/bin/../lib/gcc/arm-none-eabi/10.2.1/../../../../arm-none-eabi/lib/thumb/v7-m/nofp\libc.a(lib_a-sprintf.o)
 .ARM.exidx.text.strcat
                0x000000000800a128        0x8 c:/users/polzovatel/appdata/roaming/gnu_mcu_eclipse/xpack-arm-none-eabi-gcc-10.2.1-1.1/bin/../lib/gcc/arm-none-eabi/10.2.1/../../../../arm-none-eabi/lib/thumb/v7-m/nofp\libc.a(lib_a-strcat.o)
 .ARM.exidx.text.strcpy
                0x000000000800a130        0x8 c:/users/polzovatel/appdata/roaming/gnu_mcu_eclipse/xpack-arm-none-eabi-gcc-10.2.1-1.1/bin/../lib/gcc/arm-none-eabi/10.2.1/../../../../arm-none-eabi/lib/thumb/v7-m/nofp\libc.a(lib_a-strcpy.o)
 .ARM.exidx.text.strlen
                0x000000000800a138        0x0 c:/users/polzovatel/appdata/roaming/gnu_mcu_eclipse/xpack-arm-none-eabi-gcc-10.2.1-1.1/bin/../lib/gcc/arm-none-eabi/10.2.1/../../../../arm-none-eabi/lib/thumb/v7-m/nofp\libc.a(lib_a-strlen-stub.o)
                                          0x8 (size before relaxing)
 .ARM.exidx.text._svfprintf_r
                0x000000000800a138        0x8 c:/users/polzovatel/appdata/roaming/gnu_mcu_eclipse/xpack-arm-none-eabi-gcc-10.2.1-1.1/bin/../lib/gcc/arm-none-eabi/10.2.1/../../../../arm-none-eabi/lib/thumb/v7-m/nofp\libc.a(lib_a-svfprintf.o)
 .ARM.exidx.text.startup.register_fini
                0x000000000800a140        0x8 c:/users/polzovatel/appdata/roaming/gnu_mcu_eclipse/xpack-arm-none-eabi-gcc-10.2.1-1.1/bin/../lib/gcc/arm-none-eabi/10.2.1/../../../../arm-none-eabi/lib/thumb/v7-m/nofp\libc.a(lib_a-__call_atexit.o)
 .ARM.exidx.text.quorem
                0x000000000800a148        0x8 c:/users/polzovatel/appdata/roaming/gnu_mcu_eclipse/xpack-arm-none-eabi-gcc-10.2.1-1.1/bin/../lib/gcc/arm-none-eabi/10.2.1/../../../../arm-none-eabi/lib/thumb/v7-m/nofp\libc.a(lib_a-dtoa.o)
 .ARM.exidx.text._dtoa_r
                0x000000000800a150        0x8 c:/users/polzovatel/appdata/roaming/gnu_mcu_eclipse/xpack-arm-none-eabi-gcc-10.2.1-1.1/bin/../lib/gcc/arm-none-eabi/10.2.1/../../../../arm-none-eabi/lib/thumb/v7-m/nofp\libc.a(lib_a-dtoa.o)
 .ARM.exidx.text.__libc_fini_array
                0x000000000800a158        0x8 c:/users/polzovatel/appdata/roaming/gnu_mcu_eclipse/xpack-arm-none-eabi-gcc-10.2.1-1.1/bin/../lib/gcc/arm-none-eabi/10.2.1/../../../../arm-none-eabi/lib/thumb/v7-m/nofp\libc.a(lib_a-fini.o)
 .ARM.exidx.text._malloc_trim_r
                0x000000000800a160        0x8 c:/users/polzovatel/appdata/roaming/gnu_mcu_eclipse/xpack-arm-none-eabi-gcc-10.2.1-1.1/bin/../lib/gcc/arm-none-eabi/10.2.1/../../../../arm-none-eabi/lib/thumb/v7-m/nofp\libc.a(lib_a-freer.o)
 .ARM.exidx.text._free_r
                0x000000000800a168        0x0 c:/users/polzovatel/appdata/roaming/gnu_mcu_eclipse/xpack-arm-none-eabi-gcc-10.2.1-1.1/bin/../lib/gcc/arm-none-eabi/10.2.1/../../../../arm-none-eabi/lib/thumb/v7-m/nofp\libc.a(lib_a-freer.o)
                                          0x8 (size before relaxing)
 .ARM.exidx.text._localeconv_r
                0x000000000800a168        0x8 c:/users/polzovatel/appdata/roaming/gnu_mcu_eclipse/xpack-arm-none-eabi-gcc-10.2.1-1.1/bin/../lib/gcc/arm-none-eabi/10.2.1/../../../../arm-none-eabi/lib/thumb/v7-m/nofp\libc.a(lib_a-localeconv.o)
 .ARM.exidx.text.__locale_mb_cur_max
                0x000000000800a170        0x0 c:/users/polzovatel/appdata/roaming/gnu_mcu_eclipse/xpack-arm-none-eabi-gcc-10.2.1-1.1/bin/../lib/gcc/arm-none-eabi/10.2.1/../../../../arm-none-eabi/lib/thumb/v7-m/nofp\libc.a(lib_a-locale.o)
                                          0x8 (size before relaxing)
 .ARM.exidx.text.__retarget_lock_init_recursive
                0x000000000800a170        0x0 c:/users/polzovatel/appdata/roaming/gnu_mcu_eclipse/xpack-arm-none-eabi-gcc-10.2.1-1.1/bin/../lib/gcc/arm-none-eabi/10.2.1/../../../../arm-none-eabi/lib/thumb/v7-m/nofp\libc.a(lib_a-lock.o)
                                          0x8 (size before relaxing)
 .ARM.exidx.text.__retarget_lock_close_recursive
                0x000000000800a170        0x0 c:/users/polzovatel/appdata/roaming/gnu_mcu_eclipse/xpack-arm-none-eabi-gcc-10.2.1-1.1/bin/../lib/gcc/arm-none-eabi/10.2.1/../../../../arm-none-eabi/lib/thumb/v7-m/nofp\libc.a(lib_a-lock.o)
                                          0x8 (size before relaxing)
 .ARM.exidx.text.__retarget_lock_acquire_recursive
                0x000000000800a170        0x0 c:/users/polzovatel/appdata/roaming/gnu_mcu_eclipse/xpack-arm-none-eabi-gcc-10.2.1-1.1/bin/../lib/gcc/arm-none-eabi/10.2.1/../../../../arm-none-eabi/lib/thumb/v7-m/nofp\libc.a(lib_a-lock.o)
                                          0x8 (size before relaxing)
 .ARM.exidx.text.__retarget_lock_release_recursive
                0x000000000800a170        0x0 c:/users/polzovatel/appdata/roaming/gnu_mcu_eclipse/xpack-arm-none-eabi-gcc-10.2.1-1.1/bin/../lib/gcc/arm-none-eabi/10.2.1/../../../../arm-none-eabi/lib/thumb/v7-m/nofp\libc.a(lib_a-lock.o)
                                          0x8 (size before relaxing)
 .ARM.exidx.text._malloc_r
                0x000000000800a170        0x8 c:/users/polzovatel/appdata/roaming/gnu_mcu_eclipse/xpack-arm-none-eabi-gcc-10.2.1-1.1/bin/../lib/gcc/arm-none-eabi/10.2.1/../../../../arm-none-eabi/lib/thumb/v7-m/nofp\libc.a(lib_a-mallocr.o)
 .ARM.exidx.text.__ascii_mbtowc
                0x000000000800a178        0x8 c:/users/polzovatel/appdata/roaming/gnu_mcu_eclipse/xpack-arm-none-eabi-gcc-10.2.1-1.1/bin/../lib/gcc/arm-none-eabi/10.2.1/../../../../arm-none-eabi/lib/thumb/v7-m/nofp\libc.a(lib_a-mbtowc_r.o)
 .ARM.exidx.text.memchr
                0x000000000800a180        0x0 c:/users/polzovatel/appdata/roaming/gnu_mcu_eclipse/xpack-arm-none-eabi-gcc-10.2.1-1.1/bin/../lib/gcc/arm-none-eabi/10.2.1/../../../../arm-none-eabi/lib/thumb/v7-m/nofp\libc.a(lib_a-memchr-stub.o)
                                          0x8 (size before relaxing)
 .ARM.exidx.text.__malloc_lock
                0x000000000800a180        0x0 c:/users/polzovatel/appdata/roaming/gnu_mcu_eclipse/xpack-arm-none-eabi-gcc-10.2.1-1.1/bin/../lib/gcc/arm-none-eabi/10.2.1/../../../../arm-none-eabi/lib/thumb/v7-m/nofp\libc.a(lib_a-mlock.o)
                                          0x8 (size before relaxing)
 .ARM.exidx.text.__malloc_unlock
                0x000000000800a180        0x0 c:/users/polzovatel/appdata/roaming/gnu_mcu_eclipse/xpack-arm-none-eabi-gcc-10.2.1-1.1/bin/../lib/gcc/arm-none-eabi/10.2.1/../../../../arm-none-eabi/lib/thumb/v7-m/nofp\libc.a(lib_a-mlock.o)
                                          0x8 (size before relaxing)
 .ARM.exidx.text._Balloc
                0x000000000800a180        0x8 c:/users/polzovatel/appdata/roaming/gnu_mcu_eclipse/xpack-arm-none-eabi-gcc-10.2.1-1.1/bin/../lib/gcc/arm-none-eabi/10.2.1/../../../../arm-none-eabi/lib/thumb/v7-m/nofp\libc.a(lib_a-mprec.o)
 .ARM.exidx.text._Bfree
                0x000000000800a188        0x8 c:/users/polzovatel/appdata/roaming/gnu_mcu_eclipse/xpack-arm-none-eabi-gcc-10.2.1-1.1/bin/../lib/gcc/arm-none-eabi/10.2.1/../../../../arm-none-eabi/lib/thumb/v7-m/nofp\libc.a(lib_a-mprec.o)
 .ARM.exidx.text.__multadd
                0x000000000800a190        0x8 c:/users/polzovatel/appdata/roaming/gnu_mcu_eclipse/xpack-arm-none-eabi-gcc-10.2.1-1.1/bin/../lib/gcc/arm-none-eabi/10.2.1/../../../../arm-none-eabi/lib/thumb/v7-m/nofp\libc.a(lib_a-mprec.o)
 .ARM.exidx.text.__hi0bits
                0x000000000800a198        0x8 c:/users/polzovatel/appdata/roaming/gnu_mcu_eclipse/xpack-arm-none-eabi-gcc-10.2.1-1.1/bin/../lib/gcc/arm-none-eabi/10.2.1/../../../../arm-none-eabi/lib/thumb/v7-m/nofp\libc.a(lib_a-mprec.o)
 .ARM.exidx.text.__lo0bits
                0x000000000800a1a0        0x0 c:/users/polzovatel/appdata/roaming/gnu_mcu_eclipse/xpack-arm-none-eabi-gcc-10.2.1-1.1/bin/../lib/gcc/arm-none-eabi/10.2.1/../../../../arm-none-eabi/lib/thumb/v7-m/nofp\libc.a(lib_a-mprec.o)
                                          0x8 (size before relaxing)
 .ARM.exidx.text.__i2b
                0x000000000800a1a0        0x8 c:/users/polzovatel/appdata/roaming/gnu_mcu_eclipse/xpack-arm-none-eabi-gcc-10.2.1-1.1/bin/../lib/gcc/arm-none-eabi/10.2.1/../../../../arm-none-eabi/lib/thumb/v7-m/nofp\libc.a(lib_a-mprec.o)
 .ARM.exidx.text.__multiply
                0x000000000800a1a8        0x8 c:/users/polzovatel/appdata/roaming/gnu_mcu_eclipse/xpack-arm-none-eabi-gcc-10.2.1-1.1/bin/../lib/gcc/arm-none-eabi/10.2.1/../../../../arm-none-eabi/lib/thumb/v7-m/nofp\libc.a(lib_a-mprec.o)
 .ARM.exidx.text.__pow5mult
                0x000000000800a1b0        0x8 c:/users/polzovatel/appdata/roaming/gnu_mcu_eclipse/xpack-arm-none-eabi-gcc-10.2.1-1.1/bin/../lib/gcc/arm-none-eabi/10.2.1/../../../../arm-none-eabi/lib/thumb/v7-m/nofp\libc.a(lib_a-mprec.o)
 .ARM.exidx.text.__lshift
                0x000000000800a1b8        0x8 c:/users/polzovatel/appdata/roaming/gnu_mcu_eclipse/xpack-arm-none-eabi-gcc-10.2.1-1.1/bin/../lib/gcc/arm-none-eabi/10.2.1/../../../../arm-none-eabi/lib/thumb/v7-m/nofp\libc.a(lib_a-mprec.o)
 .ARM.exidx.text.__mcmp
                0x000000000800a1c0        0x8 c:/users/polzovatel/appdata/roaming/gnu_mcu_eclipse/xpack-arm-none-eabi-gcc-10.2.1-1.1/bin/../lib/gcc/arm-none-eabi/10.2.1/../../../../arm-none-eabi/lib/thumb/v7-m/nofp\libc.a(lib_a-mprec.o)
 .ARM.exidx.text.__mdiff
                0x000000000800a1c8        0x8 c:/users/polzovatel/appdata/roaming/gnu_mcu_eclipse/xpack-arm-none-eabi-gcc-10.2.1-1.1/bin/../lib/gcc/arm-none-eabi/10.2.1/../../../../arm-none-eabi/lib/thumb/v7-m/nofp\libc.a(lib_a-mprec.o)
 .ARM.exidx.text.__d2b
                0x000000000800a1d0        0x8 c:/users/polzovatel/appdata/roaming/gnu_mcu_eclipse/xpack-arm-none-eabi-gcc-10.2.1-1.1/bin/../lib/gcc/arm-none-eabi/10.2.1/../../../../arm-none-eabi/lib/thumb/v7-m/nofp\libc.a(lib_a-mprec.o)
 .ARM.exidx.text._sbrk_r
                0x000000000800a1d8        0x8 c:/users/polzovatel/appdata/roaming/gnu_mcu_eclipse/xpack-arm-none-eabi-gcc-10.2.1-1.1/bin/../lib/gcc/arm-none-eabi/10.2.1/../../../../arm-none-eabi/lib/thumb/v7-m/nofp\libc.a(lib_a-sbrkr.o)
 .ARM.exidx.text.frexp
                0x000000000800a1e0        0x8 c:/users/polzovatel/appdata/roaming/gnu_mcu_eclipse/xpack-arm-none-eabi-gcc-10.2.1-1.1/bin/../lib/gcc/arm-none-eabi/10.2.1/../../../../arm-none-eabi/lib/thumb/v7-m/nofp\libc.a(lib_a-s_frexp.o)
 .ARM.exidx.text.strncpy
                0x000000000800a1e8        0x0 c:/users/polzovatel/appdata/roaming/gnu_mcu_eclipse/xpack-arm-none-eabi-gcc-10.2.1-1.1/bin/../lib/gcc/arm-none-eabi/10.2.1/../../../../arm-none-eabi/lib/thumb/v7-m/nofp\libc.a(lib_a-strncpy.o)
                                          0x8 (size before relaxing)
 .ARM.exidx.text.__ssprint_r
                0x000000000800a1e8        0x8 c:/users/polzovatel/appdata/roaming/gnu_mcu_eclipse/xpack-arm-none-eabi-gcc-10.2.1-1.1/bin/../lib/gcc/arm-none-eabi/10.2.1/../../../../arm-none-eabi/lib/thumb/v7-m/nofp\libc.a(lib_a-svfiprintf.o)
 .ARM.exidx.text.__ascii_wctomb
                0x000000000800a1f0        0x8 c:/users/polzovatel/appdata/roaming/gnu_mcu_eclipse/xpack-arm-none-eabi-gcc-10.2.1-1.1/bin/../lib/gcc/arm-none-eabi/10.2.1/../../../../arm-none-eabi/lib/thumb/v7-m/nofp\libc.a(lib_a-wctomb_r.o)
 .ARM.exidx.text.__assert_func
                0x000000000800a1f8        0x8 c:/users/polzovatel/appdata/roaming/gnu_mcu_eclipse/xpack-arm-none-eabi-gcc-10.2.1-1.1/bin/../lib/gcc/arm-none-eabi/10.2.1/../../../../arm-none-eabi/lib/thumb/v7-m/nofp\libc.a(lib_a-assert.o)
 .ARM.exidx.text.atexit
                0x000000000800a200        0x8 c:/users/polzovatel/appdata/roaming/gnu_mcu_eclipse/xpack-arm-none-eabi-gcc-10.2.1-1.1/bin/../lib/gcc/arm-none-eabi/10.2.1/../../../../arm-none-eabi/lib/thumb/v7-m/nofp\libc.a(lib_a-atexit.o)
 .ARM.exidx.text._calloc_r
                0x000000000800a208        0x8 c:/users/polzovatel/appdata/roaming/gnu_mcu_eclipse/xpack-arm-none-eabi-gcc-10.2.1-1.1/bin/../lib/gcc/arm-none-eabi/10.2.1/../../../../arm-none-eabi/lib/thumb/v7-m/nofp\libc.a(lib_a-callocr.o)
 .ARM.exidx.text.fiprintf
                0x000000000800a210        0x8 c:/users/polzovatel/appdata/roaming/gnu_mcu_eclipse/xpack-arm-none-eabi-gcc-10.2.1-1.1/bin/../lib/gcc/arm-none-eabi/10.2.1/../../../../arm-none-eabi/lib/thumb/v7-m/nofp\libc.a(lib_a-fiprintf.o)
 .ARM.exidx.text.memmove
                0x000000000800a218        0x8 c:/users/polzovatel/appdata/roaming/gnu_mcu_eclipse/xpack-arm-none-eabi-gcc-10.2.1-1.1/bin/../lib/gcc/arm-none-eabi/10.2.1/../../../../arm-none-eabi/lib/thumb/v7-m/nofp\libc.a(lib_a-memmove.o)
 .ARM.exidx.text._realloc_r
                0x000000000800a220        0x8 c:/users/polzovatel/appdata/roaming/gnu_mcu_eclipse/xpack-arm-none-eabi-gcc-10.2.1-1.1/bin/../lib/gcc/arm-none-eabi/10.2.1/../../../../arm-none-eabi/lib/thumb/v7-m/nofp\libc.a(lib_a-reallocr.o)
 .ARM.exidx.text.__sprint_r.part.0
                0x000000000800a228        0x0 c:/users/polzovatel/appdata/roaming/gnu_mcu_eclipse/xpack-arm-none-eabi-gcc-10.2.1-1.1/bin/../lib/gcc/arm-none-eabi/10.2.1/../../../../arm-none-eabi/lib/thumb/v7-m/nofp\libc.a(lib_a-vfiprintf.o)
                                          0x8 (size before relaxing)
 .ARM.exidx.text._vfiprintf_r
                0x000000000800a228        0x8 c:/users/polzovatel/appdata/roaming/gnu_mcu_eclipse/xpack-arm-none-eabi-gcc-10.2.1-1.1/bin/../lib/gcc/arm-none-eabi/10.2.1/../../../../arm-none-eabi/lib/thumb/v7-m/nofp\libc.a(lib_a-vfiprintf.o)
 .ARM.exidx.text.__sbprintf
                0x000000000800a230        0x8 c:/users/polzovatel/appdata/roaming/gnu_mcu_eclipse/xpack-arm-none-eabi-gcc-10.2.1-1.1/bin/../lib/gcc/arm-none-eabi/10.2.1/../../../../arm-none-eabi/lib/thumb/v7-m/nofp\libc.a(lib_a-vfiprintf.o)
 .ARM.exidx.text.__swsetup_r
                0x000000000800a238        0x8 c:/users/polzovatel/appdata/roaming/gnu_mcu_eclipse/xpack-arm-none-eabi-gcc-10.2.1-1.1/bin/../lib/gcc/arm-none-eabi/10.2.1/../../../../arm-none-eabi/lib/thumb/v7-m/nofp\libc.a(lib_a-wsetup.o)
 .ARM.exidx.text.abort
                0x000000000800a240        0x8 c:/users/polzovatel/appdata/roaming/gnu_mcu_eclipse/xpack-arm-none-eabi-gcc-10.2.1-1.1/bin/../lib/gcc/arm-none-eabi/10.2.1/../../../../arm-none-eabi/lib/thumb/v7-m/nofp\libc.a(lib_a-abort.o)
 .ARM.exidx.text.__register_exitproc
                0x000000000800a248        0x8 c:/users/polzovatel/appdata/roaming/gnu_mcu_eclipse/xpack-arm-none-eabi-gcc-10.2.1-1.1/bin/../lib/gcc/arm-none-eabi/10.2.1/../../../../arm-none-eabi/lib/thumb/v7-m/nofp\libc.a(lib_a-__atexit.o)
 .ARM.exidx.text.__sflush_r
                0x000000000800a250        0x8 c:/users/polzovatel/appdata/roaming/gnu_mcu_eclipse/xpack-arm-none-eabi-gcc-10.2.1-1.1/bin/../lib/gcc/arm-none-eabi/10.2.1/../../../../arm-none-eabi/lib/thumb/v7-m/nofp\libc.a(lib_a-fflush.o)
 .ARM.exidx.text._fflush_r
                0x000000000800a258        0x8 c:/users/polzovatel/appdata/roaming/gnu_mcu_eclipse/xpack-arm-none-eabi-gcc-10.2.1-1.1/bin/../lib/gcc/arm-none-eabi/10.2.1/../../../../arm-none-eabi/lib/thumb/v7-m/nofp\libc.a(lib_a-fflush.o)
 .ARM.exidx.text._cleanup_r
                0x000000000800a260        0x8 c:/users/polzovatel/appdata/roaming/gnu_mcu_eclipse/xpack-arm-none-eabi-gcc-10.2.1-1.1/bin/../lib/gcc/arm-none-eabi/10.2.1/../../../../arm-none-eabi/lib/thumb/v7-m/nofp\libc.a(lib_a-findfp.o)
 .ARM.exidx.text.__sinit
                0x000000000800a268        0x8 c:/users/polzovatel/appdata/roaming/gnu_mcu_eclipse/xpack-arm-none-eabi-gcc-10.2.1-1.1/bin/../lib/gcc/arm-none-eabi/10.2.1/../../../../arm-none-eabi/lib/thumb/v7-m/nofp\libc.a(lib_a-findfp.o)
 .ARM.exidx.text.__sfp_lock_acquire
                0x000000000800a270        0x8 c:/users/polzovatel/appdata/roaming/gnu_mcu_eclipse/xpack-arm-none-eabi-gcc-10.2.1-1.1/bin/../lib/gcc/arm-none-eabi/10.2.1/../../../../arm-none-eabi/lib/thumb/v7-m/nofp\libc.a(lib_a-findfp.o)
 .ARM.exidx.text.__sfp_lock_release
                0x000000000800a278        0x0 c:/users/polzovatel/appdata/roaming/gnu_mcu_eclipse/xpack-arm-none-eabi-gcc-10.2.1-1.1/bin/../lib/gcc/arm-none-eabi/10.2.1/../../../../arm-none-eabi/lib/thumb/v7-m/nofp\libc.a(lib_a-findfp.o)
                                          0x8 (size before relaxing)
 .ARM.exidx.text.__fputwc
                0x000000000800a278        0x8 c:/users/polzovatel/appdata/roaming/gnu_mcu_eclipse/xpack-arm-none-eabi-gcc-10.2.1-1.1/bin/../lib/gcc/arm-none-eabi/10.2.1/../../../../arm-none-eabi/lib/thumb/v7-m/nofp\libc.a(lib_a-fputwc.o)
 .ARM.exidx.text._fputwc_r
                0x000000000800a280        0x8 c:/users/polzovatel/appdata/roaming/gnu_mcu_eclipse/xpack-arm-none-eabi-gcc-10.2.1-1.1/bin/../lib/gcc/arm-none-eabi/10.2.1/../../../../arm-none-eabi/lib/thumb/v7-m/nofp\libc.a(lib_a-fputwc.o)
 .ARM.exidx.text.__sfvwrite_r
                0x000000000800a288        0x8 c:/users/polzovatel/appdata/roaming/gnu_mcu_eclipse/xpack-arm-none-eabi-gcc-10.2.1-1.1/bin/../lib/gcc/arm-none-eabi/10.2.1/../../../../arm-none-eabi/lib/thumb/v7-m/nofp\libc.a(lib_a-fvwrite.o)
 .ARM.exidx.text._fwalk_reent
                0x000000000800a290        0x8 c:/users/polzovatel/appdata/roaming/gnu_mcu_eclipse/xpack-arm-none-eabi-gcc-10.2.1-1.1/bin/../lib/gcc/arm-none-eabi/10.2.1/../../../../arm-none-eabi/lib/thumb/v7-m/nofp\libc.a(lib_a-fwalk.o)
 .ARM.exidx.text.__smakebuf_r