Archive member included to satisfy reference by file (symbol)

c:/users/polzovatel/appdata/roaming/gnu mcu eclipse/xpack-arm-none-eabi-gcc-10.2.1-1.1/bin/../lib/gcc/arm-none-eabi/10.2.1/../../../../arm-none-eabi/lib/thumb/v7-m/nofp\libstdc++.a(atexit_arm.o)
                              build/main.o (__aeabi_atexit)
c:/users/polzovatel/appdata/roaming/gnu mcu eclipse/xpack-arm-none-eabi-gcc-10.2.1-1.1/bin/../lib/gcc/arm-none-eabi/10.2.1/../../../../arm-none-eabi/lib/thumb/v7-m/nofp\libc.a(lib_a-cxa_atexit.o)
                              c:/users/polzovatel/appdata/roaming/gnu mcu eclipse/xpack-arm-none-eabi-gcc-10.2.1-1.1/bin/../lib/gcc/arm-none-eabi/10.2.1/../../../../arm-none-eabi/lib/thumb/v7-m/nofp\libstdc++.a(atexit_arm.o) (__cxa_atexit)
c:/users/polzovatel/appdata/roaming/gnu mcu eclipse/xpack-arm-none-eabi-gcc-10.2.1-1.1/bin/../lib/gcc/arm-none-eabi/10.2.1/../../../../arm-none-eabi/lib/thumb/v7-m/nofp\libc.a(lib_a-exit.o)
                              c:/users/polzovatel/appdata/roaming/gnu mcu eclipse/xpack-arm-none-eabi-gcc-10.2.1-1.1/bin/../lib/gcc/arm-none-eabi/10.2.1/../../../../arm-none-eabi/lib/thumb/v7-m/nofp/crt0.o (exit)
c:/users/polzovatel/appdata/roaming/gnu mcu eclipse/xpack-arm-none-eabi-gcc-10.2.1-1.1/bin/../lib/gcc/arm-none-eabi/10.2.1/../../../../arm-none-eabi/lib/thumb/v7-m/nofp\libc.a(lib_a-impure.o)
                              c:/users/polzovatel/appdata/roaming/gnu mcu eclipse/xpack-arm-none-eabi-gcc-10.2.1-1.1/bin/../lib/gcc/arm-none-eabi/10.2.1/../../../../arm-none-eabi/lib/thumb/v7-m/nofp\libc.a(lib_a-exit.o) (_global_impure_ptr)
c:/users/polzovatel/appdata/roaming/gnu mcu eclipse/xpack-arm-none-eabi-gcc-10.2.1-1.1/bin/../lib/gcc/arm-none-eabi/10.2.1/../../../../arm-none-eabi/lib/thumb/v7-m/nofp\libc.a(lib_a-init.o)
                              c:/users/polzovatel/appdata/roaming/gnu mcu eclipse/xpack-arm-none-eabi-gcc-10.2.1-1.1/bin/../lib/gcc/arm-none-eabi/10.2.1/../../../../arm-none-eabi/lib/thumb/v7-m/nofp/crt0.o (__libc_init_array)
c:/users/polzovatel/appdata/roaming/gnu mcu eclipse/xpack-arm-none-eabi-gcc-10.2.1-1.1/bin/../lib/gcc/arm-none-eabi/10.2.1/../../../../arm-none-eabi/lib/thumb/v7-m/nofp\libc.a(lib_a-memset.o)
                              c:/users/polzovatel/appdata/roaming/gnu mcu eclipse/xpack-arm-none-eabi-gcc-10.2.1-1.1/bin/../lib/gcc/arm-none-eabi/10.2.1/../../../../arm-none-eabi/lib/thumb/v7-m/nofp/crt0.o (memset)
c:/users/polzovatel/appdata/roaming/gnu mcu eclipse/xpack-arm-none-eabi-gcc-10.2.1-1.1/bin/../lib/gcc/arm-none-eabi/10.2.1/../../../../arm-none-eabi/lib/thumb/v7-m/nofp\libc.a(lib_a-strlen-stub.o)
                              build/main.o (strlen)
c:/users/polzovatel/appdata/roaming/gnu mcu eclipse/xpack-arm-none-eabi-gcc-10.2.1-1.1/bin/../lib/gcc/arm-none-eabi/10.2.1/../../../../arm-none-eabi/lib/thumb/v7-m/nofp\libc.a(lib_a-__atexit.o)
                              c:/users/polzovatel/appdata/roaming/gnu mcu eclipse/xpack-arm-none-eabi-gcc-10.2.1-1.1/bin/../lib/gcc/arm-none-eabi/10.2.1/../../../../arm-none-eabi/lib/thumb/v7-m/nofp\libc.a(lib_a-cxa_atexit.o) (__register_exitproc)
c:/users/polzovatel/appdata/roaming/gnu mcu eclipse/xpack-arm-none-eabi-gcc-10.2.1-1.1/bin/../lib/gcc/arm-none-eabi/10.2.1/../../../../arm-none-eabi/lib/thumb/v7-m/nofp\libc.a(lib_a-__call_atexit.o)
                              c:/users/polzovatel/appdata/roaming/gnu mcu eclipse/xpack-arm-none-eabi-gcc-10.2.1-1.1/bin/../lib/gcc/arm-none-eabi/10.2.1/../../../../arm-none-eabi/lib/thumb/v7-m/nofp\libc.a(lib_a-exit.o) (__call_exitprocs)
c:/users/polzovatel/appdata/roaming/gnu mcu eclipse/xpack-arm-none-eabi-gcc-10.2.1-1.1/bin/../lib/gcc/arm-none-eabi/10.2.1/../../../../arm-none-eabi/lib/thumb/v7-m/nofp\libc.a(lib_a-fini.o)
                              c:/users/polzovatel/appdata/roaming/gnu mcu eclipse/xpack-arm-none-eabi-gcc-10.2.1-1.1/bin/../lib/gcc/arm-none-eabi/10.2.1/../../../../arm-none-eabi/lib/thumb/v7-m/nofp\libc.a(lib_a-__call_atexit.o) (__libc_fini_array)
c:/users/polzovatel/appdata/roaming/gnu mcu eclipse/xpack-arm-none-eabi-gcc-10.2.1-1.1/bin/../lib/gcc/arm-none-eabi/10.2.1/../../../../arm-none-eabi/lib/thumb/v7-m/nofp\libc.a(lib_a-lock.o)
                              c:/users/polzovatel/appdata/roaming/gnu mcu eclipse/xpack-arm-none-eabi-gcc-10.2.1-1.1/bin/../lib/gcc/arm-none-eabi/10.2.1/../../../../arm-none-eabi/lib/thumb/v7-m/nofp\libc.a(lib_a-__atexit.o) (__retarget_lock_acquire_recursive)
c:/users/polzovatel/appdata/roaming/gnu mcu eclipse/xpack-arm-none-eabi-gcc-10.2.1-1.1/bin/../lib/gcc/arm-none-eabi/10.2.1/../../../../arm-none-eabi/lib/thumb/v7-m/nofp\libc.a(lib_a-atexit.o)
                              c:/users/polzovatel/appdata/roaming/gnu mcu eclipse/xpack-arm-none-eabi-gcc-10.2.1-1.1/bin/../lib/gcc/arm-none-eabi/10.2.1/../../../../arm-none-eabi/lib/thumb/v7-m/nofp\libc.a(lib_a-__call_atexit.o) (atexit)
[...]
Memory Configuration

Name             Origin             Length             Attributes
RAM              0x0000000020000000 0x0000000000005000 xrw
FLASH            0x0000000008000000 0x0000000000010000 xr
*default*        0x0000000000000000 0xffffffffffffffff

Linker script and memory map

LOAD c:/users/polzovatel/appdata/roaming/gnu mcu eclipse/xpack-arm-none-eabi-gcc-10.2.1-1.1/bin/../lib/gcc/arm-none-eabi/10.2.1/thumb/v7-m/nofp/crti.o
LOAD c:/users/polzovatel/appdata/roaming/gnu mcu eclipse/xpack-arm-none-eabi-gcc-10.2.1-1.1/bin/../lib/gcc/arm-none-eabi/10.2.1/thumb/v7-m/nofp/crtbegin.o
LOAD c:/users/polzovatel/appdata/roaming/gnu mcu eclipse/xpack-arm-none-eabi-gcc-10.2.1-1.1/bin/../lib/gcc/arm-none-eabi/10.2.1/../../../../arm-none-eabi/lib/thumb/v7-m/nofp/crt0.o
LOAD build/stm32f1xx_hal_msp.o
LOAD build/stm32f1xx_hal_gpio_ex.o
LOAD build/stm32f1xx_hal_tim.o
LOAD build/stm32f1xx_hal_tim_ex.o
LOAD build/stm32f1xx_hal_uart.o
LOAD build/stm32f1xx_hal.o
LOAD build/stm32f1xx_hal_rcc.o
LOAD build/stm32f1xx_hal_rcc_ex.o
LOAD build/stm32f1xx_hal_gpio.o
LOAD build/stm32f1xx_hal_dma.o
LOAD build/stm32f1xx_hal_cortex.o
LOAD build/stm32f1xx_hal_pwr.o
LOAD build/stm32f1xx_hal_flash.o
LOAD build/stm32f1xx_hal_flash_ex.o
LOAD build/stm32f1xx_hal_exti.o
LOAD build/system_stm32f1xx.o
LOAD build/main.o
LOAD build/stm32f1xx_it.o
LOAD build/startup_stm32f103xb.o
LOAD c:/users/polzovatel/appdata/roaming/gnu mcu eclipse/xpack-arm-none-eabi-gcc-10.2.1-1.1/bin/../lib/gcc/arm-none-eabi/10.2.1/../../../../arm-none-eabi/lib/thumb/v7-m/nofp\libnosys.a
LOAD c:/users/polzovatel/appdata/roaming/gnu mcu eclipse/xpack-arm-none-eabi-gcc-10.2.1-1.1/bin/../lib/gcc/arm-none-eabi/10.2.1/../../../../arm-none-eabi/lib/thumb/v7-m/nofp\libstdc++.a
LOAD c:/users/polzovatel/appdata/roaming/gnu mcu eclipse/xpack-arm-none-eabi-gcc-10.2.1-1.1/bin/../lib/gcc/arm-none-eabi/10.2.1/../../../../arm-none-eabi/lib/thumb/v7-m/nofp\libm.a
LOAD c:/users/polzovatel/appdata/roaming/gnu mcu eclipse/xpack-arm-none-eabi-gcc-10.2.1-1.1/bin/../lib/gcc/arm-none-eabi/10.2.1/../../../../arm-none-eabi/lib/thumb/v7-m/nofp\libc.a
START GROUP
LOAD c:/users/polzovatel/appdata/roaming/gnu mcu eclipse/xpack-arm-none-eabi-gcc-10.2.1-1.1/bin/../lib/gcc/arm-none-eabi/10.2.1/thumb/v7-m/nofp\libgcc.a
LOAD c:/users/polzovatel/appdata/roaming/gnu mcu eclipse/xpack-arm-none-eabi-gcc-10.2.1-1.1/bin/../lib/gcc/arm-none-eabi/10.2.1/../../../../arm-none-eabi/lib/thumb/v7-m/nofp\libc.a
END GROUP
START GROUP
LOAD c:/users/polzovatel/appdata/roaming/gnu mcu eclipse/xpack-arm-none-eabi-gcc-10.2.1-1.1/bin/../lib/gcc/arm-none-eabi/10.2.1/thumb/v7-m/nofp\libgcc.a
LOAD c:/users/polzovatel/appdata/roaming/gnu mcu eclipse/xpack-arm-none-eabi-gcc-10.2.1-1.1/bin/../lib/gcc/arm-none-eabi/10.2.1/../../../../arm-none-eabi/lib/thumb/v7-m/nofp\libc.a
LOAD c:/users/polzovatel/appdata/roaming/gnu mcu eclipse/xpack-arm-none-eabi-gcc-10.2.1-1.1/bin/../lib/gcc/arm-none-eabi/10.2.1/../../../../arm-none-eabi/lib/thumb/v7-m/nofp\libnosys.a
END GROUP
LOAD c:/users/polzovatel/appdata/roaming/gnu mcu eclipse/xpack-arm-none-eabi-gcc-10.2.1-1.1/bin/../lib/gcc/arm-none-eabi/10.2.1/thumb/v7-m/nofp/crtend.o
LOAD c:/users/polzovatel/appdata/roaming/gnu mcu eclipse/xpack-arm-none-eabi-gcc-10.2.1-1.1/bin/../lib/gcc/arm-none-eabi/10.2.1/thumb/v7-m/nofp/crtn.o
                0x0000000020005000                _estack = 0x20005000
                0x0000000000000200                _Min_Heap_Size = 0x200
                0x0000000000000400                _Min_Stack_Size = 0x400

.isr_vector     0x0000000008000000      0x10c
                0x0000000008000000                . = ALIGN (0x4)
 *(.isr_vector)
 .isr_vector    0x0000000008000000      0x10c build/startup_stm32f103xb.o
                0x0000000008000000                g_pfnVectors
                0x000000000800010c                . = ALIGN (0x4)

.text           0x000000000800010c     0x27a8
                0x000000000800010c                . = ALIGN (0x4)
 *(.text)
 .text          0x000000000800010c      0x1ac c:/users/polzovatel/appdata/roaming/gnu mcu eclipse/xpack-arm-none-eabi-gcc-10.2.1-1.1/bin/../lib/gcc/arm-none-eabi/10.2.1/thumb/v7-m/nofp\libgcc.a(libunwind.o)
                0x000000000800010c                __restore_core_regs
                0x000000000800010c                restore_core_regs
                0x0000000008000124                __gnu_Unwind_Restore_VFP
                0x000000000800012c                __gnu_Unwind_Save_VFP
                0x0000000008000134                __gnu_Unwind_Restore_VFP_D
                0x000000000800013c                __gnu_Unwind_Save_VFP_D
                0x0000000008000144                __gnu_Unwind_Restore_VFP_D_16_to_31
                0x000000000800014c                __gnu_Unwind_Save_VFP_D_16_to_31
                0x0000000008000154                __gnu_Unwind_Restore_WMMXD
                0x0000000008000198                __gnu_Unwind_Save_WMMXD
                0x00000000080001dc                __gnu_Unwind_Restore_WMMXC
                0x00000000080001f0                __gnu_Unwind_Save_WMMXC
                0x0000000008000204                ___Unwind_RaiseException
                0x0000000008000204                _Unwind_RaiseException
                0x0000000008000228                _Unwind_Resume
                0x0000000008000228                ___Unwind_Resume
                0x000000000800024c                _Unwind_Resume_or_Rethrow
                0x000000000800024c                ___Unwind_Resume_or_Rethrow
                0x0000000008000270                _Unwind_ForcedUnwind
                0x0000000008000270                ___Unwind_ForcedUnwind
                0x0000000008000294                ___Unwind_Backtrace
                0x0000000008000294                _Unwind_Backtrace
 .text          0x00000000080002b8       0xec c:/users/polzovatel/appdata/roaming/gnu mcu eclipse/xpack-arm-none-eabi-gcc-10.2.1-1.1/bin/../lib/gcc/arm-none-eabi/10.2.1/../../../../arm-none-eabi/lib/thumb/v7-m/nofp\libc.a(lib_a-memcpy.o)
                0x00000000080002b8                memcpy
 *(.text*)
 .text.__do_global_dtors_aux
                0x00000000080003a4       0x24 c:/users/polzovatel/appdata/roaming/gnu mcu eclipse/xpack-arm-none-eabi-gcc-10.2.1-1.1/bin/../lib/gcc/arm-none-eabi/10.2.1/thumb/v7-m/nofp/crtbegin.o
 .text.frame_dummy
                0x00000000080003c8       0x1c c:/users/polzovatel/appdata/roaming/gnu mcu eclipse/xpack-arm-none-eabi-gcc-10.2.1-1.1/bin/../lib/gcc/arm-none-eabi/10.2.1/thumb/v7-m/nofp/crtbegin.o
 .text.HAL_MspInit
                0x00000000080003e4       0x44 build/stm32f1xx_hal_msp.o
                0x00000000080003e4                HAL_MspInit
 .text.HAL_UART_MspInit
                0x0000000008000428       0x88 build/stm32f1xx_hal_msp.o
                0x0000000008000428                HAL_UART_MspInit
 .text._ZL18UART_EndRxTransferP20__UART_HandleTypeDef
                0x00000000080004b0       0x1c build/stm32f1xx_hal_uart.o
 .text._ZL16UART_Transmit_ITP20__UART_HandleTypeDef
                0x00000000080004cc       0x60 build/stm32f1xx_hal_uart.o
 .text._ZL14UART_SetConfigP20__UART_HandleTypeDef
                0x000000000800052c       0x94 build/stm32f1xx_hal_uart.o
 .text._ZL27UART_WaitOnFlagUntilTimeoutP20__UART_HandleTypeDefm10FlagStatusmm
                0x00000000080005c0       0x70 build/stm32f1xx_hal_uart.o
 .text.HAL_UART_Init
                0x0000000008000630       0x5e build/stm32f1xx_hal_uart.o
                0x0000000008000630                HAL_UART_Init
 .text.HAL_UART_Transmit
                0x000000000800068e       0xd8 build/stm32f1xx_hal_uart.o
                0x000000000800068e                HAL_UART_Transmit
 .text.HAL_UART_Receive
                0x0000000008000766       0xe2 build/stm32f1xx_hal_uart.o
                0x0000000008000766                HAL_UART_Receive
 .text.HAL_UART_TxCpltCallback
                0x0000000008000848        0x2 build/stm32f1xx_hal_uart.o
                0x0000000008000848                HAL_UART_TxCpltCallback
 .text._ZL19UART_EndTransmit_ITP20__UART_HandleTypeDef
                0x000000000800084a       0x1a build/stm32f1xx_hal_uart.o
 .text.HAL_UART_RxCpltCallback
                0x0000000008000864        0x2 build/stm32f1xx_hal_uart.o
                0x0000000008000864                HAL_UART_RxCpltCallback
 .text._ZL15UART_Receive_ITP20__UART_HandleTypeDef
                0x0000000008000866       0x94 build/stm32f1xx_hal_uart.o
 .text.HAL_UART_ErrorCallback
                0x00000000080008fa        0x2 build/stm32f1xx_hal_uart.o
                0x00000000080008fa                HAL_UART_ErrorCallback
 .text.HAL_UART_IRQHandler
                0x00000000080008fc      0x128 build/stm32f1xx_hal_uart.o
                0x00000000080008fc                HAL_UART_IRQHandler
 .text._ZL20UART_DMAAbortOnErrorP19__DMA_HandleTypeDef
                0x0000000008000a24       0x10 build/stm32f1xx_hal_uart.o
 .text.HAL_UART_GetState
                0x0000000008000a34        0xc build/stm32f1xx_hal_uart.o
                0x0000000008000a34                HAL_UART_GetState
 .text.HAL_InitTick
                0x0000000008000a40       0x4c build/stm32f1xx_hal.o
                0x0000000008000a40                HAL_InitTick
 .text.HAL_Init
                0x0000000008000a8c       0x24 build/stm32f1xx_hal.o
                0x0000000008000a8c                HAL_Init
 .text.HAL_IncTick
                0x0000000008000ab0       0x18 build/stm32f1xx_hal.o
                0x0000000008000ab0                HAL_IncTick
 .text.HAL_GetTick
                0x0000000008000ac8        0xc build/stm32f1xx_hal.o
                0x0000000008000ac8                HAL_GetTick
 .text.HAL_Delay
                0x0000000008000ad4       0x28 build/stm32f1xx_hal.o
                0x0000000008000ad4                HAL_Delay
 .text._ZL9RCC_Delaym
                0x0000000008000afc       0x2c build/stm32f1xx_hal_rcc.o
 .text.HAL_RCC_OscConfig
                0x0000000008000b28      0x410 build/stm32f1xx_hal_rcc.o
                0x0000000008000b28                HAL_RCC_OscConfig
 .text.HAL_RCC_GetSysClockFreq
                0x0000000008000f38       0x6c build/stm32f1xx_hal_rcc.o
                0x0000000008000f38                HAL_RCC_GetSysClockFreq
 .text.HAL_RCC_ClockConfig
                0x0000000008000fa4      0x16c build/stm32f1xx_hal_rcc.o
                0x0000000008000fa4                HAL_RCC_ClockConfig
 .text.HAL_RCC_GetHCLKFreq
                0x0000000008001110        0xc build/stm32f1xx_hal_rcc.o
                0x0000000008001110                HAL_RCC_GetHCLKFreq
 .text.HAL_RCC_GetPCLK1Freq
                0x000000000800111c       0x20 build/stm32f1xx_hal_rcc.o
                0x000000000800111c                HAL_RCC_GetPCLK1Freq
 .text.HAL_RCC_GetPCLK2Freq
                0x000000000800113c       0x20 build/stm32f1xx_hal_rcc.o
                0x000000000800113c                HAL_RCC_GetPCLK2Freq
 .text.HAL_GPIO_Init
                0x000000000800115c      0x228 build/stm32f1xx_hal_gpio.o
                0x000000000800115c                HAL_GPIO_Init
 .text.HAL_GPIO_WritePin
                0x0000000008001384        0xc build/stm32f1xx_hal_gpio.o
                0x0000000008001384                HAL_GPIO_WritePin
 .text.HAL_DMA_Abort_IT
                0x0000000008001390       0x98 build/stm32f1xx_hal_dma.o
                0x0000000008001390                HAL_DMA_Abort_IT
 .text.HAL_NVIC_SetPriorityGrouping
                0x0000000008001428       0x24 build/stm32f1xx_hal_cortex.o
                0x0000000008001428                HAL_NVIC_SetPriorityGrouping
 .text.HAL_NVIC_SetPriority
                0x000000000800144c       0x70 build/stm32f1xx_hal_cortex.o
                0x000000000800144c                HAL_NVIC_SetPriority
 .text.HAL_NVIC_EnableIRQ
                0x00000000080014bc       0x1c build/stm32f1xx_hal_cortex.o
                0x00000000080014bc                HAL_NVIC_EnableIRQ
 .text.HAL_SYSTICK_Config
                0x00000000080014d8       0x28 build/stm32f1xx_hal_cortex.o
                0x00000000080014d8                HAL_SYSTICK_Config
 .text.SystemInit
                0x0000000008001500        0x2 build/system_stm32f1xx.o
                0x0000000008001500                SystemInit
 .text._ZN4UartD2Ev
                0x0000000008001502        0x8 build/main.o
                0x0000000008001502                Uart::~Uart()
                0x0000000008001502                Uart::~Uart()
 *fill*         0x000000000800150a        0x2 
 .text._ZL12MX_GPIO_Initv
                0x000000000800150c       0x68 build/main.o
 .text._Z41__static_initialization_and_destruction_0ii
                0x0000000008001574       0x4c build/main.o
 .text._ZN4Uart14WriteDataAsyncEPKcm
                0x00000000080015c0       0x1e build/main.o
                0x00000000080015c0                Uart::WriteDataAsync(char const*, unsigned long)
 .text.Error_Handler
                0x00000000080015de        0x4 build/main.o
                0x00000000080015de                Error_Handler
 *fill*         0x00000000080015e2        0x2 
 .text._ZL19MX_USART1_UART_Initv
                0x00000000080015e4       0x34 build/main.o
 .text._Z18SystemClock_Configv
                0x0000000008001618       0x52 build/main.o
                0x0000000008001618                SystemClock_Config()
 .text._ZSt9__find_ifIPhN9__gnu_cxx5__ops16_Iter_equals_valIKcEEET_S6_S6_T0_St26random_access_iterator_tag
                0x000000000800166a       0x80 build/main.o
                0x000000000800166a                unsigned char* std::__find_if<unsigned char*, __gnu_cxx::__ops::_Iter_equals_val<char const> >(unsigned char*, unsigned char*, __gnu_cxx::__ops::_Iter_equals_val<char const>, std::random_access_iterator_tag)
 .text._ZN3etl4findIPhcEET_S2_S2_RKT0_
                0x00000000080016ea        0xc build/main.o
                0x00000000080016ea                unsigned char* etl::find<unsigned char*, char>(unsigned char*, unsigned char*, char const&)
 *fill*         0x00000000080016f6        0x2 
 .text.main     0x00000000080016f8       0xf4 build/main.o
                0x00000000080016f8                main
 .text._GLOBAL__sub_I_huart1
                0x00000000080017ec        0xe build/main.o
 .text.NMI_Handler
                0x00000000080017fa        0x2 build/stm32f1xx_it.o
                0x00000000080017fa                NMI_Handler
 .text.HardFault_Handler
                0x00000000080017fc        0x2 build/stm32f1xx_it.o
                0x00000000080017fc                HardFault_Handler
 .text.MemManage_Handler
                0x00000000080017fe        0x2 build/stm32f1xx_it.o
                0x00000000080017fe                MemManage_Handler
 .text.BusFault_Handler
                0x0000000008001800        0x2 build/stm32f1xx_it.o
                0x0000000008001800                BusFault_Handler
 .text.UsageFault_Handler
                0x0000000008001802        0x2 build/stm32f1xx_it.o
                0x0000000008001802                UsageFault_Handler
 .text.SVC_Handler
                0x0000000008001804        0x2 build/stm32f1xx_it.o
                0x0000000008001804                SVC_Handler
 .text.DebugMon_Handler
                0x0000000008001806        0x2 build/stm32f1xx_it.o
                0x0000000008001806                DebugMon_Handler
 .text.PendSV_Handler
                0x0000000008001808        0x2 build/stm32f1xx_it.o
                0x0000000008001808                PendSV_Handler
 .text.SysTick_Handler
                0x000000000800180a        0x8 build/stm32f1xx_it.o
                0x000000000800180a                SysTick_Handler
 *fill*         0x0000000008001812        0x2 
 .text.USART1_IRQHandler
                0x0000000008001814       0x38 build/stm32f1xx_it.o
                0x0000000008001814                USART1_IRQHandler
 .text.Reset_Handler
                0x000000000800184c       0x48 build/startup_stm32f103xb.o
                0x000000000800184c                Reset_Handler
 .text.Default_Handler
                0x0000000008001894        0x2 build/startup_stm32f103xb.o
                0x0000000008001894                RTC_Alarm_IRQHandler
                0x0000000008001894                EXTI2_IRQHandler
                0x0000000008001894                TIM1_CC_IRQHandler
                0x0000000008001894                PVD_IRQHandler
                0x0000000008001894                EXTI3_IRQHandler
                0x0000000008001894                EXTI0_IRQHandler
                0x0000000008001894                I2C2_EV_IRQHandler
                0x0000000008001894                ADC1_2_IRQHandler
                0x0000000008001894                SPI1_IRQHandler
                0x0000000008001894                TAMPER_IRQHandler
                0x0000000008001894                DMA1_Channel4_IRQHandler
                0x0000000008001894                USART3_IRQHandler
                0x0000000008001894                RTC_IRQHandler
                0x0000000008001894                DMA1_Channel7_IRQHandler
                0x0000000008001894                CAN1_RX1_IRQHandler
                0x0000000008001894                TIM4_IRQHandler
                0x0000000008001894                I2C1_EV_IRQHandler
                0x0000000008001894                DMA1_Channel6_IRQHandler
                0x0000000008001894                TIM3_IRQHandler
                0x0000000008001894                RCC_IRQHandler
                0x0000000008001894                TIM1_TRG_COM_IRQHandler
                0x0000000008001894                DMA1_Channel1_IRQHandler
                0x0000000008001894                Default_Handler
                0x0000000008001894                EXTI15_10_IRQHandler
                0x0000000008001894                EXTI9_5_IRQHandler
                0x0000000008001894                SPI2_IRQHandler
                0x0000000008001894                DMA1_Channel5_IRQHandler
                0x0000000008001894                EXTI4_IRQHandler
                0x0000000008001894                USB_LP_CAN1_RX0_IRQHandler
                0x0000000008001894                USB_HP_CAN1_TX_IRQHandler
                0x0000000008001894                DMA1_Channel3_IRQHandler
                0x0000000008001894                TIM1_UP_IRQHandler
                0x0000000008001894                WWDG_IRQHandler
                0x0000000008001894                TIM2_IRQHandler
                0x0000000008001894                TIM1_BRK_IRQHandler
                0x0000000008001894                EXTI1_IRQHandler
                0x0000000008001894                USART2_IRQHandler
                0x0000000008001894                I2C2_ER_IRQHandler
                0x0000000008001894                DMA1_Channel2_IRQHandler
                0x0000000008001894                CAN1_SCE_IRQHandler
                0x0000000008001894                FLASH_IRQHandler
                0x0000000008001894                I2C1_ER_IRQHandler
                0x0000000008001894                USBWakeUp_IRQHandler
 *fill*         0x0000000008001896        0x2 
 .text.__aeabi_atexit
                0x0000000008001898        0xc c:/users/polzovatel/appdata/roaming/gnu mcu eclipse/xpack-arm-none-eabi-gcc-10.2.1-1.1/bin/../lib/gcc/arm-none-eabi/10.2.1/../../../../arm-none-eabi/lib/thumb/v7-m/nofp\libstdc++.a(atexit_arm.o)
                0x0000000008001898                __aeabi_atexit
 .text.__cxa_atexit
                0x00000000080018a4       0x18 c:/users/polzovatel/appdata/roaming/gnu mcu eclipse/xpack-arm-none-eabi-gcc-10.2.1-1.1/bin/../lib/gcc/arm-none-eabi/10.2.1/../../../../arm-none-eabi/lib/thumb/v7-m/nofp\libc.a(lib_a-cxa_atexit.o)
                0x00000000080018a4                __cxa_atexit
 .text.__libc_init_array
                0x00000000080018bc       0x48 c:/users/polzovatel/appdata/roaming/gnu mcu eclipse/xpack-arm-none-eabi-gcc-10.2.1-1.1/bin/../lib/gcc/arm-none-eabi/10.2.1/../../../../arm-none-eabi/lib/thumb/v7-m/nofp\libc.a(lib_a-init.o)
                0x00000000080018bc                __libc_init_array
 .text.memset   0x0000000008001904       0xa4 c:/users/polzovatel/appdata/roaming/gnu mcu eclipse/xpack-arm-none-eabi-gcc-10.2.1-1.1/bin/../lib/gcc/arm-none-eabi/10.2.1/../../../../arm-none-eabi/lib/thumb/v7-m/nofp\libc.a(lib_a-memset.o)
                0x0000000008001904                memset
 .text.strlen   0x00000000080019a8       0x5c c:/users/polzovatel/appdata/roaming/gnu mcu eclipse/xpack-arm-none-eabi-gcc-10.2.1-1.1/bin/../lib/gcc/arm-none-eabi/10.2.1/../../../../arm-none-eabi/lib/thumb/v7-m/nofp\libc.a(lib_a-strlen-stub.o)
                0x00000000080019a8                strlen
 .text.__register_exitproc
                0x0000000008001a04       0x8c c:/users/polzovatel/appdata/roaming/gnu mcu eclipse/xpack-arm-none-eabi-gcc-10.2.1-1.1/bin/../lib/gcc/arm-none-eabi/10.2.1/../../../../arm-none-eabi/lib/thumb/v7-m/nofp\libc.a(lib_a-__atexit.o)
                0x0000000008001a04                __register_exitproc
 .text.startup.register_fini
                0x0000000008001a90       0x14 c:/users/polzovatel/appdata/roaming/gnu mcu eclipse/xpack-arm-none-eabi-gcc-10.2.1-1.1/bin/../lib/gcc/arm-none-eabi/10.2.1/../../../../arm-none-eabi/lib/thumb/v7-m/nofp\libc.a(lib_a-__call_atexit.o)
 .text.__libc_fini_array
                0x0000000008001aa4       0x2c c:/users/polzovatel/appdata/roaming/gnu mcu eclipse/xpack-arm-none-eabi-gcc-10.2.1-1.1/bin/../lib/gcc/arm-none-eabi/10.2.1/../../../../arm-none-eabi/lib/thumb/v7-m/nofp\libc.a(lib_a-fini.o)
                0x0000000008001aa4                __libc_fini_array
 .text.__retarget_lock_acquire_recursive
                0x0000000008001ad0        0x4 c:/users/polzovatel/appdata/roaming/gnu mcu eclipse/xpack-arm-none-eabi-gcc-10.2.1-1.1/bin/../lib/gcc/arm-none-eabi/10.2.1/../../../../arm-none-eabi/lib/thumb/v7-m/nofp\libc.a(lib_a-lock.o)
                0x0000000008001ad0                __retarget_lock_acquire_recursive
 .text.__retarget_lock_release_recursive
                0x0000000008001ad4        0x4 c:/users/polzovatel/appdata/roaming/gnu mcu eclipse/xpack-arm-none-eabi-gcc-10.2.1-1.1/bin/../lib/gcc/arm-none-eabi/10.2.1/../../../../arm-none-eabi/lib/thumb/v7-m/nofp\libc.a(lib_a-lock.o)
                0x0000000008001ad4                __retarget_lock_release_recursive
 .text.atexit   0x0000000008001ad8        0xc c:/users/polzovatel/appdata/roaming/gnu mcu eclipse/xpack-arm-none-eabi-gcc-10.2.1-1.1/bin/../lib/gcc/arm-none-eabi/10.2.1/../../../../arm-none-eabi/lib/thumb/v7-m/nofp\libc.a(lib_a-atexit.o)
                0x0000000008001ad8                atexit
 .text.selfrel_offset31
                0x0000000008001ae4       0x14 c:/users/polzovatel/appdata/roaming/gnu mcu eclipse/xpack-arm-none-eabi-gcc-10.2.1-1.1/bin/../lib/gcc/arm-none-eabi/10.2.1/thumb/v7-m/nofp\libgcc.a(unwind-arm.o)
 .text.search_EIT_table
                0x0000000008001af8       0x60 c:/users/polzovatel/appdata/roaming/gnu mcu eclipse/xpack-arm-none-eabi-gcc-10.2.1-1.1/bin/../lib/gcc/arm-none-eabi/10.2.1/thumb/v7-m/nofp\libgcc.a(unwind-arm.o)
 .text.__gnu_unwind_get_pr_addr
                0x0000000008001b58       0x28 c:/users/polzovatel/appdata/roaming/gnu mcu eclipse/xpack-arm-none-eabi-gcc-10.2.1-1.1/bin/../lib/gcc/arm-none-eabi/10.2.1/thumb/v7-m/nofp\libgcc.a(unwind-arm.o)
 .text.get_eit_entry
                0x0000000008001b80       0xa0 c:/users/polzovatel/appdata/roaming/gnu mcu eclipse/xpack-arm-none-eabi-gcc-10.2.1-1.1/bin/../lib/gcc/arm-none-eabi/10.2.1/thumb/v7-m/nofp\libgcc.a(unwind-arm.o)
 .text.restore_non_core_regs
                0x0000000008001c20       0x58 c:/users/polzovatel/appdata/roaming/gnu mcu eclipse/xpack-arm-none-eabi-gcc-10.2.1-1.1/bin/../lib/gcc/arm-none-eabi/10.2.1/thumb/v7-m/nofp\libgcc.a(unwind-arm.o)
 .text._Unwind_decode_typeinfo_ptr.constprop.0
                0x0000000008001c78        0xc c:/users/polzovatel/appdata/roaming/gnu mcu eclipse/xpack-arm-none-eabi-gcc-10.2.1-1.1/bin/../lib/gcc/arm-none-eabi/10.2.1/thumb/v7-m/nofp\libgcc.a(unwind-arm.o)
 .text._Unwind_DebugHook
                0x0000000008001c84        0x4 c:/users/polzovatel/appdata/roaming/gnu mcu eclipse/xpack-arm-none-eabi-gcc-10.2.1-1.1/bin/../lib/gcc/arm-none-eabi/10.2.1/thumb/v7-m/nofp\libgcc.a(unwind-arm.o)
 .text.unwind_phase2
                0x0000000008001c88       0x40 c:/users/polzovatel/appdata/roaming/gnu mcu eclipse/xpack-arm-none-eabi-gcc-10.2.1-1.1/bin/../lib/gcc/arm-none-eabi/10.2.1/thumb/v7-m/nofp\libgcc.a(unwind-arm.o)
 .text.unwind_phase2_forced
                0x0000000008001cc8       0xd8 c:/users/polzovatel/appdata/roaming/gnu mcu eclipse/xpack-arm-none-eabi-gcc-10.2.1-1.1/bin/../lib/gcc/arm-none-eabi/10.2.1/thumb/v7-m/nofp\libgcc.a(unwind-arm.o)
 .text.__gnu_Unwind_RaiseException
                0x0000000008001da0       0x68 c:/users/polzovatel/appdata/roaming/gnu mcu eclipse/xpack-arm-none-eabi-gcc-10.2.1-1.1/bin/../lib/gcc/arm-none-eabi/10.2.1/thumb/v7-m/nofp\libgcc.a(unwind-arm.o)
                0x0000000008001da0                __gnu_Unwind_RaiseException
 .text.__gnu_Unwind_ForcedUnwind
                0x0000000008001e08       0x18 c:/users/polzovatel/appdata/roaming/gnu mcu eclipse/xpack-arm-none-eabi-gcc-10.2.1-1.1/bin/../lib/gcc/arm-none-eabi/10.2.1/thumb/v7-m/nofp\libgcc.a(unwind-arm.o)
                0x0000000008001e08                __gnu_Unwind_ForcedUnwind
 .text.__gnu_Unwind_Resume
                0x0000000008001e20       0x44 c:/users/polzovatel/appdata/roaming/gnu mcu eclipse/xpack-arm-none-eabi-gcc-10.2.1-1.1/bin/../lib/gcc/arm-none-eabi/10.2.1/thumb/v7-m/nofp\libgcc.a(unwind-arm.o)
                0x0000000008001e20                __gnu_Unwind_Resume
 .text.__gnu_Unwind_Resume_or_Rethrow
                0x0000000008001e64       0x18 c:/users/polzovatel/appdata/roaming/gnu mcu eclipse/xpack-arm-none-eabi-gcc-10.2.1-1.1/bin/../lib/gcc/arm-none-eabi/10.2.1/thumb/v7-m/nofp\libgcc.a(unwind-arm.o)
                0x0000000008001e64                __gnu_Unwind_Resume_or_Rethrow
 .text._Unwind_VRS_Get
                0x0000000008001e7c       0x30 c:/users/polzovatel/appdata/roaming/gnu mcu eclipse/xpack-arm-none-eabi-gcc-10.2.1-1.1/bin/../lib/gcc/arm-none-eabi/10.2.1/thumb/v7-m/nofp\libgcc.a(unwind-arm.o)
                0x0000000008001e7c                _Unwind_VRS_Get
 .text._Unwind_GetGR
                0x0000000008001eac       0x1c c:/users/polzovatel/appdata/roaming/gnu mcu eclipse/xpack-arm-none-eabi-gcc-10.2.1-1.1/bin/../lib/gcc/arm-none-eabi/10.2.1/thumb/v7-m/nofp\libgcc.a(unwind-arm.o)
 .text._Unwind_VRS_Set
                0x0000000008001ec8       0x30 c:/users/polzovatel/appdata/roaming/gnu mcu eclipse/xpack-arm-none-eabi-gcc-10.2.1-1.1/bin/../lib/gcc/arm-none-eabi/10.2.1/thumb/v7-m/nofp\libgcc.a(unwind-arm.o)
                0x0000000008001ec8                _Unwind_VRS_Set
 .text._Unwind_SetGR
                0x0000000008001ef8       0x18 c:/users/polzovatel/appdata/roaming/gnu mcu eclipse/xpack-arm-none-eabi-gcc-10.2.1-1.1/bin/../lib/gcc/arm-none-eabi/10.2.1/thumb/v7-m/nofp\libgcc.a(unwind-arm.o)
 .text.__gnu_Unwind_Backtrace
                0x0000000008001f10       0x80 c:/users/polzovatel/appdata/roaming/gnu mcu eclipse/xpack-arm-none-eabi-gcc-10.2.1-1.1/bin/../lib/gcc/arm-none-eabi/10.2.1/thumb/v7-m/nofp\libgcc.a(unwind-arm.o)
                0x0000000008001f10                __gnu_Unwind_Backtrace
 .text.__gnu_unwind_pr_common
                0x0000000008001f90      0x2a8 c:/users/polzovatel/appdata/roaming/gnu mcu eclipse/xpack-arm-none-eabi-gcc-10.2.1-1.1/bin/../lib/gcc/arm-none-eabi/10.2.1/thumb/v7-m/nofp\libgcc.a(unwind-arm.o)
 .text.__aeabi_unwind_cpp_pr0
                0x0000000008002238        0x8 c:/users/polzovatel/appdata/roaming/gnu mcu eclipse/xpack-arm-none-eabi-gcc-10.2.1-1.1/bin/../lib/gcc/arm-none-eabi/10.2.1/thumb/v7-m/nofp\libgcc.a(unwind-arm.o)
                0x0000000008002238                __aeabi_unwind_cpp_pr0
 .text.__aeabi_unwind_cpp_pr1
                0x0000000008002240        0x8 c:/users/polzovatel/appdata/roaming/gnu mcu eclipse/xpack-arm-none-eabi-gcc-10.2.1-1.1/bin/../lib/gcc/arm-none-eabi/10.2.1/thumb/v7-m/nofp\libgcc.a(unwind-arm.o)
                0x0000000008002240                __aeabi_unwind_cpp_pr1
 .text.__aeabi_unwind_cpp_pr2
                0x0000000008002248        0x8 c:/users/polzovatel/appdata/roaming/gnu mcu eclipse/xpack-arm-none-eabi-gcc-10.2.1-1.1/bin/../lib/gcc/arm-none-eabi/10.2.1/thumb/v7-m/nofp\libgcc.a(unwind-arm.o)
                0x0000000008002248                __aeabi_unwind_cpp_pr2
 .text._Unwind_VRS_Pop
                0x0000000008002250      0x274 c:/users/polzovatel/appdata/roaming/gnu mcu eclipse/xpack-arm-none-eabi-gcc-10.2.1-1.1/bin/../lib/gcc/arm-none-eabi/10.2.1/thumb/v7-m/nofp\libgcc.a(unwind-arm.o)
                0x0000000008002250                _Unwind_VRS_Pop
 .text.next_unwind_byte
                0x00000000080024c4       0x38 c:/users/polzovatel/appdata/roaming/gnu mcu eclipse/xpack-arm-none-eabi-gcc-10.2.1-1.1/bin/../lib/gcc/arm-none-eabi/10.2.1/thumb/v7-m/nofp\libgcc.a(pr-support.o)
 .text.__gnu_unwind_execute
                0x00000000080024fc      0x2e4 c:/users/polzovatel/appdata/roaming/gnu mcu eclipse/xpack-arm-none-eabi-gcc-10.2.1-1.1/bin/../lib/gcc/arm-none-eabi/10.2.1/thumb/v7-m/nofp\libgcc.a(pr-support.o)
                0x00000000080024fc                __gnu_unwind_execute
 .text.abort    0x00000000080027e0       0x10 c:/users/polzovatel/appdata/roaming/gnu mcu eclipse/xpack-arm-none-eabi-gcc-10.2.1-1.1/bin/../lib/gcc/arm-none-eabi/10.2.1/../../../../arm-none-eabi/lib/thumb/v7-m/nofp\libc.a(lib_a-abort.o)
                0x00000000080027e0                abort
 .text.raise    0x00000000080027f0       0x5c c:/users/polzovatel/appdata/roaming/gnu mcu eclipse/xpack-arm-none-eabi-gcc-10.2.1-1.1/bin/../lib/gcc/arm-none-eabi/10.2.1/../../../../arm-none-eabi/lib/thumb/v7-m/nofp\libc.a(lib_a-signal.o)
                0x00000000080027f0                raise
 .text._kill_r  0x000000000800284c       0x28 c:/users/polzovatel/appdata/roaming/gnu mcu eclipse/xpack-arm-none-eabi-gcc-10.2.1-1.1/bin/../lib/gcc/arm-none-eabi/10.2.1/../../../../arm-none-eabi/lib/thumb/v7-m/nofp\libc.a(lib_a-signalr.o)
                0x000000000800284c                _kill_r
 .text._getpid_r
                0x0000000008002874        0x4 c:/users/polzovatel/appdata/roaming/gnu mcu eclipse/xpack-arm-none-eabi-gcc-10.2.1-1.1/bin/../lib/gcc/arm-none-eabi/10.2.1/../../../../arm-none-eabi/lib/thumb/v7-m/nofp\libc.a(lib_a-signalr.o)
                0x0000000008002874                _getpid_r
 .text._getpid  0x0000000008002878       0x10 c:/users/polzovatel/appdata/roaming/gnu mcu eclipse/xpack-arm-none-eabi-gcc-10.2.1-1.1/bin/../lib/gcc/arm-none-eabi/10.2.1/../../../../arm-none-eabi/lib/thumb/v7-m/nofp\libnosys.a(getpid.o)
                0x0000000008002878                _getpid
 .text._kill    0x0000000008002888       0x10 c:/users/polzovatel/appdata/roaming/gnu mcu eclipse/xpack-arm-none-eabi-gcc-10.2.1-1.1/bin/../lib/gcc/arm-none-eabi/10.2.1/../../../../arm-none-eabi/lib/thumb/v7-m/nofp\libnosys.a(kill.o)
                0x0000000008002888                _kill
 .text._exit    0x0000000008002898        0x4 c:/users/polzovatel/appdata/roaming/gnu mcu eclipse/xpack-arm-none-eabi-gcc-10.2.1-1.1/bin/../lib/gcc/arm-none-eabi/10.2.1/../../../../arm-none-eabi/lib/thumb/v7-m/nofp\libnosys.a(_exit.o)
                0x0000000008002898                _exit
 *(.glue_7)
 .glue_7        0x000000000800289c        0x0 linker stubs
 *(.glue_7t)
 .glue_7t       0x000000000800289c        0x0 linker stubs
 *(.eh_frame)
 .eh_frame      0x000000000800289c        0x0 c:/users/polzovatel/appdata/roaming/gnu mcu eclipse/xpack-arm-none-eabi-gcc-10.2.1-1.1/bin/../lib/gcc/arm-none-eabi/10.2.1/thumb/v7-m/nofp/crtbegin.o
 *(.init)
 .init          0x000000000800289c        0x4 c:/users/polzovatel/appdata/roaming/gnu mcu eclipse/xpack-arm-none-eabi-gcc-10.2.1-1.1/bin/../lib/gcc/arm-none-eabi/10.2.1/thumb/v7-m/nofp/crti.o
                0x000000000800289c                _init
 .init          0x00000000080028a0        0x8 c:/users/polzovatel/appdata/roaming/gnu mcu eclipse/xpack-arm-none-eabi-gcc-10.2.1-1.1/bin/../lib/gcc/arm-none-eabi/10.2.1/thumb/v7-m/nofp/crtn.o
 *(.fini)
 .fini          0x00000000080028a8        0x4 c:/users/polzovatel/appdata/roaming/gnu mcu eclipse/xpack-arm-none-eabi-gcc-10.2.1-1.1/bin/../lib/gcc/arm-none-eabi/10.2.1/thumb/v7-m/nofp/crti.o
                0x00000000080028a8                _fini
 .fini          0x00000000080028ac        0x8 c:/users/polzovatel/appdata/roaming/gnu mcu eclipse/xpack-arm-none-eabi-gcc-10.2.1-1.1/bin/../lib/gcc/arm-none-eabi/10.2.1/thumb/v7-m/nofp/crtn.o
                0x00000000080028b4                . = ALIGN (0x4)
                0x00000000080028b4                _etext = .

.vfp11_veneer   0x00000000080028b4        0x0
 .vfp11_veneer  0x00000000080028b4        0x0 linker stubs

.v4_bx          0x00000000080028b4        0x0
 .v4_bx         0x00000000080028b4        0x0 linker stubs

.iplt           0x00000000080028b4        0x0
 .iplt          0x00000000080028b4        0x0 c:/users/polzovatel/appdata/roaming/gnu mcu eclipse/xpack-arm-none-eabi-gcc-10.2.1-1.1/bin/../lib/gcc/arm-none-eabi/10.2.1/thumb/v7-m/nofp/crtbegin.o

.rodata         0x00000000080028b4       0x4c
                0x00000000080028b4                . = ALIGN (0x4)
 *(.rodata)
 *(.rodata*)
 .rodata.HAL_RCC_GetSysClockFreq.str1.4
                0x00000000080028b4       0x11 build/stm32f1xx_hal_rcc.o
 *fill*         0x00000000080028c5        0x3 
 .rodata.AHBPrescTable
                0x00000000080028c8       0x10 build/system_stm32f1xx.o
                0x00000000080028c8                AHBPrescTable
 .rodata.APBPrescTable
                0x00000000080028d8        0x8 build/system_stm32f1xx.o
                0x00000000080028d8                APBPrescTable
 .rodata.main.str1.4
                0x00000000080028e0       0x19 build/main.o
 *fill*         0x00000000080028f9        0x3 
 .rodata._global_impure_ptr
                0x00000000080028fc        0x4 c:/users/polzovatel/appdata/roaming/gnu mcu eclipse/xpack-arm-none-eabi-gcc-10.2.1-1.1/bin/../lib/gcc/arm-none-eabi/10.2.1/../../../../arm-none-eabi/lib/thumb/v7-m/nofp\libc.a(lib_a-impure.o)
                0x00000000080028fc                _global_impure_ptr
                0x0000000008002900                . = ALIGN (0x4)

.ARM.extab      0x0000000008002900       0x78
 *(.ARM.extab* .gnu.linkonce.armextab.*)
 .ARM.extab.text._ZL19UART_EndTransmit_ITP20__UART_HandleTypeDef
                0x0000000008002900        0xc build/stm32f1xx_hal_uart.o
 .ARM.extab.text._ZL15UART_Receive_ITP20__UART_HandleTypeDef
                0x000000000800290c        0xc build/stm32f1xx_hal_uart.o
 .ARM.extab.text._ZL20UART_DMAAbortOnErrorP19__DMA_HandleTypeDef
                0x0000000008002918        0xc build/stm32f1xx_hal_uart.o
 .ARM.extab.text.HAL_Init
                0x0000000008002924        0xc build/stm32f1xx_hal.o
 .ARM.extab.text.HAL_DMA_Abort_IT
                0x0000000008002930        0xc build/stm32f1xx_hal_dma.o
 .ARM.extab.text._ZN4UartD2Ev
                0x000000000800293c        0x0 build/main.o
 .ARM.extab.text._ZN4Uart14WriteDataAsyncEPKcm
                0x000000000800293c        0x0 build/main.o
 .ARM.extab.text._ZL19MX_USART1_UART_Initv
                0x000000000800293c        0xc build/main.o
 .ARM.extab.text._ZSt9__find_ifIPhN9__gnu_cxx5__ops16_Iter_equals_valIKcEEET_S6_S6_T0_St26random_access_iterator_tag
                0x0000000008002948        0x0 build/main.o
 .ARM.extab.text._ZN3etl4findIPhcEET_S2_S2_RKT0_
                0x0000000008002948        0x0 build/main.o
 .ARM.extab.text.main
                0x0000000008002948        0xc build/main.o
 .ARM.extab.text.SysTick_Handler
                0x0000000008002954        0xc build/stm32f1xx_it.o
 .ARM.extab.text.USART1_IRQHandler
                0x0000000008002960        0xc build/stm32f1xx_it.o
 .ARM.extab.text.abort
                0x000000000800296c        0xc c:/users/polzovatel/appdata/roaming/gnu mcu eclipse/xpack-arm-none-eabi-gcc-10.2.1-1.1/bin/../lib/gcc/arm-none-eabi/10.2.1/../../../../arm-none-eabi/lib/thumb/v7-m/nofp\libc.a(lib_a-abort.o)

.ARM            0x0000000008002978      0x1f8
                0x0000000008002978                __exidx_start = .
 *(.ARM.exidx*)
 .ARM.exidx.text.HAL_MspInit
                0x0000000008002978        0x8 build/stm32f1xx_hal_msp.o
 .ARM.exidx.text.HAL_UART_MspInit
                0x0000000008002980        0x8 build/stm32f1xx_hal_msp.o
 .ARM.exidx.text._ZL18UART_EndRxTransferP20__UART_HandleTypeDef
                0x0000000008002988        0x8 build/stm32f1xx_hal_uart.o
 .ARM.exidx.text._ZL16UART_Transmit_ITP20__UART_HandleTypeDef
                0x0000000008002990        0x0 build/stm32f1xx_hal_uart.o
                                          0x8 (size before relaxing)
 .ARM.exidx.text._ZL14UART_SetConfigP20__UART_HandleTypeDef
                0x0000000008002990        0x8 build/stm32f1xx_hal_uart.o
 .ARM.exidx.text._ZL27UART_WaitOnFlagUntilTimeoutP20__UART_HandleTypeDefm10FlagStatusmm
                0x0000000008002998        0x8 build/stm32f1xx_hal_uart.o
 .ARM.exidx.text.HAL_UART_Init
                0x00000000080029a0        0x8 build/stm32f1xx_hal_uart.o
 .ARM.exidx.text.HAL_UART_Transmit
                0x00000000080029a8        0x8 build/stm32f1xx_hal_uart.o
 .ARM.exidx.text.HAL_UART_Receive
                0x00000000080029b0        0x0 build/stm32f1xx_hal_uart.o
                                          0x8 (size before relaxing)
 .ARM.exidx.text.HAL_UART_TxCpltCallback
                0x00000000080029b0        0x8 build/stm32f1xx_hal_uart.o
 .ARM.exidx.text._ZL19UART_EndTransmit_ITP20__UART_HandleTypeDef
                0x00000000080029b8        0x8 build/stm32f1xx_hal_uart.o
 .ARM.exidx.text.HAL_UART_RxCpltCallback
                0x00000000080029c0        0x8 build/stm32f1xx_hal_uart.o
 .ARM.exidx.text._ZL15UART_Receive_ITP20__UART_HandleTypeDef
                0x00000000080029c8        0x8 build/stm32f1xx_hal_uart.o
 .ARM.exidx.text.HAL_UART_ErrorCallback
                0x00000000080029d0        0x8 build/stm32f1xx_hal_uart.o
 .ARM.exidx.text.HAL_UART_IRQHandler
                0x00000000080029d8        0x8 build/stm32f1xx_hal_uart.o
 .ARM.exidx.text._ZL20UART_DMAAbortOnErrorP19__DMA_HandleTypeDef
                0x00000000080029e0        0x8 build/stm32f1xx_hal_uart.o
 .ARM.exidx.text.HAL_UART_GetState
                0x00000000080029e8        0x8 build/stm32f1xx_hal_uart.o
 .ARM.exidx.text.HAL_InitTick
                0x00000000080029f0        0x8 build/stm32f1xx_hal.o
 .ARM.exidx.text.HAL_Init
                0x00000000080029f8        0x8 build/stm32f1xx_hal.o
 .ARM.exidx.text.HAL_IncTick
                0x0000000008002a00        0x8 build/stm32f1xx_hal.o
 .ARM.exidx.text.HAL_GetTick
                0x0000000008002a08        0x0 build/stm32f1xx_hal.o
                                          0x8 (size before relaxing)
 .ARM.exidx.text.HAL_Delay
                0x0000000008002a08        0x8 build/stm32f1xx_hal.o
 .ARM.exidx.text._ZL9RCC_Delaym
                0x0000000008002a10        0x8 build/stm32f1xx_hal_rcc.o
 .ARM.exidx.text.HAL_RCC_OscConfig
                0x0000000008002a18        0x8 build/stm32f1xx_hal_rcc.o
 .ARM.exidx.text.HAL_RCC_GetSysClockFreq
                0x0000000008002a20        0x8 build/stm32f1xx_hal_rcc.o
 .ARM.exidx.text.HAL_RCC_ClockConfig
                0x0000000008002a28        0x8 build/stm32f1xx_hal_rcc.o
 .ARM.exidx.text.HAL_RCC_GetHCLKFreq
                0x0000000008002a30        0x8 build/stm32f1xx_hal_rcc.o
 .ARM.exidx.text.HAL_RCC_GetPCLK1Freq
                0x0000000008002a38        0x0 build/stm32f1xx_hal_rcc.o
                                          0x8 (size before relaxing)
 .ARM.exidx.text.HAL_RCC_GetPCLK2Freq
                0x0000000008002a38        0x0 build/stm32f1xx_hal_rcc.o
                                          0x8 (size before relaxing)
 .ARM.exidx.text.HAL_GPIO_Init
                0x0000000008002a38        0x0 build/stm32f1xx_hal_gpio.o
                                          0x8 (size before relaxing)
 .ARM.exidx.text.HAL_GPIO_WritePin
                0x0000000008002a38        0x0 build/stm32f1xx_hal_gpio.o
                                          0x8 (size before relaxing)
 .ARM.exidx.text.HAL_DMA_Abort_IT
                0x0000000008002a38        0x8 build/stm32f1xx_hal_dma.o
 .ARM.exidx.text.HAL_NVIC_SetPriorityGrouping
                0x0000000008002a40        0x8 build/stm32f1xx_hal_cortex.o
 .ARM.exidx.text.HAL_NVIC_SetPriority
                0x0000000008002a48        0x0 build/stm32f1xx_hal_cortex.o
                                          0x8 (size before relaxing)
 .ARM.exidx.text.HAL_NVIC_EnableIRQ
                0x0000000008002a48        0x0 build/stm32f1xx_hal_cortex.o
                                          0x8 (size before relaxing)
 .ARM.exidx.text.HAL_SYSTICK_Config
                0x0000000008002a48        0x0 build/stm32f1xx_hal_cortex.o
                                          0x8 (size before relaxing)
 .ARM.exidx.text.SystemInit
                0x0000000008002a48        0x0 build/system_stm32f1xx.o
                                          0x8 (size before relaxing)
 .ARM.exidx.text._ZN4UartD2Ev
                0x0000000008002a48        0x0 build/main.o
                                          0x8 (size before relaxing)
 .ARM.exidx.text._ZL12MX_GPIO_Initv
                0x0000000008002a48        0x8 build/main.o
 .ARM.exidx.text._Z41__static_initialization_and_destruction_0ii
                0x0000000008002a50        0x8 build/main.o
 .ARM.exidx.text._ZN4Uart14WriteDataAsyncEPKcm
                0x0000000008002a58        0x8 build/main.o
 .ARM.exidx.text.Error_Handler
                0x0000000008002a60        0x8 build/main.o
 .ARM.exidx.text._ZL19MX_USART1_UART_Initv
                0x0000000008002a68        0x8 build/main.o
 .ARM.exidx.text._Z18SystemClock_Configv
                0x0000000008002a70        0x8 build/main.o
 .ARM.exidx.text._ZSt9__find_ifIPhN9__gnu_cxx5__ops16_Iter_equals_valIKcEEET_S6_S6_T0_St26random_access_iterator_tag
                0x0000000008002a78        0x8 build/main.o
 .ARM.exidx.text._ZN3etl4findIPhcEET_S2_S2_RKT0_
                0x0000000008002a80        0x0 build/main.o
                                          0x8 (size before relaxing)
 .ARM.exidx.text.main
                0x0000000008002a80        0x8 build/main.o
 .ARM.exidx.text._GLOBAL__sub_I_huart1
                0x0000000008002a88        0x8 build/main.o
 .ARM.exidx.text.NMI_Handler
                0x0000000008002a90        0x0 build/stm32f1xx_it.o
                                          0x8 (size before relaxing)
 .ARM.exidx.text.HardFault_Handler
                0x0000000008002a90        0x0 build/stm32f1xx_it.o
                                          0x8 (size before relaxing)
 .ARM.exidx.text.MemManage_Handler
                0x0000000008002a90        0x0 build/stm32f1xx_it.o
                                          0x8 (size before relaxing)
 .ARM.exidx.text.BusFault_Handler
                0x0000000008002a90        0x0 build/stm32f1xx_it.o
                                          0x8 (size before relaxing)
 .ARM.exidx.text.UsageFault_Handler
                0x0000000008002a90        0x0 build/stm32f1xx_it.o
                                          0x8 (size before relaxing)
 .ARM.exidx.text.SVC_Handler
                0x0000000008002a90        0x0 build/stm32f1xx_it.o
                                          0x8 (size before relaxing)
 .ARM.exidx.text.DebugMon_Handler
                0x0000000008002a90        0x0 build/stm32f1xx_it.o
                                          0x8 (size before relaxing)
 .ARM.exidx.text.PendSV_Handler
                0x0000000008002a90        0x0 build/stm32f1xx_it.o
                                          0x8 (size before relaxing)
 .ARM.exidx.text.SysTick_Handler
                0x0000000008002a90        0x8 build/stm32f1xx_it.o
 .ARM.exidx.text.USART1_IRQHandler
                0x0000000008002a98       0x10 build/stm32f1xx_it.o
                                          0x8 (size before relaxing)
 .ARM.exidx.text.__aeabi_atexit
                0x0000000008002aa8        0x0 c:/users/polzovatel/appdata/roaming/gnu mcu eclipse/xpack-arm-none-eabi-gcc-10.2.1-1.1/bin/../lib/gcc/arm-none-eabi/10.2.1/../../../../arm-none-eabi/lib/thumb/v7-m/nofp\libstdc++.a(atexit_arm.o)
                                          0x8 (size before relaxing)
 .ARM.exidx.text.__cxa_atexit
                0x0000000008002aa8        0x0 c:/users/polzovatel/appdata/roaming/gnu mcu eclipse/xpack-arm-none-eabi-gcc-10.2.1-1.1/bin/../lib/gcc/arm-none-eabi/10.2.1/../../../../arm-none-eabi/lib/thumb/v7-m/nofp\libc.a(lib_a-cxa_atexit.o)
                                          0x8 (size before relaxing)
 .ARM.exidx.text.__libc_init_array
                0x0000000008002aa8        0x8 c:/users/polzovatel/appdata/roaming/gnu mcu eclipse/xpack-arm-none-eabi-gcc-10.2.1-1.1/bin/../lib/gcc/arm-none-eabi/10.2.1/../../../../arm-none-eabi/lib/thumb/v7-m/nofp\libc.a(lib_a-init.o)
 .ARM.exidx.text.memset
                0x0000000008002ab0        0x8 c:/users/polzovatel/appdata/roaming/gnu mcu eclipse/xpack-arm-none-eabi-gcc-10.2.1-1.1/bin/../lib/gcc/arm-none-eabi/10.2.1/../../../../arm-none-eabi/lib/thumb/v7-m/nofp\libc.a(lib_a-memset.o)
 .ARM.exidx.text.strlen
                0x0000000008002ab8        0x0 c:/users/polzovatel/appdata/roaming/gnu mcu eclipse/xpack-arm-none-eabi-gcc-10.2.1-1.1/bin/../lib/gcc/arm-none-eabi/10.2.1/../../../../arm-none-eabi/lib/thumb/v7-m/nofp\libc.a(lib_a-strlen-stub.o)
                                          0x8 (size before relaxing)
 .ARM.exidx.text.__register_exitproc
                0x0000000008002ab8        0x8 c:/users/polzovatel/appdata/roaming/gnu mcu eclipse/xpack-arm-none-eabi-gcc-10.2.1-1.1/bin/../lib/gcc/arm-none-eabi/10.2.1/../../../../arm-none-eabi/lib/thumb/v7-m/nofp\libc.a(lib_a-__atexit.o)
 .ARM.exidx.text.startup.register_fini
                0x0000000008002ac0        0x8 c:/users/polzovatel/appdata/roaming/gnu mcu eclipse/xpack-arm-none-eabi-gcc-10.2.1-1.1/bin/../lib/gcc/arm-none-eabi/10.2.1/../../../../arm-none-eabi/lib/thumb/v7-m/nofp\libc.a(lib_a-__call_atexit.o)
 .ARM.exidx.text.__libc_fini_array
                0x0000000008002ac8        0x8 c:/users/polzovatel/appdata/roaming/gnu mcu eclipse/xpack-arm-none-eabi-gcc-10.2.1-1.1/bin/../lib/gcc/arm-none-eabi/10.2.1/../../../../arm-none-eabi/lib/thumb/v7-m/nofp\libc.a(lib_a-fini.o)
 .ARM.exidx.text.__retarget_lock_acquire_recursive
                0x0000000008002ad0        0x8 c:/users/polzovatel/appdata/roaming/gnu mcu eclipse/xpack-arm-none-eabi-gcc-10.2.1-1.1/bin/../lib/gcc/arm-none-eabi/10.2.1/../../../../arm-none-eabi/lib/thumb/v7-m/nofp\libc.a(lib_a-lock.o)
 .ARM.exidx.text.__retarget_lock_release_recursive
                0x0000000008002ad8        0x0 c:/users/polzovatel/appdata/roaming/gnu mcu eclipse/xpack-arm-none-eabi-gcc-10.2.1-1.1/bin/../lib/gcc/arm-none-eabi/10.2.1/../../../../arm-none-eabi/lib/thumb/v7-m/nofp\libc.a(lib_a-lock.o)
                                          0x8 (size before relaxing)
 .ARM.exidx.text.atexit
                0x0000000008002ad8        0x0 c:/users/polzovatel/appdata/roaming/gnu mcu eclipse/xpack-arm-none-eabi-gcc-10.2.1-1.1/bin/../lib/gcc/arm-none-eabi/10.2.1/../../../../arm-none-eabi/lib/thumb/v7-m/nofp\libc.a(lib_a-atexit.o)
                                          0x8 (size before relaxing)
 .ARM.exidx.text.selfrel_offset31
                0x0000000008002ad8        0x0 c:/users/polzovatel/appdata/roaming/gnu mcu eclipse/xpack-arm-none-eabi-gcc-10.2.1-1.1/bin/../lib/gcc/arm-none-eabi/10.2.1/thumb/v7-m/nofp\libgcc.a(unwind-arm.o)
                                          0x8 (size before relaxing)
 .ARM.exidx.text.search_EIT_table
                0x0000000008002ad8        0x0 c:/users/polzovatel/appdata/roaming/gnu mcu eclipse/xpack-arm-none-eabi-gcc-10.2.1-1.1/bin/../lib/gcc/arm-none-eabi/10.2.1/thumb/v7-m/nofp\libgcc.a(unwind-arm.o)
                                          0x8 (size before relaxing)
 .ARM.exidx.text.__gnu_unwind_get_pr_addr
                0x0000000008002ad8        0x0 c:/users/polzovatel/appdata/roaming/gnu mcu eclipse/xpack-arm-none-eabi-gcc-10.2.1-1.1/bin/../lib/gcc/arm-none-eabi/10.2.1/thumb/v7-m/nofp\libgcc.a(unwind-arm.o)
                                          0x8 (size before relaxing)
 .ARM.exidx.text.get_eit_entry
                0x0000000008002ad8        0x8 c:/users/polzovatel/appdata/roaming/gnu mcu eclipse/xpack-arm-none-eabi-gcc-10.2.1-1.1/bin/../lib/gcc/arm-none-eabi/10.2.1/thumb/v7-m/nofp\libgcc.a(unwind-arm.o)
 .ARM.exidx.text.restore_non_core_regs
                0x0000000008002ae0        0x8 c:/users/polzovatel/appdata/roaming/gnu mcu eclipse/xpack-arm-none-eabi-gcc-10.2.1-1.1/bin/../lib/gcc/arm-none-eabi/10.2.1/thumb/v7-m/nofp\libgcc.a(unwind-arm.o)
 .ARM.exidx.text._Unwind_decode_typeinfo_ptr.constprop.0
                0x0000000008002ae8        0x8 c:/users/polzovatel/appdata/roaming/gnu mcu eclipse/xpack-arm-none-eabi-gcc-10.2.1-1.1/bin/../lib/gcc/arm-none-eabi/10.2.1/thumb/v7-m/nofp\libgcc.a(unwind-arm.o)
 .ARM.exidx.text._Unwind_DebugHook
                0x0000000008002af0        0x0 c:/users/polzovatel/appdata/roaming/gnu mcu eclipse/xpack-arm-none-eabi-gcc-10.2.1-1.1/bin/../lib/gcc/arm-none-eabi/10.2.1/thumb/v7-m/nofp\libgcc.a(unwind-arm.o)
                                          0x8 (size before relaxing)
 .ARM.exidx.text.unwind_phase2
                0x0000000008002af0        0x8 c:/users/polzovatel/appdata/roaming/gnu mcu eclipse/xpack-arm-none-eabi-gcc-10.2.1-1.1/bin/../lib/gcc/arm-none-eabi/10.2.1/thumb/v7-m/nofp\libgcc.a(unwind-arm.o)
 .ARM.exidx.text.unwind_phase2_forced
                0x0000000008002af8        0x8 c:/users/polzovatel/appdata/roaming/gnu mcu eclipse/xpack-arm-none-eabi-gcc-10.2.1-1.1/bin/../lib/gcc/arm-none-eabi/10.2.1/thumb/v7-m/nofp\libgcc.a(unwind-arm.o)
 .ARM.exidx.text.__gnu_Unwind_RaiseException
                0x0000000008002b00        0x8 c:/users/polzovatel/appdata/roaming/gnu mcu eclipse/xpack-arm-none-eabi-gcc-10.2.1-1.1/bin/../lib/gcc/arm-none-eabi/10.2.1/thumb/v7-m/nofp\libgcc.a(unwind-arm.o)
 .ARM.exidx.text.__gnu_Unwind_ForcedUnwind
                0x0000000008002b08        0x8 c:/users/polzovatel/appdata/roaming/gnu mcu eclipse/xpack-arm-none-eabi-gcc-10.2.1-1.1/bin/../lib/gcc/arm-none-eabi/10.2.1/thumb/v7-m/nofp\libgcc.a(unwind-arm.o)
 .ARM.exidx.text.__gnu_Unwind_Resume
                0x0000000008002b10        0x8 c:/users/polzovatel/appdata/roaming/gnu mcu eclipse/xpack-arm-none-eabi-gcc-10.2.1-1.1/bin/../lib/gcc/arm-none-eabi/10.2.1/thumb/v7-m/nofp\libgcc.a(unwind-arm.o)
 .ARM.exidx.text.__gnu_Unwind_Resume_or_Rethrow
                0x0000000008002b18        0x8 c:/users/polzovatel/appdata/roaming/gnu mcu eclipse/xpack-arm-none-eabi-gcc-10.2.1-1.1/bin/../lib/gcc/arm-none-eabi/10.2.1/thumb/v7-m/nofp\libgcc.a(unwind-arm.o)
 .ARM.exidx.text._Unwind_VRS_Get
                0x0000000008002b20        0x0 c:/users/polzovatel/appdata/roaming/gnu mcu eclipse/xpack-arm-none-eabi-gcc-10.2.1-1.1/bin/../lib/gcc/arm-none-eabi/10.2.1/thumb/v7-m/nofp\libgcc.a(unwind-arm.o)
                                          0x8 (size before relaxing)
 .ARM.exidx.text._Unwind_GetGR
                0x0000000008002b20        0x0 c:/users/polzovatel/appdata/roaming/gnu mcu eclipse/xpack-arm-none-eabi-gcc-10.2.1-1.1/bin/../lib/gcc/arm-none-eabi/10.2.1/thumb/v7-m/nofp\libgcc.a(unwind-arm.o)
                                          0x8 (size before relaxing)
 .ARM.exidx.text._Unwind_VRS_Set
                0x0000000008002b20        0x0 c:/users/polzovatel/appdata/roaming/gnu mcu eclipse/xpack-arm-none-eabi-gcc-10.2.1-1.1/bin/../lib/gcc/arm-none-eabi/10.2.1/thumb/v7-m/nofp\libgcc.a(unwind-arm.o)
                                          0x8 (size before relaxing)
 .ARM.exidx.text._Unwind_SetGR
                0x0000000008002b20        0x0 c:/users/polzovatel/appdata/roaming/gnu mcu eclipse/xpack-arm-none-eabi-gcc-10.2.1-1.1/bin/../lib/gcc/arm-none-eabi/10.2.1/thumb/v7-m/nofp\libgcc.a(unwind-arm.o)
                                          0x8 (size before relaxing)
 .ARM.exidx.text.__gnu_Unwind_Backtrace
                0x0000000008002b20        0x8 c:/users/polzovatel/appdata/roaming/gnu mcu eclipse/xpack-arm-none-eabi-gcc-10.2.1-1.1/bin/../lib/gcc/arm-none-eabi/10.2.1/thumb/v7-m/nofp\libgcc.a(unwind-arm.o)
 .ARM.exidx.text.__gnu_unwind_pr_common
                0x0000000008002b28        0x8 c:/users/polzovatel/appdata/roaming/gnu mcu eclipse/xpack-arm-none-eabi-gcc-10.2.1-1.1/bin/../lib/gcc/arm-none-eabi/10.2.1/thumb/v7-m/nofp\libgcc.a(unwind-arm.o)
 .ARM.exidx.text.__aeabi_unwind_cpp_pr0
                0x0000000008002b30        0x8 c:/users/polzovatel/appdata/roaming/gnu mcu eclipse/xpack-arm-none-eabi-gcc-10.2.1-1.1/bin/../lib/gcc/arm-none-eabi/10.2.1/thumb/v7-m/nofp\libgcc.a(unwind-arm.o)
 .ARM.exidx.text.__aeabi_unwind_cpp_pr1
                0x0000000008002b38        0x0 c:/users/polzovatel/appdata/roaming/gnu mcu eclipse/xpack-arm-none-eabi-gcc-10.2.1-1.1/bin/../lib/gcc/arm-none-eabi/10.2.1/thumb/v7-m/nofp\libgcc.a(unwind-arm.o)
                                          0x8 (size before relaxing)
 .ARM.exidx.text.__aeabi_unwind_cpp_pr2
                0x0000000008002b38        0x0 c:/users/polzovatel/appdata/roaming/gnu mcu eclipse/xpack-arm-none-eabi-gcc-10.2.1-1.1/bin/../lib/gcc/arm-none-eabi/10.2.1/thumb/v7-m/nofp\libgcc.a(unwind-arm.o)
                                          0x8 (size before relaxing)
 .ARM.exidx.text._Unwind_VRS_Pop
                0x0000000008002b38        0x8 c:/users/polzovatel/appdata/roaming/gnu mcu eclipse/xpack-arm-none-eabi-gcc-10.2.1-1.1/bin/../lib/gcc/arm-none-eabi/10.2.1/thumb/v7-m/nofp\libgcc.a(unwind-arm.o)
 .ARM.exidx.text.next_unwind_byte
                0x0000000008002b40        0x8 c:/users/polzovatel/appdata/roaming/gnu mcu eclipse/xpack-arm-none-eabi-gcc-10.2.1-1.1/bin/../lib/gcc/arm-none-eabi/10.2.1/thumb/v7-m/nofp\libgcc.a(pr-support.o)
 .ARM.exidx.text.__gnu_unwind_execute
                0x0000000008002b48        0x8 c:/users/polzovatel/appdata/roaming/gnu mcu eclipse/xpack-arm-none-eabi-gcc-10.2.1-1.1/bin/../lib/gcc/arm-none-eabi/10.2.1/thumb/v7-m/nofp\libgcc.a(pr-support.o)
 .ARM.exidx.text.abort
                0x0000000008002b50        0x8 c:/users/polzovatel/appdata/roaming/gnu mcu eclipse/xpack-arm-none-eabi-gcc-10.2.1-1.1/bin/../lib/gcc/arm-none-eabi/10.2.1/../../../../arm-none-eabi/lib/thumb/v7-m/nofp\libc.a(lib_a-abort.o)
 .ARM.exidx.text.raise
                0x0000000008002b58        0x8 c:/users/polzovatel/appdata/roaming/gnu mcu eclipse/xpack-arm-none-eabi-gcc-10.2.1-1.1/bin/../lib/gcc/arm-none-eabi/10.2.1/../../../../arm-none-eabi/lib/thumb/v7-m/nofp\libc.a(lib_a-signal.o)
 .ARM.exidx.text._kill_r
                0x0000000008002b60        0x8 c:/users/polzovatel/appdata/roaming/gnu mcu eclipse/xpack-arm-none-eabi-gcc-10.2.1-1.1/bin/../lib/gcc/arm-none-eabi/10.2.1/../../../../arm-none-eabi/lib/thumb/v7-m/nofp\libc.a(lib_a-signalr.o)
 .ARM.exidx.text._getpid_r
                0x0000000008002b68        0x8 c:/users/polzovatel/appdata/roaming/gnu mcu eclipse/xpack-arm-none-eabi-gcc-10.2.1-1.1/bin/../lib/gcc/arm-none-eabi/10.2.1/../../../../arm-none-eabi/lib/thumb/v7-m/nofp\libc.a(lib_a-signalr.o)
 .ARM.exidx.text._getpid
                0x0000000008002b70        0x0 c:/users/polzovatel/appdata/roaming/gnu mcu eclipse/xpack-arm-none-eabi-gcc-10.2.1-1.1/bin/../lib/gcc/arm-none-eabi/10.2.1/../../../../arm-none-eabi/lib/thumb/v7-m/nofp\libnosys.a(getpid.o)
                                          0x8 (size before relaxing)
 .ARM.exidx.text._kill
                0x0000000008002b70        0x0 c:/users/polzovatel/appdata/roaming/gnu mcu eclipse/xpack-arm-none-eabi-gcc-10.2.1-1.1/bin/../lib/gcc/arm-none-eabi/10.2.1/../../../../arm-none-eabi/lib/thumb/v7-m/nofp\libnosys.a(kill.o)
                                          0x8 (size before relaxing)
 .ARM.exidx.text._exit
                0x0000000008002b70        0x0 c:/users/polzovatel/appdata/roaming/gnu mcu eclipse/xpack-arm-none-eabi-gcc-10.2.1-1.1/bin/../lib/gcc/arm-none-eabi/10.2.1/../../../../arm-none-eabi/lib/thumb/v7-m/nofp\libnosys.a(_exit.o)
                                          0x8 (size before relaxing)
                0x0000000008002b70                __exidx_end = .

.rel.dyn        0x0000000008002b70        0x0
 .rel.iplt      0x0000000008002b70        0x0 c:/users/polzovatel/appdata/roaming/gnu mcu eclipse/xpack-arm-none-eabi-gcc-10.2.1-1.1/bin/../lib/gcc/arm-none-eabi/10.2.1/thumb/v7-m/nofp/crtbegin.o

.preinit_array  0x0000000008002b70        0x0
                0x0000000008002b70                PROVIDE (__preinit_array_start = .)
 *(.preinit_array*)
                0x0000000008002b70                PROVIDE (__preinit_array_end = .)

.init_array     0x0000000008002b70        0xc
                0x0000000008002b70                PROVIDE (__init_array_start = .)
 *(SORT_BY_NAME(.init_array.*))
 .init_array.00000
                0x0000000008002b70        0x4 c:/users/polzovatel/appdata/roaming/gnu mcu eclipse/xpack-arm-none-eabi-gcc-10.2.1-1.1/bin/../lib/gcc/arm-none-eabi/10.2.1/../../../../arm-none-eabi/lib/thumb/v7-m/nofp\libc.a(lib_a-__call_atexit.o)
 *(.init_array*)
 .init_array    0x0000000008002b74        0x4 c:/users/polzovatel/appdata/roaming/gnu mcu eclipse/xpack-arm-none-eabi-gcc-10.2.1-1.1/bin/../lib/gcc/arm-none-eabi/10.2.1/thumb/v7-m/nofp/crtbegin.o
 .init_array    0x0000000008002b78        0x4 build/main.o
                0x0000000008002b7c                PROVIDE (__init_array_end = .)

.fini_array     0x0000000008002b7c        0x4
                0x0000000008002b7c                PROVIDE (__fini_array_start = .)
 *(SORT_BY_NAME(.fini_array.*))
 *(.fini_array*)
 .fini_array    0x0000000008002b7c        0x4 c:/users/polzovatel/appdata/roaming/gnu mcu eclipse/xpack-arm-none-eabi-gcc-10.2.1-1.1/bin/../lib/gcc/arm-none-eabi/10.2.1/thumb/v7-m/nofp/crtbegin.o
                0x0000000008002b80                PROVIDE (__fini_array_end = .)
                0x0000000008002b80                _sidata = LOADADDR (.data)

.data           0x0000000020000000      0x444 load address 0x0000000008002b80
                0x0000000020000000                . = ALIGN (0x4)
                0x0000000020000000                _sdata = .
 *(.data)
 *(.data*)
 .data.__dso_handle
                0x0000000020000000        0x4 c:/users/polzovatel/appdata/roaming/gnu mcu eclipse/xpack-arm-none-eabi-gcc-10.2.1-1.1/bin/../lib/gcc/arm-none-eabi/10.2.1/thumb/v7-m/nofp/crtbegin.o
                0x0000000020000000                __dso_handle
 .data.uwTickFreq
                0x0000000020000004        0x1 build/stm32f1xx_hal.o
                0x0000000020000004                uwTickFreq
 *fill*         0x0000000020000005        0x3 
 .data.uwTickPrio
                0x0000000020000008        0x4 build/stm32f1xx_hal.o
                0x0000000020000008                uwTickPrio
 .data.SystemCoreClock
                0x000000002000000c        0x4 build/system_stm32f1xx.o
                0x000000002000000c                SystemCoreClock
 .data._impure_ptr
                0x0000000020000010        0x4 c:/users/polzovatel/appdata/roaming/gnu mcu eclipse/xpack-arm-none-eabi-gcc-10.2.1-1.1/bin/../lib/gcc/arm-none-eabi/10.2.1/../../../../arm-none-eabi/lib/thumb/v7-m/nofp\libc.a(lib_a-impure.o)
                0x0000000020000010                _impure_ptr
 *fill*         0x0000000020000014        0x4 
 .data.impure_data
                0x0000000020000018      0x428 c:/users/polzovatel/appdata/roaming/gnu mcu eclipse/xpack-arm-none-eabi-gcc-10.2.1-1.1/bin/../lib/gcc/arm-none-eabi/10.2.1/../../../../arm-none-eabi/lib/thumb/v7-m/nofp\libc.a(lib_a-impure.o)
 .data.__atexit_recursive_mutex
                0x0000000020000440        0x4 c:/users/polzovatel/appdata/roaming/gnu mcu eclipse/xpack-arm-none-eabi-gcc-10.2.1-1.1/bin/../lib/gcc/arm-none-eabi/10.2.1/../../../../arm-none-eabi/lib/thumb/v7-m/nofp\libc.a(lib_a-__call_atexit.o)
                0x0000000020000440                __atexit_recursive_mutex
                0x0000000020000444                . = ALIGN (0x4)
                0x0000000020000444                _edata = .

.igot.plt       0x0000000020000444        0x0 load address 0x0000000008002fc4
 .igot.plt      0x0000000020000444        0x0 c:/users/polzovatel/appdata/roaming/gnu mcu eclipse/xpack-arm-none-eabi-gcc-10.2.1-1.1/bin/../lib/gcc/arm-none-eabi/10.2.1/thumb/v7-m/nofp/crtbegin.o
                0x0000000020000444                . = ALIGN (0x4)

.bss            0x0000000020000444      0x104 load address 0x0000000008002fc4
                0x0000000020000444                _sbss = .
                0x0000000020000444                __bss_start__ = _sbss
 *(.bss)
 *(.bss*)
 .bss.completed.1
                0x0000000020000444        0x1 c:/users/polzovatel/appdata/roaming/gnu mcu eclipse/xpack-arm-none-eabi-gcc-10.2.1-1.1/bin/../lib/gcc/arm-none-eabi/10.2.1/thumb/v7-m/nofp/crtbegin.o
 *fill*         0x0000000020000445        0x3 
 .bss.object.0  0x0000000020000448       0x18 c:/users/polzovatel/appdata/roaming/gnu mcu eclipse/xpack-arm-none-eabi-gcc-10.2.1-1.1/bin/../lib/gcc/arm-none-eabi/10.2.1/thumb/v7-m/nofp/crtbegin.o
 .bss.uwTick    0x0000000020000460        0x4 build/stm32f1xx_hal.o
                0x0000000020000460                uwTick
 .bss.ESP       0x0000000020000464       0x9c build/main.o
                0x0000000020000464                ESP
 .bss.huart1    0x0000000020000500       0x40 build/main.o
                0x0000000020000500                huart1
 .bss.__lock___atexit_recursive_mutex
                0x0000000020000540        0x1 c:/users/polzovatel/appdata/roaming/gnu mcu eclipse/xpack-arm-none-eabi-gcc-10.2.1-1.1/bin/../lib/gcc/arm-none-eabi/10.2.1/../../../../arm-none-eabi/lib/thumb/v7-m/nofp\libc.a(lib_a-lock.o)
                0x0000000020000540                __lock___atexit_recursive_mutex
 *fill*         0x0000000020000541        0x3 
 .bss.errno     0x0000000020000544        0x4 c:/users/polzovatel/appdata/roaming/gnu mcu eclipse/xpack-arm-none-eabi-gcc-10.2.1-1.1/bin/../lib/gcc/arm-none-eabi/10.2.1/../../../../arm-none-eabi/lib/thumb/v7-m/nofp\libc.a(lib_a-reent.o)
                0x0000000020000544                errno
 *(COMMON)
                0x0000000020000548                . = ALIGN (0x4)
                0x0000000020000548                _ebss = .
                0x0000000020000548                __bss_end__ = _ebss

._user_heap_stack
                0x0000000020000548      0x600 load address 0x0000000008002fc4
                0x0000000020000548                . = ALIGN (0x8)
                0x0000000020000548                PROVIDE (end = .)
                [!provide]                        PROVIDE (_end = .)
                0x0000000020000748                . = (. + _Min_Heap_Size)
 *fill*         0x0000000020000548      0x200 
                0x0000000020000b48                . = (. + _Min_Stack_Size)
 *fill*         0x0000000020000748      0x400 
                0x0000000020000b48                . = ALIGN (0x8)

/DISCARD/
 libc.a(*)
 libm.a(*)
 libgcc.a(*)

.ARM.attributes
                0x0000000000000000       0x29
 *(.ARM.attributes)
 .ARM.attributes
                0x0000000000000000       0x1d c:/users/polzovatel/appdata/roaming/gnu mcu eclipse/xpack-arm-none-eabi-gcc-10.2.1-1.1/bin/../lib/gcc/arm-none-eabi/10.2.1/thumb/v7-m/nofp/crti.o
 .ARM.attributes
                0x000000000000001d       0x2d c:/users/polzovatel/appdata/roaming/gnu mcu eclipse/xpack-arm-none-eabi-gcc-10.2.1-1.1/bin/../lib/gcc/arm-none-eabi/10.2.1/thumb/v7-m/nofp/crtbegin.o
 .ARM.attributes
                0x000000000000004a       0x2d build/stm32f1xx_hal_msp.o
 .ARM.attributes
                0x0000000000000077       0x2d build/stm32f1xx_hal_uart.o
 .ARM.attributes
                0x00000000000000a4       0x2d build/stm32f1xx_hal.o
 .ARM.attributes
                0x00000000000000d1       0x2d build/stm32f1xx_hal_rcc.o
 .ARM.attributes
                0x00000000000000fe       0x2d build/stm32f1xx_hal_gpio.o
 .ARM.attributes
                0x000000000000012b       0x2d build/stm32f1xx_hal_dma.o
 .ARM.attributes
                0x0000000000000158       0x2d build/stm32f1xx_hal_cortex.o
 .ARM.attributes
                0x0000000000000185       0x2d build/system_stm32f1xx.o
 .ARM.attributes
                0x00000000000001b2       0x2d build/main.o
 .ARM.attributes
                0x00000000000001df       0x2d build/stm32f1xx_it.o
 .ARM.attributes
                0x000000000000020c       0x21 build/startup_stm32f103xb.o
 .ARM.attributes
                0x000000000000022d       0x2d c:/users/polzovatel/appdata/roaming/gnu mcu eclipse/xpack-arm-none-eabi-gcc-10.2.1-1.1/bin/../lib/gcc/arm-none-eabi/10.2.1/../../../../arm-none-eabi/lib/thumb/v7-m/nofp\libstdc++.a(atexit_arm.o)
 .ARM.attributes
                0x000000000000025a       0x2d c:/users/polzovatel/appdata/roaming/gnu mcu eclipse/xpack-arm-none-eabi-gcc-10.2.1-1.1/bin/../lib/gcc/arm-none-eabi/10.2.1/../../../../arm-none-eabi/lib/thumb/v7-m/nofp\libc.a(lib_a-cxa_atexit.o)
 .ARM.attributes
                0x0000000000000287       0x2d c:/users/polzovatel/appdata/roaming/gnu mcu eclipse/xpack-arm-none-eabi-gcc-10.2.1-1.1/bin/../lib/gcc/arm-none-eabi/10.2.1/../../../../arm-none-eabi/lib/thumb/v7-m/nofp\libc.a(lib_a-impure.o)
 .ARM.attributes
                0x00000000000002b4       0x2d c:/users/polzovatel/appdata/roaming/gnu mcu eclipse/xpack-arm-none-eabi-gcc-10.2.1-1.1/bin/../lib/gcc/arm-none-eabi/10.2.1/../../../../arm-none-eabi/lib/thumb/v7-m/nofp\libc.a(lib_a-init.o)
 .ARM.attributes
                0x00000000000002e1       0x2d c:/users/polzovatel/appdata/roaming/gnu mcu eclipse/xpack-arm-none-eabi-gcc-10.2.1-1.1/bin/../lib/gcc/arm-none-eabi/10.2.1/../../../../arm-none-eabi/lib/thumb/v7-m/nofp\libc.a(lib_a-memset.o)
 .ARM.attributes
                0x000000000000030e       0x2d c:/users/polzovatel/appdata/roaming/gnu mcu eclipse/xpack-arm-none-eabi-gcc-10.2.1-1.1/bin/../lib/gcc/arm-none-eabi/10.2.1/../../../../arm-none-eabi/lib/thumb/v7-m/nofp\libc.a(lib_a-strlen-stub.o)
 .ARM.attributes
                0x000000000000033b       0x2d c:/users/polzovatel/appdata/roaming/gnu mcu eclipse/xpack-arm-none-eabi-gcc-10.2.1-1.1/bin/../lib/gcc/arm-none-eabi/10.2.1/../../../../arm-none-eabi/lib/thumb/v7-m/nofp\libc.a(lib_a-__atexit.o)
 .ARM.attributes
                0x0000000000000368       0x2d c:/users/polzovatel/appdata/roaming/gnu mcu eclipse/xpack-arm-none-eabi-gcc-10.2.1-1.1/bin/../lib/gcc/arm-none-eabi/10.2.1/../../../../arm-none-eabi/lib/thumb/v7-m/nofp\libc.a(lib_a-__call_atexit.o)
 .ARM.attributes
                0x0000000000000395       0x2d c:/users/polzovatel/appdata/roaming/gnu mcu eclipse/xpack-arm-none-eabi-gcc-10.2.1-1.1/bin/../lib/gcc/arm-none-eabi/10.2.1/../../../../arm-none-eabi/lib/thumb/v7-m/nofp\libc.a(lib_a-fini.o)
 .ARM.attributes
                0x00000000000003c2       0x2d c:/users/polzovatel/appdata/roaming/gnu mcu eclipse/xpack-arm-none-eabi-gcc-10.2.1-1.1/bin/../lib/gcc/arm-none-eabi/10.2.1/../../../../arm-none-eabi/lib/thumb/v7-m/nofp\libc.a(lib_a-lock.o)
 .ARM.attributes
                0x00000000000003ef       0x2d c:/users/polzovatel/appdata/roaming/gnu mcu eclipse/xpack-arm-none-eabi-gcc-10.2.1-1.1/bin/../lib/gcc/arm-none-eabi/10.2.1/../../../../arm-none-eabi/lib/thumb/v7-m/nofp\libc.a(lib_a-atexit.o)
 .ARM.attributes
                0x000000000000041c       0x2d c:/users/polzovatel/appdata/roaming/gnu mcu eclipse/xpack-arm-none-eabi-gcc-10.2.1-1.1/bin/../lib/gcc/arm-none-eabi/10.2.1/thumb/v7-m/nofp\libgcc.a(unwind-arm.o)
 .ARM.attributes
                0x0000000000000449       0x1d c:/users/polzovatel/appdata/roaming/gnu mcu eclipse/xpack-arm-none-eabi-gcc-10.2.1-1.1/bin/../lib/gcc/arm-none-eabi/10.2.1/thumb/v7-m/nofp\libgcc.a(libunwind.o)
 .ARM.attributes
                0x0000000000000466       0x2d c:/users/polzovatel/appdata/roaming/gnu mcu eclipse/xpack-arm-none-eabi-gcc-10.2.1-1.1/bin/../lib/gcc/arm-none-eabi/10.2.1/thumb/v7-m/nofp\libgcc.a(pr-support.o)
 .ARM.attributes
                0x0000000000000493       0x2d c:/users/polzovatel/appdata/roaming/gnu mcu eclipse/xpack-arm-none-eabi-gcc-10.2.1-1.1/bin/../lib/gcc/arm-none-eabi/10.2.1/../../../../arm-none-eabi/lib/thumb/v7-m/nofp\libc.a(lib_a-abort.o)
 .ARM.attributes
                0x00000000000004c0       0x1b c:/users/polzovatel/appdata/roaming/gnu mcu eclipse/xpack-arm-none-eabi-gcc-10.2.1-1.1/bin/../lib/gcc/arm-none-eabi/10.2.1/../../../../arm-none-eabi/lib/thumb/v7-m/nofp\libc.a(lib_a-memcpy.o)
 .ARM.attributes
                0x00000000000004db       0x2d c:/users/polzovatel/appdata/roaming/gnu mcu eclipse/xpack-arm-none-eabi-gcc-10.2.1-1.1/bin/../lib/gcc/arm-none-eabi/10.2.1/../../../../arm-none-eabi/lib/thumb/v7-m/nofp\libc.a(lib_a-signal.o)
 .ARM.attributes
                0x0000000000000508       0x2d c:/users/polzovatel/appdata/roaming/gnu mcu eclipse/xpack-arm-none-eabi-gcc-10.2.1-1.1/bin/../lib/gcc/arm-none-eabi/10.2.1/../../../../arm-none-eabi/lib/thumb/v7-m/nofp\libc.a(lib_a-signalr.o)
 .ARM.attributes
                0x0000000000000535       0x2d c:/users/polzovatel/appdata/roaming/gnu mcu eclipse/xpack-arm-none-eabi-gcc-10.2.1-1.1/bin/../lib/gcc/arm-none-eabi/10.2.1/../../../../arm-none-eabi/lib/thumb/v7-m/nofp\libc.a(lib_a-reent.o)
 .ARM.attributes
                0x0000000000000562       0x2d c:/users/polzovatel/appdata/roaming/gnu mcu eclipse/xpack-arm-none-eabi-gcc-10.2.1-1.1/bin/../lib/gcc/arm-none-eabi/10.2.1/../../../../arm-none-eabi/lib/thumb/v7-m/nofp\libnosys.a(getpid.o)
 .ARM.attributes
                0x000000000000058f       0x2d c:/users/polzovatel/appdata/roaming/gnu mcu eclipse/xpack-arm-none-eabi-gcc-10.2.1-1.1/bin/../lib/gcc/arm-none-eabi/10.2.1/../../../../arm-none-eabi/lib/thumb/v7-m/nofp\libnosys.a(kill.o)
 .ARM.attributes
                0x00000000000005bc       0x2d c:/users/polzovatel/appdata/roaming/gnu mcu eclipse/xpack-arm-none-eabi-gcc-10.2.1-1.1/bin/../lib/gcc/arm-none-eabi/10.2.1/../../../../arm-none-eabi/lib/thumb/v7-m/nofp\libnosys.a(_exit.o)
 .ARM.attributes
                0x00000000000005e9       0x1d c:/users/polzovatel/appdata/roaming/gnu mcu eclipse/xpack-arm-none-eabi-gcc-10.2.1-1.1/bin/../lib/gcc/arm-none-eabi/10.2.1/thumb/v7-m/nofp/crtn.o
OUTPUT(build/ESP8266_Webserver.elf elf32-littlearm)
LOAD linker stubs
LOAD c:/users/polzovatel/appdata/roaming/gnu mcu eclipse/xpack-arm-none-eabi-gcc-10.2.1-1.1/bin/../lib/gcc/arm-none-eabi/10.2.1/../../../../arm-none-eabi/lib/thumb/v7-m/nofp\libc.a
LOAD c:/users/polzovatel/appdata/roaming/gnu mcu eclipse/xpack-arm-none-eabi-gcc-10.2.1-1.1/bin/../lib/gcc/arm-none-eabi/10.2.1/../../../../arm-none-eabi/lib/thumb/v7-m/nofp\libm.a
LOAD c:/users/polzovatel/appdata/roaming/gnu mcu eclipse/xpack-arm-none-eabi-gcc-10.2.1-1.1/bin/../lib/gcc/arm-none-eabi/10.2.1/thumb/v7-m/nofp\libgcc.a

.debug_info     0x0000000000000000    0x11e64
 .debug_info    0x0000000000000000      0xb0d build/stm32f1xx_hal_msp.o
 .debug_info    0x0000000000000b0d     0x19a2 build/stm32f1xx_hal_uart.o
 .debug_info    0x00000000000024af      0x8ea build/stm32f1xx_hal.o
 .debug_info    0x0000000000002d99      0xb1f build/stm32f1xx_hal_rcc.o
 .debug_info    0x00000000000038b8      0x6f0 build/stm32f1xx_hal_gpio.o
 .debug_info    0x0000000000003fa8      0x8ed build/stm32f1xx_hal_dma.o
 .debug_info    0x0000000000004895      0xe23 build/stm32f1xx_hal_cortex.o
 .debug_info    0x00000000000056b8      0x312 build/system_stm32f1xx.o
 .debug_info    0x00000000000059ca     0x6f5c build/main.o
 .debug_info    0x000000000000c926     0x551c build/stm32f1xx_it.o
 .debug_info    0x0000000000011e42       0x22 build/startup_stm32f103xb.o

.debug_abbrev   0x0000000000000000     0x250d
 .debug_abbrev  0x0000000000000000      0x1dc build/stm32f1xx_hal_msp.o
 .debug_abbrev  0x00000000000001dc      0x2a7 build/stm32f1xx_hal_uart.o
 .debug_abbrev  0x0000000000000483      0x201 build/stm32f1xx_hal.o
 .debug_abbrev  0x0000000000000684      0x29c build/stm32f1xx_hal_rcc.o
 .debug_abbrev  0x0000000000000920      0x228 build/stm32f1xx_hal_gpio.o
 .debug_abbrev  0x0000000000000b48      0x248 build/stm32f1xx_hal_dma.o
 .debug_abbrev  0x0000000000000d90      0x351 build/stm32f1xx_hal_cortex.o
 .debug_abbrev  0x00000000000010e1      0x149 build/system_stm32f1xx.o
 .debug_abbrev  0x000000000000122a      0xb14 build/main.o
 .debug_abbrev  0x0000000000001d3e      0x7bd build/stm32f1xx_it.o
 .debug_abbrev  0x00000000000024fb       0x12 build/startup_stm32f103xb.o

.debug_loc      0x0000000000000000     0x4c91
 .debug_loc     0x0000000000000000      0x129 build/stm32f1xx_hal_msp.o
 .debug_loc     0x0000000000000129     0x1e05 build/stm32f1xx_hal_uart.o
 .debug_loc     0x0000000000001f2e      0x1e1 build/stm32f1xx_hal.o
 .debug_loc     0x000000000000210f      0x728 build/stm32f1xx_hal_rcc.o
 .debug_loc     0x0000000000002837      0x544 build/stm32f1xx_hal_gpio.o
 .debug_loc     0x0000000000002d7b      0x901 build/stm32f1xx_hal_dma.o
 .debug_loc     0x000000000000367c      0x77f build/stm32f1xx_hal_cortex.o
 .debug_loc     0x0000000000003dfb       0xff build/system_stm32f1xx.o
 .debug_loc     0x0000000000003efa      0xd35 build/main.o
 .debug_loc     0x0000000000004c2f       0x62 build/stm32f1xx_it.o

.debug_aranges  0x0000000000000000      0x608
 .debug_aranges
                0x0000000000000000       0x30 build/stm32f1xx_hal_msp.o
 .debug_aranges
                0x0000000000000030      0x1d0 build/stm32f1xx_hal_uart.o
 .debug_aranges
                0x0000000000000200       0xe0 build/stm32f1xx_hal.o
 .debug_aranges
                0x00000000000002e0       0x90 build/stm32f1xx_hal_rcc.o
 .debug_aranges
                0x0000000000000370       0x58 build/stm32f1xx_hal_gpio.o
 .debug_aranges
                0x00000000000003c8       0x80 build/stm32f1xx_hal_dma.o
 .debug_aranges
                0x0000000000000448       0x90 build/stm32f1xx_hal_cortex.o
 .debug_aranges
                0x00000000000004d8       0x28 build/system_stm32f1xx.o
 .debug_aranges
                0x0000000000000500       0x78 build/main.o
 .debug_aranges
                0x0000000000000578       0x68 build/stm32f1xx_it.o
 .debug_aranges
                0x00000000000005e0       0x28 build/startup_stm32f103xb.o

.debug_ranges   0x0000000000000000      0x6f0
 .debug_ranges  0x0000000000000000       0x20 build/stm32f1xx_hal_msp.o
 .debug_ranges  0x0000000000000020      0x1c0 build/stm32f1xx_hal_uart.o
 .debug_ranges  0x00000000000001e0       0xd0 build/stm32f1xx_hal.o
 .debug_ranges  0x00000000000002b0       0xa0 build/stm32f1xx_hal_rcc.o
 .debug_ranges  0x0000000000000350       0x48 build/stm32f1xx_hal_gpio.o
 .debug_ranges  0x0000000000000398       0x70 build/stm32f1xx_hal_dma.o
 .debug_ranges  0x0000000000000408       0xe0 build/stm32f1xx_hal_cortex.o
 .debug_ranges  0x00000000000004e8       0x18 build/system_stm32f1xx.o
 .debug_ranges  0x0000000000000500      0x160 build/main.o
 .debug_ranges  0x0000000000000660       0x70 build/stm32f1xx_it.o
 .debug_ranges  0x00000000000006d0       0x20 build/startup_stm32f103xb.o

.debug_line     0x0000000000000000     0x6256
 .debug_line    0x0000000000000000      0x305 build/stm32f1xx_hal_msp.o
 .debug_line    0x0000000000000305     0x1bea build/stm32f1xx_hal_uart.o
 .debug_line    0x0000000000001eef      0x570 build/stm32f1xx_hal.o
 .debug_line    0x000000000000245f      0xc1a build/stm32f1xx_hal_rcc.o
 .debug_line    0x0000000000003079      0x61b build/stm32f1xx_hal_gpio.o
 .debug_line    0x0000000000003694      0xab1 build/stm32f1xx_hal_dma.o
 .debug_line    0x0000000000004145      0x64b build/stm32f1xx_hal_cortex.o
 .debug_line    0x0000000000004790      0x2b0 build/system_stm32f1xx.o
 .debug_line    0x0000000000004a40      0xe73 build/main.o
 .debug_line    0x00000000000058b3      0x931 build/stm32f1xx_it.o
 .debug_line    0x00000000000061e4       0x72 build/startup_stm32f103xb.o

.debug_str      0x0000000000000000     0x4fc3
 .debug_str     0x0000000000000000      0x8c8 build/stm32f1xx_hal_msp.o
                                        0xa34 (size before relaxing)
 .debug_str     0x00000000000008c8      0x603 build/stm32f1xx_hal_uart.o
                                        0xc3b (size before relaxing)
 .debug_str     0x0000000000000ecb      0x347 build/stm32f1xx_hal.o
                                        0x8f6 (size before relaxing)
 .debug_str     0x0000000000001212      0x307 build/stm32f1xx_hal_rcc.o
                                        0x6d9 (size before relaxing)
 .debug_str     0x0000000000001519      0x149 build/stm32f1xx_hal_gpio.o
                                        0x450 (size before relaxing)
 .debug_str     0x0000000000001662      0x217 build/stm32f1xx_hal_dma.o
                                        0x6be (size before relaxing)
 .debug_str     0x0000000000001879      0x38a build/stm32f1xx_hal_cortex.o
                                        0x8e0 (size before relaxing)
 .debug_str     0x0000000000001c03       0x4f build/system_stm32f1xx.o
                                        0x32b (size before relaxing)
 .debug_str     0x0000000000001c52     0x3291 build/main.o
                                       0x3ef2 (size before relaxing)
 .debug_str     0x0000000000004ee3       0xbc build/stm32f1xx_it.o
                                       0x3310 (size before relaxing)
 .debug_str     0x0000000000004f9f       0x24 build/startup_stm32f103xb.o
                                         0x3d (size before relaxing)

.comment        0x0000000000000000       0x44
 .comment       0x0000000000000000       0x44 build/stm32f1xx_hal_msp.o
                                         0x45 (size before relaxing)
 .comment       0x0000000000000044       0x45 build/stm32f1xx_hal_uart.o
 .comment       0x0000000000000044       0x45 build/stm32f1xx_hal.o
 .comment       0x0000000000000044       0x45 build/stm32f1xx_hal_rcc.o
 .comment       0x0000000000000044       0x45 build/stm32f1xx_hal_gpio.o
 .comment       0x0000000000000044       0x45 build/stm32f1xx_hal_dma.o
 .comment       0x0000000000000044       0x45 build/stm32f1xx_hal_cortex.o
 .comment       0x0000000000000044       0x45 build/system_stm32f1xx.o
 .comment       0x0000000000000044       0x45 build/main.o
 .comment       0x0000000000000044       0x45 build/stm32f1xx_it.o

.debug_frame    0x0000000000000000     0x1684
 .debug_frame   0x0000000000000000       0x64 build/stm32f1xx_hal_msp.o
 .debug_frame   0x0000000000000064      0x4e8 build/stm32f1xx_hal_uart.o
 .debug_frame   0x000000000000054c      0x1cc build/stm32f1xx_hal.o
 .debug_frame   0x0000000000000718      0x190 build/stm32f1xx_hal_rcc.o
 .debug_frame   0x00000000000008a8       0xe4 build/stm32f1xx_hal_gpio.o
 .debug_frame   0x000000000000098c      0x144 build/stm32f1xx_hal_dma.o
 .debug_frame   0x0000000000000ad0      0x118 build/stm32f1xx_hal_cortex.o
 .debug_frame   0x0000000000000be8       0x30 build/system_stm32f1xx.o
 .debug_frame   0x0000000000000c18      0x144 build/main.o
 .debug_frame   0x0000000000000d5c       0xc0 build/stm32f1xx_it.o
 .debug_frame   0x0000000000000e1c       0x20 c:/users/polzovatel/appdata/roaming/gnu mcu eclipse/xpack-arm-none-eabi-gcc-10.2.1-1.1/bin/../lib/gcc/arm-none-eabi/10.2.1/../../../../arm-none-eabi/lib/thumb/v7-m/nofp\libstdc++.a(atexit_arm.o)
 .debug_frame   0x0000000000000e3c       0x2c c:/users/polzovatel/appdata/roaming/gnu mcu eclipse/xpack-arm-none-eabi-gcc-10.2.1-1.1/bin/../lib/gcc/arm-none-eabi/10.2.1/../../../../arm-none-eabi/lib/thumb/v7-m/nofp\libc.a(lib_a-cxa_atexit.o)
 .debug_frame   0x0000000000000e68       0x2c c:/users/polzovatel/appdata/roaming/gnu mcu eclipse/xpack-arm-none-eabi-gcc-10.2.1-1.1/bin/../lib/gcc/arm-none-eabi/10.2.1/../../../../arm-none-eabi/lib/thumb/v7-m/nofp\libc.a(lib_a-init.o)
 .debug_frame   0x0000000000000e94       0x2c c:/users/polzovatel/appdata/roaming/gnu mcu eclipse/xpack-arm-none-eabi-gcc-10.2.1-1.1/bin/../lib/gcc/arm-none-eabi/10.2.1/../../../../arm-none-eabi/lib/thumb/v7-m/nofp\libc.a(lib_a-memset.o)
 .debug_frame   0x0000000000000ec0       0x20 c:/users/polzovatel/appdata/roaming/gnu mcu eclipse/xpack-arm-none-eabi-gcc-10.2.1-1.1/bin/../lib/gcc/arm-none-eabi/10.2.1/../../../../arm-none-eabi/lib/thumb/v7-m/nofp\libc.a(lib_a-strlen-stub.o)
 .debug_frame   0x0000000000000ee0       0x34 c:/users/polzovatel/appdata/roaming/gnu mcu eclipse/xpack-arm-none-eabi-gcc-10.2.1-1.1/bin/../lib/gcc/arm-none-eabi/10.2.1/../../../../arm-none-eabi/lib/thumb/v7-m/nofp\libc.a(lib_a-__atexit.o)
 .debug_frame   0x0000000000000f14       0x5c c:/users/polzovatel/appdata/roaming/gnu mcu eclipse/xpack-arm-none-eabi-gcc-10.2.1-1.1/bin/../lib/gcc/arm-none-eabi/10.2.1/../../../../arm-none-eabi/lib/thumb/v7-m/nofp\libc.a(lib_a-__call_atexit.o)
 .debug_frame   0x0000000000000f70       0x34 c:/users/polzovatel/appdata/roaming/gnu mcu eclipse/xpack-arm-none-eabi-gcc-10.2.1-1.1/bin/../lib/gcc/arm-none-eabi/10.2.1/../../../../arm-none-eabi/lib/thumb/v7-m/nofp\libc.a(lib_a-fini.o)
 .debug_frame   0x0000000000000fa4       0xb0 c:/users/polzovatel/appdata/roaming/gnu mcu eclipse/xpack-arm-none-eabi-gcc-10.2.1-1.1/bin/../lib/gcc/arm-none-eabi/10.2.1/../../../../arm-none-eabi/lib/thumb/v7-m/nofp\libc.a(lib_a-lock.o)
 .debug_frame   0x0000000000001054       0x20 c:/users/polzovatel/appdata/roaming/gnu mcu eclipse/xpack-arm-none-eabi-gcc-10.2.1-1.1/bin/../lib/gcc/arm-none-eabi/10.2.1/../../../../arm-none-eabi/lib/thumb/v7-m/nofp\libc.a(lib_a-atexit.o)
 .debug_frame   0x0000000000001074      0x2e0 c:/users/polzovatel/appdata/roaming/gnu mcu eclipse/xpack-arm-none-eabi-gcc-10.2.1-1.1/bin/../lib/gcc/arm-none-eabi/10.2.1/thumb/v7-m/nofp\libgcc.a(unwind-arm.o)
 .debug_frame   0x0000000000001354       0xf4 c:/users/polzovatel/appdata/roaming/gnu mcu eclipse/xpack-arm-none-eabi-gcc-10.2.1-1.1/bin/../lib/gcc/arm-none-eabi/10.2.1/thumb/v7-m/nofp\libgcc.a(pr-support.o)
 .debug_frame   0x0000000000001448       0x28 c:/users/polzovatel/appdata/roaming/gnu mcu eclipse/xpack-arm-none-eabi-gcc-10.2.1-1.1/bin/../lib/gcc/arm-none-eabi/10.2.1/../../../../arm-none-eabi/lib/thumb/v7-m/nofp\libc.a(lib_a-abort.o)
 .debug_frame   0x0000000000001470      0x114 c:/users/polzovatel/appdata/roaming/gnu mcu eclipse/xpack-arm-none-eabi-gcc-10.2.1-1.1/bin/../lib/gcc/arm-none-eabi/10.2.1/../../../../arm-none-eabi/lib/thumb/v7-m/nofp\libc.a(lib_a-signal.o)
 .debug_frame   0x0000000000001584       0x3c c:/users/polzovatel/appdata/roaming/gnu mcu eclipse/xpack-arm-none-eabi-gcc-10.2.1-1.1/bin/../lib/gcc/arm-none-eabi/10.2.1/../../../../arm-none-eabi/lib/thumb/v7-m/nofp\libc.a(lib_a-signalr.o)
 .debug_frame   0x00000000000015c0       0x64 c:/users/polzovatel/appdata/roaming/gnu mcu eclipse/xpack-arm-none-eabi-gcc-10.2.1-1.1/bin/../lib/gcc/arm-none-eabi/10.2.1/../../../../arm-none-eabi/lib/thumb/v7-m/nofp\libc.a(lib_a-reent.o)
 .debug_frame   0x0000000000001624       0x20 c:/users/polzovatel/appdata/roaming/gnu mcu eclipse/xpack-arm-none-eabi-gcc-10.2.1-1.1/bin/../lib/gcc/arm-none-eabi/10.2.1/../../../../arm-none-eabi/lib/thumb/v7-m/nofp\libnosys.a(getpid.o)
 .debug_frame   0x0000000000001644       0x20 c:/users/polzovatel/appdata/roaming/gnu mcu eclipse/xpack-arm-none-eabi-gcc-10.2.1-1.1/bin/../lib/gcc/arm-none-eabi/10.2.1/../../../../arm-none-eabi/lib/thumb/v7-m/nofp\libnosys.a(kill.o)
 .debug_frame   0x0000000000001664       0x20 c:/users/polzovatel/appdata/roaming/gnu mcu eclipse/xpack-arm-none-eabi-gcc-10.2.1-1.1/bin/../lib/gcc/arm-none-eabi/10.2.1/../../../../arm-none-eabi/lib/thumb/v7-m/nofp\libnosys.a(_exit.o)

.stab           0x0000000000000000       0x3c
 .stab          0x0000000000000000       0x24 c:/users/polzovatel/appdata/roaming/gnu mcu eclipse/xpack-arm-none-eabi-gcc-10.2.1-1.1/bin/../lib/gcc/arm-none-eabi/10.2.1/../../../../arm-none-eabi/lib/thumb/v7-m/nofp\libnosys.a(getpid.o)
 .stab          0x0000000000000024       0x18 c:/users/polzovatel/appdata/roaming/gnu mcu eclipse/xpack-arm-none-eabi-gcc-10.2.1-1.1/bin/../lib/gcc/arm-none-eabi/10.2.1/../../../../arm-none-eabi/lib/thumb/v7-m/nofp\libnosys.a(kill.o)
                                         0x24 (size before relaxing)

.stabstr        0x0000000000000000       0x76
 .stabstr       0x0000000000000000       0x76 c:/users/polzovatel/appdata/roaming/gnu mcu eclipse/xpack-arm-none-eabi-gcc-10.2.1-1.1/bin/../lib/gcc/arm-none-eabi/10.2.1/../../../../arm-none-eabi/lib/thumb/v7-m/nofp\libnosys.a(getpid.o)

Cross Reference Table

Symbol                                            File
ADC1_2_IRQHandler                                 build/startup_stm32f103xb.o
AHBPrescTable                                     build/system_stm32f1xx.o
                                                  build/stm32f1xx_hal_rcc.o
APBPrescTable                                     build/system_stm32f1xx.o
                                                  build/stm32f1xx_hal_rcc.o
BusFault_Handler                                  build/stm32f1xx_it.o
CAN1_RX1_IRQHandler                               build/startup_stm32f103xb.o
CAN1_SCE_IRQHandler                               build/startup_stm32f103xb.o
DMA1_Channel1_IRQHandler                          build/startup_stm32f103xb.o
DMA1_Channel2_IRQHandler                          build/startup_stm32f103xb.o
DMA1_Channel3_IRQHandler                          build/startup_stm32f103xb.o
DMA1_Channel4_IRQHandler                          build/startup_stm32f103xb.o
DMA1_Channel5_IRQHandler                          build/startup_stm32f103xb.o
DMA1_Channel6_IRQHandler                          build/startup_stm32f103xb.o
DMA1_Channel7_IRQHandler                          build/startup_stm32f103xb.o
DebugMon_Handler                                  build/stm32f1xx_it.o
Default_Handler                                   build/startup_stm32f103xb.o
ESP                                               build/main.o
                                                  build/stm32f1xx_it.o
EXTI0_IRQHandler                                  build/startup_stm32f103xb.o
EXTI15_10_IRQHandler                              build/startup_stm32f103xb.o
EXTI1_IRQHandler                                  build/startup_stm32f103xb.o
EXTI2_IRQHandler                                  build/startup_stm32f103xb.o
EXTI3_IRQHandler                                  build/startup_stm32f103xb.o
EXTI4_IRQHandler                                  build/startup_stm32f103xb.o
EXTI9_5_IRQHandler                                build/startup_stm32f103xb.o
Error_Handler                                     build/main.o
FLASH_IRQHandler                                  build/startup_stm32f103xb.o
FLASH_PageErase(unsigned long)                    build/stm32f1xx_hal_flash_ex.o
                                                  build/stm32f1xx_hal_flash.o
FLASH_WaitForLastOperation                        build/stm32f1xx_hal_flash.o
                                                  build/stm32f1xx_hal_flash_ex.o
HAL_DBGMCU_DisableDBGSleepMode                    build/stm32f1xx_hal.o
HAL_DBGMCU_DisableDBGStandbyMode                  build/stm32f1xx_hal.o
HAL_DBGMCU_DisableDBGStopMode                     build/stm32f1xx_hal.o
HAL_DBGMCU_EnableDBGSleepMode                     build/stm32f1xx_hal.o
HAL_DBGMCU_EnableDBGStandbyMode                   build/stm32f1xx_hal.o
HAL_DBGMCU_EnableDBGStopMode                      build/stm32f1xx_hal.o
HAL_DMA_Abort                                     build/stm32f1xx_hal_dma.o
                                                  build/stm32f1xx_hal_uart.o
HAL_DMA_Abort_IT                                  build/stm32f1xx_hal_dma.o
                                                  build/stm32f1xx_hal_uart.o
HAL_DMA_DeInit                                    build/stm32f1xx_hal_dma.o
HAL_DMA_GetError                                  build/stm32f1xx_hal_dma.o
                                                  build/stm32f1xx_hal_uart.o
HAL_DMA_GetState                                  build/stm32f1xx_hal_dma.o
HAL_DMA_IRQHandler                                build/stm32f1xx_hal_dma.o
HAL_DMA_Init                                      build/stm32f1xx_hal_dma.o
HAL_DMA_PollForTransfer                           build/stm32f1xx_hal_dma.o
HAL_DMA_RegisterCallback                          build/stm32f1xx_hal_dma.o
HAL_DMA_Start                                     build/stm32f1xx_hal_dma.o
HAL_DMA_Start_IT                                  build/stm32f1xx_hal_dma.o
                                                  build/stm32f1xx_hal_uart.o
HAL_DMA_UnRegisterCallback                        build/stm32f1xx_hal_dma.o
HAL_DeInit                                        build/stm32f1xx_hal.o
HAL_Delay                                         build/stm32f1xx_hal.o
                                                  build/main.o
HAL_EXTI_ClearConfigLine                          build/stm32f1xx_hal_exti.o
HAL_EXTI_ClearPending                             build/stm32f1xx_hal_exti.o
HAL_EXTI_GenerateSWI                              build/stm32f1xx_hal_exti.o
HAL_EXTI_GetConfigLine                            build/stm32f1xx_hal_exti.o
HAL_EXTI_GetHandle                                build/stm32f1xx_hal_exti.o
HAL_EXTI_GetPending                               build/stm32f1xx_hal_exti.o
HAL_EXTI_IRQHandler                               build/stm32f1xx_hal_exti.o
HAL_EXTI_RegisterCallback                         build/stm32f1xx_hal_exti.o
HAL_EXTI_SetConfigLine                            build/stm32f1xx_hal_exti.o
HAL_FLASHEx_Erase                                 build/stm32f1xx_hal_flash_ex.o
HAL_FLASHEx_Erase_IT                              build/stm32f1xx_hal_flash_ex.o
HAL_FLASHEx_OBErase                               build/stm32f1xx_hal_flash_ex.o
HAL_FLASHEx_OBGetConfig                           build/stm32f1xx_hal_flash_ex.o
HAL_FLASHEx_OBGetUserData                         build/stm32f1xx_hal_flash_ex.o
HAL_FLASHEx_OBProgram                             build/stm32f1xx_hal_flash_ex.o
HAL_FLASH_EndOfOperationCallback                  build/stm32f1xx_hal_flash.o
HAL_FLASH_GetError                                build/stm32f1xx_hal_flash.o
HAL_FLASH_IRQHandler                              build/stm32f1xx_hal_flash.o
HAL_FLASH_Lock                                    build/stm32f1xx_hal_flash.o
HAL_FLASH_OB_Launch                               build/stm32f1xx_hal_flash.o
HAL_FLASH_OB_Lock                                 build/stm32f1xx_hal_flash.o
HAL_FLASH_OB_Unlock                               build/stm32f1xx_hal_flash.o
HAL_FLASH_OperationErrorCallback                  build/stm32f1xx_hal_flash.o
HAL_FLASH_Program                                 build/stm32f1xx_hal_flash.o
HAL_FLASH_Program_IT                              build/stm32f1xx_hal_flash.o
HAL_FLASH_Unlock                                  build/stm32f1xx_hal_flash.o
HAL_GPIOEx_ConfigEventout                         build/stm32f1xx_hal_gpio_ex.o
HAL_GPIOEx_DisableEventout                        build/stm32f1xx_hal_gpio_ex.o
HAL_GPIOEx_EnableEventout                         build/stm32f1xx_hal_gpio_ex.o
HAL_GPIO_DeInit                                   build/stm32f1xx_hal_gpio.o
                                                  build/stm32f1xx_hal_msp.o
HAL_GPIO_EXTI_Callback                            build/stm32f1xx_hal_gpio.o
HAL_GPIO_EXTI_IRQHandler                          build/stm32f1xx_hal_gpio.o
HAL_GPIO_Init                                     build/stm32f1xx_hal_gpio.o
                                                  build/main.o
                                                  build/stm32f1xx_hal_rcc.o
                                                  build/stm32f1xx_hal_msp.o
HAL_GPIO_LockPin                                  build/stm32f1xx_hal_gpio.o
HAL_GPIO_ReadPin                                  build/stm32f1xx_hal_gpio.o
HAL_GPIO_TogglePin                                build/stm32f1xx_hal_gpio.o
HAL_GPIO_WritePin                                 build/stm32f1xx_hal_gpio.o
                                                  build/main.o
HAL_GetDEVID                                      build/stm32f1xx_hal.o
HAL_GetHalVersion                                 build/stm32f1xx_hal.o
HAL_GetREVID                                      build/stm32f1xx_hal.o
HAL_GetTick                                       build/stm32f1xx_hal.o
                                                  build/stm32f1xx_hal_flash.o
                                                  build/stm32f1xx_hal_dma.o
                                                  build/stm32f1xx_hal_rcc_ex.o
                                                  build/stm32f1xx_hal_rcc.o
                                                  build/stm32f1xx_hal_uart.o
HAL_GetTickFreq                                   build/stm32f1xx_hal.o
HAL_GetTickPrio                                   build/stm32f1xx_hal.o
HAL_GetUIDw0                                      build/stm32f1xx_hal.o
HAL_GetUIDw1                                      build/stm32f1xx_hal.o
HAL_GetUIDw2                                      build/stm32f1xx_hal.o
HAL_HalfDuplex_EnableReceiver                     build/stm32f1xx_hal_uart.o
HAL_HalfDuplex_EnableTransmitter                  build/stm32f1xx_hal_uart.o
HAL_HalfDuplex_Init                               build/stm32f1xx_hal_uart.o
HAL_IncTick                                       build/stm32f1xx_hal.o
                                                  build/stm32f1xx_it.o
HAL_Init                                          build/stm32f1xx_hal.o
                                                  build/main.o
HAL_InitTick                                      build/stm32f1xx_hal.o
                                                  build/stm32f1xx_hal_rcc.o
HAL_LIN_Init                                      build/stm32f1xx_hal_uart.o
HAL_LIN_SendBreak                                 build/stm32f1xx_hal_uart.o
HAL_MspDeInit                                     build/stm32f1xx_hal.o
HAL_MspInit                                       build/stm32f1xx_hal_msp.o
HAL_MultiProcessor_EnterMuteMode                  build/stm32f1xx_hal_uart.o
HAL_MultiProcessor_ExitMuteMode                   build/stm32f1xx_hal_uart.o
HAL_MultiProcessor_Init                           build/stm32f1xx_hal_uart.o
HAL_NVIC_ClearPendingIRQ                          build/stm32f1xx_hal_cortex.o
HAL_NVIC_DisableIRQ                               build/stm32f1xx_hal_cortex.o
                                                  build/stm32f1xx_hal_msp.o